Component: ARM Compiler 5.06 (build 20) Tool: armlink [4d35a3]

==============================================================================

Section Cross References

    main.o(.text) refers to stm32f4xx_rcc.o(.text) for RCC_AHB1PeriphClockCmd
    main.o(.text) refers to stm32f4xx_gpio.o(.text) for GPIO_Init
    main.o(.text) refers to printfa.o(i.__0printf) for __2printf
    main.o(.text) refers to rt_cmsis.o(i.osDelay) for osDelay
    main.o(.text) refers to rt_cmsis.o(i.osKernelInitialize) for osKernelInitialize
    main.o(.text) refers to rt_cmsis.o(i.osThreadCreate) for osThreadCreate
    main.o(.text) refers to rt_cmsis.o(i.osKernelStart) for osKernelStart
    main.o(.text) refers to stm32f4xx_exti.o(.text) for EXTI_ClearITPendingBit
    main.o(.text) refers to rt_cmsis.o(i.osSignalSet) for osSignalSet
    main.o(.text) refers to stm32f4xx_tim.o(.text) for TIM_ClearITPendingBit
    main.o(.text) refers to main.o(.constdata) for os_thread_def_temp_thread
    main.o(.text) refers to main.o(.data) for Temp_thread
    main.o(.constdata) refers to main.o(.text) for Blinky
    main.o(.constdata) refers to temp_controller.o(.text) for temp_thread
    main.o(.constdata) refers to acc_controller.o(.text) for acc_thread
    main.o(.constdata) refers to gyro_controller.o(.text) for gyro_thread
    main.o(.constdata) refers to display_controller.o(.text) for display_controller_thread
    main.o(.constdata) refers to keypad.o(.text) for keypad_thread
    acc_controller.o(.text) refers to initialization.o(.text) for acc_init
    acc_controller.o(.text) refers to movingaveragefilter.o(.text) for initializeFilter
    acc_controller.o(.text) refers to program.o(.text) for delay
    acc_controller.o(.text) refers to rt_cmsis.o(i.osSignalWait) for osSignalWait
    acc_controller.o(.text) refers to lsm9ds1.o(.text) for LSM9DS1_ReadGYRO
    acc_controller.o(.text) refers to rt_cmsis.o(i.osPoolAlloc) for osPoolAlloc
    acc_controller.o(.text) refers to rt_cmsis.o(i.osMessagePut) for osMessagePut
    acc_controller.o(.text) refers to f2d.o(.text) for __aeabi_f2d
    acc_controller.o(.text) refers to printfa.o(i.__0printf) for __2printf
    acc_controller.o(.text) refers to acc_controller.o(.data) for interrupt_EXTI0
    acc_controller.o(.text) refers to display_controller.o(.data) for acc_mpool
    temp_controller.o(.text) refers to initialization.o(.text) for temp_init
    temp_controller.o(.text) refers to movingaveragefilter.o(.text) for initializeFilter
    temp_controller.o(.text) refers to rt_cmsis.o(i.osSignalWait) for osSignalWait
    temp_controller.o(.text) refers to stm32f4xx_adc.o(.text) for ADC_RegularChannelConfig
    temp_controller.o(.text) refers to f2d.o(.text) for __aeabi_f2d
    temp_controller.o(.text) refers to ddiv.o(.text) for __aeabi_ddiv
    temp_controller.o(.text) refers to d2f.o(.text) for __aeabi_d2f
    temp_controller.o(.text) refers to dflti.o(.text) for __aeabi_i2d
    temp_controller.o(.text) refers to rt_cmsis.o(i.osMessagePut) for osMessagePut
    temp_controller.o(.text) refers to display_controller.o(.data) for temp_mqueue
    temp_controller.o(.text) refers to temp_controller.o(.data) for interrupt_TIM2
    program.o(.text) refers to f2d.o(.text) for __aeabi_f2d
    program.o(.text) refers to sqrt.o(i.__hardfp_sqrt) for __hardfp_sqrt
    program.o(.text) refers to atan2.o(i.__hardfp_atan2) for __hardfp_atan2
    program.o(.text) refers to d2f.o(.text) for __aeabi_d2f
    program.o(.text) refers to ddiv.o(.text) for __aeabi_ddiv
    initialization.o(.text) refers to lsm9ds1.o(.text) for LSM9DS1_Acc_Init
    initialization.o(.text) refers to stm32f4xx_rcc.o(.text) for RCC_APB2PeriphClockCmd
    initialization.o(.text) refers to stm32f4xx_gpio.o(.text) for GPIO_Init
    initialization.o(.text) refers to stm32f4xx_exti.o(.text) for EXTI_Init
    initialization.o(.text) refers to stm32f4xx_syscfg.o(.text) for SYSCFG_EXTILineConfig
    initialization.o(.text) refers to misc.o(.text) for NVIC_Init
    initialization.o(.text) refers to stm32f4xx_adc.o(.text) for ADC_DeInit
    initialization.o(.text) refers to stm32f4xx_tim.o(.text) for TIM_TimeBaseInit
    initialization.o(.text) refers to f2d.o(.text) for __aeabi_f2d
    initialization.o(.text) refers to dadd.o(.text) for __aeabi_dadd
    initialization.o(.text) refers to d2f.o(.text) for __aeabi_d2f
    keypad.o(.text) refers to stm32f4xx_gpio.o(.text) for GPIO_ReadInputDataBit
    keypad.o(.text) refers to initialization.o(.text) for alpha_num_kp_init
    keypad.o(.text) refers to rt_cmsis.o(i.osMessagePut) for osMessagePut
    keypad.o(.text) refers to program.o(.text) for delay
    keypad.o(.text) refers to keypad.o(.data) for keypadArray
    keypad.o(.text) refers to display_controller.o(.data) for kp_mqueue
    segmentdisplay.o(.text) refers to stm32f4xx_gpio.o(.text) for GPIO_ResetBits
    segmentdisplay.o(.text) refers to segmentdisplay.o(.data) for tick
[...]
    _printf_charcount                        0x00000000   Number         0  stubs.o ABSOLUTE
    _printf_d                                0x00000000   Number         0  stubs.o ABSOLUTE
    _printf_e                                0x00000000   Number         0  stubs.o ABSOLUTE
    _printf_f                                0x00000000   Number         0  stubs.o ABSOLUTE
    _printf_flags                            0x00000000   Number         0  stubs.o ABSOLUTE
    _printf_fp_dec                           0x00000000   Number         0  stubs.o ABSOLUTE
    _printf_fp_hex                           0x00000000   Number         0  stubs.o ABSOLUTE
    _printf_g                                0x00000000   Number         0  stubs.o ABSOLUTE
    _printf_i                                0x00000000   Number         0  stubs.o ABSOLUTE
    _printf_int_dec                          0x00000000   Number         0  stubs.o ABSOLUTE
    _printf_l                                0x00000000   Number         0  stubs.o ABSOLUTE
    _printf_lc                               0x00000000   Number         0  stubs.o ABSOLUTE
    _printf_ll                               0x00000000   Number         0  stubs.o ABSOLUTE
    _printf_lld                              0x00000000   Number         0  stubs.o ABSOLUTE
    _printf_lli                              0x00000000   Number         0  stubs.o ABSOLUTE
    _printf_llo                              0x00000000   Number         0  stubs.o ABSOLUTE
    _printf_llu                              0x00000000   Number         0  stubs.o ABSOLUTE
    _printf_llx                              0x00000000   Number         0  stubs.o ABSOLUTE
    _printf_longlong_dec                     0x00000000   Number         0  stubs.o ABSOLUTE
    _printf_longlong_hex                     0x00000000   Number         0  stubs.o ABSOLUTE
    _printf_longlong_oct                     0x00000000   Number         0  stubs.o ABSOLUTE
    _printf_ls                               0x00000000   Number         0  stubs.o ABSOLUTE
    _printf_mbtowc                           0x00000000   Number         0  stubs.o ABSOLUTE
    _printf_n                                0x00000000   Number         0  stubs.o ABSOLUTE
    _printf_o                                0x00000000   Number         0  stubs.o ABSOLUTE
    _printf_p                                0x00000000   Number         0  stubs.o ABSOLUTE
    _printf_percent                          0x00000000   Number         0  stubs.o ABSOLUTE
    _printf_pre_padding                      0x00000000   Number         0  stubs.o ABSOLUTE
    _printf_return_value                     0x00000000   Number         0  stubs.o ABSOLUTE
    _printf_s                                0x00000000   Number         0  stubs.o ABSOLUTE
    _printf_sizespec                         0x00000000   Number         0  stubs.o ABSOLUTE
    _printf_str                              0x00000000   Number         0  stubs.o ABSOLUTE
    _printf_truncate_signed                  0x00000000   Number         0  stubs.o ABSOLUTE
    _printf_truncate_unsigned                0x00000000   Number         0  stubs.o ABSOLUTE
    _printf_u                                0x00000000   Number         0  stubs.o ABSOLUTE
    _printf_wc                               0x00000000   Number         0  stubs.o ABSOLUTE
    _printf_wctomb                           0x00000000   Number         0  stubs.o ABSOLUTE
    _printf_widthprec                        0x00000000   Number         0  stubs.o ABSOLUTE
    _printf_x                                0x00000000   Number         0  stubs.o ABSOLUTE
    __cpp_initialize__aeabi_                  - Undefined Weak Reference
    __cxa_finalize                            - Undefined Weak Reference
    __decompress                              - Undefined Weak Reference
    _clock_init                               - Undefined Weak Reference
    _microlib_exit                            - Undefined Weak Reference
    __Vectors_Size                           0x00000188   Number         0  startup_stm32f40_41xxx.o ABSOLUTE
    __RL_RTX_VER                             0x00000479   Number         0  rt_system.o ABSOLUTE
    __Vectors                                0x08000000   Data           4  startup_stm32f40_41xxx.o(RESET)
    __Vectors_End                            0x08000188   Data           0  startup_stm32f40_41xxx.o(RESET)
    __main                                   0x08000189   Thumb Code     0  entry.o(.ARM.Collect$$$$00000000)
    _main_stk                                0x08000189   Thumb Code     0  entry2.o(.ARM.Collect$$$$00000001)
    _main_scatterload                        0x0800018d   Thumb Code     0  entry5.o(.ARM.Collect$$$$00000004)
    __main_after_scatterload                 0x08000191   Thumb Code     0  entry5.o(.ARM.Collect$$$$00000004)
    __rt_final_cpp                           0x08000191   Thumb Code     0  entry10a.o(.ARM.Collect$$$$0000000D)
    __rt_final_exit                          0x08000191   Thumb Code     0  entry11a.o(.ARM.Collect$$$$0000000F)
    _main_clock                              0x08000191   Thumb Code     0  entry7b.o(.ARM.Collect$$$$00000008)
    _main_cpp_init                           0x08000191   Thumb Code     0  entry8b.o(.ARM.Collect$$$$0000000A)
    _main_init                               0x08000191   Thumb Code    18  rtx_conf_cm.o(.ARM.Collect$$$$000000FF)
    rt_set_PSP                               0x080001ad   Thumb Code     6  hal_cm4.o(.emb_text)
    rt_get_PSP                               0x080001b3   Thumb Code     6  hal_cm4.o(.emb_text)
    os_set_env                               0x080001b9   Thumb Code    24  hal_cm4.o(.emb_text)
    _alloc_box                               0x080001d5   Thumb Code    28  hal_cm4.o(.emb_text)
    _free_box                                0x080001f5   Thumb Code    28  hal_cm4.o(.emb_text)
    SVC_Handler                              0x08000215   Thumb Code   168  hal_cm4.o(.emb_text)
    PendSV_Handler                           0x080002cd   Thumb Code    96  hal_cm4.o(.emb_text)
    SysTick_Handler                          0x08000331   Thumb Code     8  hal_cm4.o(.emb_text)
    OS_Tick_Handler                          0x08000339   Thumb Code    12  hal_cm4.o(.emb_text)
    Blinky_GPIO_Init                         0x08000345   Thumb Code    50  main.o(.text)
    Blinky                                   0x08000377   Thumb Code    26  main.o(.text)
    main                                     0x08000391   Thumb Code    78  main.o(.text)
    EXTI0_IRQHandler                         0x080003df   Thumb Code    20  main.o(.text)
    EXTI1_IRQHandler                         0x080003f3   Thumb Code    20  main.o(.text)
    TIM2_IRQHandler                          0x08000407   Thumb Code    22  main.o(.text)
    TIM3_IRQHandler                          0x0800041d   Thumb Code    22  main.o(.text)
    fputc                                    0x08000475   Thumb Code    52  fputc_debug.o(.text)
    acc_thread                               0x080004ad   Thumb Code   324  acc_controller.o(.text)
    setInterrupt_EXTI0                       0x080005f1   Thumb Code     8  acc_controller.o(.text)
    temp_thread                              0x08000619   Thumb Code   312  temp_controller.o(.text)
    setInterruptTIM2                         0x08000751   Thumb Code     8  temp_controller.o(.text)
    delay                                    0x0800077d   Thumb Code    12  program.o(.text)
    calculatePitch                           0x08000789   Thumb Code   126  program.o(.text)
    calculateRoll                            0x08000807   Thumb Code   126  program.o(.text)
    convertToDegrees                         0x08000885   Thumb Code    62  program.o(.text)
    acc_init                                 0x080008d1   Thumb Code   180  initialization.o(.text)
    gyro_init                                0x08000985   Thumb Code   160  initialization.o(.text)
    temp_init                                0x08000a25   Thumb Code   224  initialization.o(.text)
    seg_7_display_init                       0x08000b05   Thumb Code   148  initialization.o(.text)
    alpha_num_kp_init                        0x08000b99   Thumb Code    96  initialization.o(.text)
    offsetAccData                            0x08000bf9   Thumb Code   134  initialization.o(.text)
    board_led_init                           0x08000c7f   Thumb Code    54  initialization.o(.text)
    scanKeypad                               0x08000ce5   Thumb Code    94  keypad.o(.text)
    switchRowToOutput                        0x08000d43   Thumb Code    44  keypad.o(.text)
    switchRowToInput                         0x08000d6f   Thumb Code    46  keypad.o(.text)
    switchColumnToOutput                     0x08000d9d   Thumb Code    46  keypad.o(.text)
    switchColumnToInput                      0x08000dcb   Thumb Code    48  keypad.o(.text)
    scanInputArray                           0x08000dfb   Thumb Code    36  keypad.o(.text)
    getPressedButton                         0x08000e1f   Thumb Code    92  keypad.o(.text)
    keypad_thread                            0x08000e7b   Thumb Code   152  keypad.o(.text)
    initializeFilter                         0x08000f21   Thumb Code    44  movingaveragefilter.o(.text)
    modify_filterState                       0x08000f4d   Thumb Code    86  movingaveragefilter.o(.text)
    displayNothing                           0x08000fad   Thumb Code    80  segmentdisplay.o(.text)
    displayZero                              0x08000ffd   Thumb Code    80  segmentdisplay.o(.text)
    displayOne                               0x0800104d   Thumb Code    80  segmentdisplay.o(.text)
    displayTwo                               0x0800109d   Thumb Code    80  segmentdisplay.o(.text)
    displayThree                             0x080010ed   Thumb Code    80  segmentdisplay.o(.text)
    displayFour                              0x0800113d   Thumb Code    80  segmentdisplay.o(.text)
    displayFive                              0x0800118d   Thumb Code    80  segmentdisplay.o(.text)
    displaySix                               0x080011dd   Thumb Code    80  segmentdisplay.o(.text)
    displaySeven                             0x0800122d   Thumb Code    80  segmentdisplay.o(.text)
    displayEight                             0x0800127d   Thumb Code    80  segmentdisplay.o(.text)
    displayNine                              0x080012cd   Thumb Code    80  segmentdisplay.o(.text)
    displayLine                              0x0800131d   Thumb Code    80  segmentdisplay.o(.text)
    displayDegree                            0x0800136d   Thumb Code    86  segmentdisplay.o(.text)
    selectDigit                              0x080013c3   Thumb Code   160  segmentdisplay.o(.text)
    displayDigit                             0x08001463   Thumb Code    94  segmentdisplay.o(.text)
    displayNumber                            0x080014c1   Thumb Code   200  segmentdisplay.o(.text)
    displayDPAt                              0x08001589   Thumb Code   156  segmentdisplay.o(.text)
    display_thread                           0x08001625   Thumb Code    64  segmentdisplay.o(.text)
    display_controller_thread                0x0800166d   Thumb Code   536  display_controller.o(.text)
    LSM9DS1_TIMEOUT_UserCallback             0x080018c5   Thumb Code     4  lsm9ds1.o(.text)
    LSM9DS1_Write                            0x08001933   Thumb Code    62  lsm9ds1.o(.text)
    LSM9DS1_Acc_Init                         0x08001a9b   Thumb Code    58  lsm9ds1.o(.text)
    LSM9DS1_Gyro_Init                        0x08001ad5   Thumb Code    32  lsm9ds1.o(.text)
    LSM9DS1_Read                             0x08001af5   Thumb Code    70  lsm9ds1.o(.text)
    LSM9DS1_INT_Config                       0x08001b3b   Thumb Code    66  lsm9ds1.o(.text)
    LSM9DS1_LowpowerCmd                      0x08001b7d   Thumb Code    76  lsm9ds1.o(.text)
    LSM9DS1_DataRateCmd                      0x08001bc9   Thumb Code    44  lsm9ds1.o(.text)
    LSM9DS1_FullScaleCmd                     0x08001bf5   Thumb Code    44  lsm9ds1.o(.text)
    LSM9DS1_ReadACC                          0x08001c21   Thumb Code   470  lsm9ds1.o(.text)
    LSM9DS1_ReadGYRO                         0x08001df7   Thumb Code   156  lsm9ds1.o(.text)
    gyro_thread                              0x08001ead   Thumb Code   114  gyro_controller.o(.text)
    setInterrupt_EXTI1                       0x08001f1f   Thumb Code     8  gyro_controller.o(.text)
    os_idle_demon                            0x08001f2d   Thumb Code     4  rtx_conf_cm.o(.text)
    os_error                                 0x08001f31   Thumb Code    26  rtx_conf_cm.o(.text)
    NVIC_PriorityGroupConfig                 0x08001f4d   Thumb Code    10  misc.o(.text)
    NVIC_Init                                0x08001f57   Thumb Code   106  misc.o(.text)
    NVIC_SetVectorTable                      0x08001fc1   Thumb Code    14  misc.o(.text)
    NVIC_SystemLPConfig                      0x08001fcf   Thumb Code    34  misc.o(.text)
    SysTick_CLKSourceConfig                  0x08001ff1   Thumb Code    40  misc.o(.text)
    ADC_DeInit                               0x0800202d   Thumb Code    22  stm32f4xx_adc.o(.text)
    ADC_Init                                 0x08002043   Thumb Code    74  stm32f4xx_adc.o(.text)
    ADC_StructInit                           0x0800208d   Thumb Code    20  stm32f4xx_adc.o(.text)
    ADC_CommonInit                           0x080020a1   Thumb Code    34  stm32f4xx_adc.o(.text)
    ADC_CommonStructInit                     0x080020c3   Thumb Code    12  stm32f4xx_adc.o(.text)
    ADC_Cmd                                  0x080020cf   Thumb Code    22  stm32f4xx_adc.o(.text)
    ADC_AnalogWatchdogCmd                    0x080020e5   Thumb Code    16  stm32f4xx_adc.o(.text)
    ADC_AnalogWatchdogThresholdsConfig       0x080020f5   Thumb Code     6  stm32f4xx_adc.o(.text)
    ADC_AnalogWatchdogSingleChannelConfig    0x080020fb   Thumb Code    16  stm32f4xx_adc.o(.text)
    ADC_TempSensorVrefintCmd                 0x0800210b   Thumb Code    34  stm32f4xx_adc.o(.text)
    ADC_VBATCmd                              0x0800212d   Thumb Code    34  stm32f4xx_adc.o(.text)
    ADC_RegularChannelConfig                 0x0800214f   Thumb Code   184  stm32f4xx_adc.o(.text)
    ADC_SoftwareStartConv                    0x08002207   Thumb Code    10  stm32f4xx_adc.o(.text)
    ADC_GetSoftwareStartConvStatus           0x08002211   Thumb Code    20  stm32f4xx_adc.o(.text)
    ADC_EOCOnEachRegularChannelCmd           0x08002225   Thumb Code    22  stm32f4xx_adc.o(.text)
    ADC_ContinuousModeCmd                    0x0800223b   Thumb Code    22  stm32f4xx_adc.o(.text)
    ADC_DiscModeChannelCountConfig           0x08002251   Thumb Code    24  stm32f4xx_adc.o(.text)
    ADC_DiscModeCmd                          0x08002269   Thumb Code    22  stm32f4xx_adc.o(.text)
    ADC_GetConversionValue                   0x0800227f   Thumb Code     8  stm32f4xx_adc.o(.text)
    ADC_GetMultiModeConversionValue          0x08002287   Thumb Code     8  stm32f4xx_adc.o(.text)
    ADC_DMACmd                               0x0800228f   Thumb Code    22  stm32f4xx_adc.o(.text)
    ADC_DMARequestAfterLastTransferCmd       0x080022a5   Thumb Code    22  stm32f4xx_adc.o(.text)
    ADC_MultiModeDMARequestAfterLastTransferCmd 0x080022bb   Thumb Code    34  stm32f4xx_adc.o(.text)
    ADC_InjectedChannelConfig                0x080022dd   Thumb Code   130  stm32f4xx_adc.o(.text)
    ADC_InjectedSequencerLengthConfig        0x0800235f   Thumb Code    24  stm32f4xx_adc.o(.text)
    ADC_SetInjectedOffset                    0x08002377   Thumb Code    20  stm32f4xx_adc.o(.text)
    ADC_ExternalTrigInjectedConvConfig       0x0800238b   Thumb Code    16  stm32f4xx_adc.o(.text)
    ADC_ExternalTrigInjectedConvEdgeConfig   0x0800239b   Thumb Code    16  stm32f4xx_adc.o(.text)
    ADC_SoftwareStartInjectedConv            0x080023ab   Thumb Code    10  stm32f4xx_adc.o(.text)
    ADC_GetSoftwareStartInjectedConvCmdStatus 0x080023b5   Thumb Code    20  stm32f4xx_adc.o(.text)
    ADC_AutoInjectedConvCmd                  0x080023c9   Thumb Code    22  stm32f4xx_adc.o(.text)
    ADC_InjectedDiscModeCmd                  0x080023df   Thumb Code    22  stm32f4xx_adc.o(.text)
    ADC_GetInjectedConversionValue           0x080023f5   Thumb Code    28  stm32f4xx_adc.o(.text)
    ADC_ITConfig                             0x08002411   Thumb Code    56  stm32f4xx_adc.o(.text)
    ADC_GetFlagStatus                        0x08002449   Thumb Code    18  stm32f4xx_adc.o(.text)
    ADC_ClearFlag                            0x0800245b   Thumb Code     6  stm32f4xx_adc.o(.text)
    ADC_GetITStatus                          0x08002461   Thumb Code    38  stm32f4xx_adc.o(.text)
    ADC_ClearITPendingBit                    0x08002487   Thumb Code    10  stm32f4xx_adc.o(.text)
    EXTI_DeInit                              0x08002491   Thumb Code    28  stm32f4xx_exti.o(.text)
    EXTI_Init                                0x080024ad   Thumb Code   142  stm32f4xx_exti.o(.text)
    EXTI_StructInit                          0x0800253b   Thumb Code    16  stm32f4xx_exti.o(.text)
    EXTI_GenerateSWInterrupt                 0x0800254b   Thumb Code    16  stm32f4xx_exti.o(.text)
    EXTI_GetFlagStatus                       0x0800255b   Thumb Code    22  stm32f4xx_exti.o(.text)
    EXTI_ClearFlag                           0x08002571   Thumb Code     8  stm32f4xx_exti.o(.text)
    EXTI_GetITStatus                         0x08002579   Thumb Code    22  stm32f4xx_exti.o(.text)
    EXTI_ClearITPendingBit                   0x0800258f   Thumb Code     8  stm32f4xx_exti.o(.text)
    GPIO_DeInit                              0x080025a1   Thumb Code   268  stm32f4xx_gpio.o(.text)
    GPIO_Init                                0x080026ad   Thumb Code   144  stm32f4xx_gpio.o(.text)
    GPIO_StructInit                          0x0800273d   Thumb Code    18  stm32f4xx_gpio.o(.text)
    GPIO_PinLockConfig                       0x0800274f   Thumb Code    34  stm32f4xx_gpio.o(.text)
    GPIO_ReadInputDataBit                    0x08002771   Thumb Code    18  stm32f4xx_gpio.o(.text)
    GPIO_ReadInputData                       0x08002783   Thumb Code     8  stm32f4xx_gpio.o(.text)
    GPIO_ReadOutputDataBit                   0x0800278b   Thumb Code    18  stm32f4xx_gpio.o(.text)
    GPIO_ReadOutputData                      0x0800279d   Thumb Code     8  stm32f4xx_gpio.o(.text)
    GPIO_SetBits                             0x080027a5   Thumb Code     4  stm32f4xx_gpio.o(.text)
    GPIO_ResetBits                           0x080027a9   Thumb Code     4  stm32f4xx_gpio.o(.text)
    GPIO_WriteBit                            0x080027ad   Thumb Code    10  stm32f4xx_gpio.o(.text)
    GPIO_Write                               0x080027b7   Thumb Code     4  stm32f4xx_gpio.o(.text)
    GPIO_ToggleBits                          0x080027bb   Thumb Code     8  stm32f4xx_gpio.o(.text)
    GPIO_PinAFConfig                         0x080027c3   Thumb Code    70  stm32f4xx_gpio.o(.text)
    RCC_DeInit                               0x08002835   Thumb Code    82  stm32f4xx_rcc.o(.text)
    RCC_HSEConfig                            0x08002887   Thumb Code    14  stm32f4xx_rcc.o(.text)
    RCC_GetFlagStatus                        0x08002895   Thumb Code    60  stm32f4xx_rcc.o(.text)
    RCC_WaitForHSEStartUp                    0x080028d1   Thumb Code    56  stm32f4xx_rcc.o(.text)
    RCC_AdjustHSICalibrationValue            0x08002909   Thumb Code    20  stm32f4xx_rcc.o(.text)
    RCC_HSICmd                               0x0800291d   Thumb Code     6  stm32f4xx_rcc.o(.text)
    RCC_LSEConfig                            0x08002923   Thumb Code    46  stm32f4xx_rcc.o(.text)
    RCC_LSICmd                               0x08002951   Thumb Code     6  stm32f4xx_rcc.o(.text)
    RCC_PLLConfig                            0x08002957   Thumb Code    32  stm32f4xx_rcc.o(.text)
    RCC_PLLCmd                               0x08002977   Thumb Code     6  stm32f4xx_rcc.o(.text)
    RCC_PLLI2SConfig                         0x0800297d   Thumb Code    14  stm32f4xx_rcc.o(.text)
    RCC_PLLI2SCmd                            0x0800298b   Thumb Code     6  stm32f4xx_rcc.o(.text)
    RCC_PLLSAIConfig                         0x08002991   Thumb Code    20  stm32f4xx_rcc.o(.text)
    RCC_PLLSAICmd                            0x080029a5   Thumb Code     6  stm32f4xx_rcc.o(.text)
    RCC_ClockSecuritySystemCmd               0x080029ab   Thumb Code     6  stm32f4xx_rcc.o(.text)
    RCC_MCO1Config                           0x080029b1   Thumb Code    28  stm32f4xx_rcc.o(.text)
    RCC_MCO2Config                           0x080029cd   Thumb Code    28  stm32f4xx_rcc.o(.text)
    RCC_SYSCLKConfig                         0x080029e9   Thumb Code    20  stm32f4xx_rcc.o(.text)
    RCC_GetSYSCLKSource                      0x080029fd   Thumb Code    12  stm32f4xx_rcc.o(.text)
    RCC_HCLKConfig                           0x08002a09   Thumb Code    20  stm32f4xx_rcc.o(.text)
    RCC_PCLK1Config                          0x08002a1d   Thumb Code    20  stm32f4xx_rcc.o(.text)
    RCC_PCLK2Config                          0x08002a31   Thumb Code    22  stm32f4xx_rcc.o(.text)
    RCC_GetClocksFreq                        0x08002a47   Thumb Code   222  stm32f4xx_rcc.o(.text)
    RCC_RTCCLKConfig                         0x08002b25   Thumb Code    54  stm32f4xx_rcc.o(.text)
    RCC_RTCCLKCmd                            0x08002b5b   Thumb Code     8  stm32f4xx_rcc.o(.text)
    RCC_BackupResetCmd                       0x08002b63   Thumb Code     8  stm32f4xx_rcc.o(.text)
    RCC_I2SCLKConfig                         0x08002b6b   Thumb Code     6  stm32f4xx_rcc.o(.text)
    RCC_SAIPLLI2SClkDivConfig                0x08002b71   Thumb Code    26  stm32f4xx_rcc.o(.text)
    RCC_SAIPLLSAIClkDivConfig                0x08002b8b   Thumb Code    28  stm32f4xx_rcc.o(.text)
    RCC_SAIBlockACLKConfig                   0x08002ba7   Thumb Code    20  stm32f4xx_rcc.o(.text)
    RCC_SAIBlockBCLKConfig                   0x08002bbb   Thumb Code    20  stm32f4xx_rcc.o(.text)
    RCC_LTDCCLKDivConfig                     0x08002bcf   Thumb Code    20  stm32f4xx_rcc.o(.text)
    RCC_TIMCLKPresConfig                     0x08002be3   Thumb Code     6  stm32f4xx_rcc.o(.text)
    RCC_AHB1PeriphClockCmd                   0x08002be9   Thumb Code    34  stm32f4xx_rcc.o(.text)
    RCC_AHB2PeriphClockCmd                   0x08002c0b   Thumb Code    78  stm32f4xx_rcc.o(.text)
    RCC_AHB3PeriphClockCmd                   0x08002c59   Thumb Code    34  stm32f4xx_rcc.o(.text)
    RCC_APB1PeriphClockCmd                   0x08002c7b   Thumb Code    34  stm32f4xx_rcc.o(.text)
    RCC_APB2PeriphClockCmd                   0x08002c9d   Thumb Code    34  stm32f4xx_rcc.o(.text)
    RCC_AHB1PeriphResetCmd                   0x08002cbf   Thumb Code    34  stm32f4xx_rcc.o(.text)
    RCC_AHB2PeriphResetCmd                   0x08002ce1   Thumb Code    34  stm32f4xx_rcc.o(.text)
    RCC_AHB3PeriphResetCmd                   0x08002d03   Thumb Code    34  stm32f4xx_rcc.o(.text)
    RCC_APB1PeriphResetCmd                   0x08002d25   Thumb Code    34  stm32f4xx_rcc.o(.text)
    RCC_APB2PeriphResetCmd                   0x08002d47   Thumb Code    34  stm32f4xx_rcc.o(.text)
    RCC_AHB1PeriphClockLPModeCmd             0x08002d69   Thumb Code    34  stm32f4xx_rcc.o(.text)
    RCC_AHB2PeriphClockLPModeCmd             0x08002d8b   Thumb Code    34  stm32f4xx_rcc.o(.text)
    RCC_AHB3PeriphClockLPModeCmd             0x08002dad   Thumb Code    34  stm32f4xx_rcc.o(.text)
    RCC_APB1PeriphClockLPModeCmd             0x08002dcf   Thumb Code    34  stm32f4xx_rcc.o(.text)
    RCC_APB2PeriphClockLPModeCmd             0x08002df1   Thumb Code    34  stm32f4xx_rcc.o(.text)
    RCC_ITConfig                             0x08002e13   Thumb Code    34  stm32f4xx_rcc.o(.text)
    RCC_ClearFlag                            0x08002e35   Thumb Code    18  stm32f4xx_rcc.o(.text)
    RCC_GetITStatus                          0x08002e47   Thumb Code    22  stm32f4xx_rcc.o(.text)
    RCC_ClearITPendingBit                    0x08002e5d   Thumb Code     8  stm32f4xx_rcc.o(.text)
    SPI_I2S_DeInit                           0x08002e69   Thumb Code   152  stm32f4xx_spi.o(.text)
    SPI_Init                                 0x08002f01   Thumb Code    60  stm32f4xx_spi.o(.text)
    I2S_Init                                 0x08002f3d   Thumb Code   350  stm32f4xx_spi.o(.text)
    SPI_StructInit                           0x0800309b   Thumb Code    24  stm32f4xx_spi.o(.text)
    I2S_StructInit                           0x080030b3   Thumb Code    20  stm32f4xx_spi.o(.text)
    SPI_Cmd                                  0x080030c7   Thumb Code    24  stm32f4xx_spi.o(.text)
    I2S_Cmd                                  0x080030df   Thumb Code    24  stm32f4xx_spi.o(.text)
    SPI_DataSizeConfig                       0x080030f7   Thumb Code    18  stm32f4xx_spi.o(.text)
    SPI_BiDirectionalLineConfig              0x08003109   Thumb Code    28  stm32f4xx_spi.o(.text)
    SPI_NSSInternalSoftwareConfig            0x08003125   Thumb Code    30  stm32f4xx_spi.o(.text)
    SPI_SSOutputCmd                          0x08003143   Thumb Code    24  stm32f4xx_spi.o(.text)
    SPI_TIModeCmd                            0x0800315b   Thumb Code    24  stm32f4xx_spi.o(.text)
    I2S_FullDuplexConfig                     0x08003173   Thumb Code    80  stm32f4xx_spi.o(.text)
    SPI_I2S_ReceiveData                      0x080031c3   Thumb Code     6  stm32f4xx_spi.o(.text)
    SPI_I2S_SendData                         0x080031c9   Thumb Code     4  stm32f4xx_spi.o(.text)
    SPI_CalculateCRC                         0x080031cd   Thumb Code    24  stm32f4xx_spi.o(.text)
    SPI_TransmitCRC                          0x080031e5   Thumb Code    10  stm32f4xx_spi.o(.text)
    SPI_GetCRC                               0x080031ef   Thumb Code    16  stm32f4xx_spi.o(.text)
    SPI_GetCRCPolynomial                     0x080031ff   Thumb Code     6  stm32f4xx_spi.o(.text)
    SPI_I2S_DMACmd                           0x08003205   Thumb Code    18  stm32f4xx_spi.o(.text)
    SPI_I2S_ITConfig                         0x08003217   Thumb Code    32  stm32f4xx_spi.o(.text)
    SPI_I2S_GetFlagStatus                    0x08003237   Thumb Code    50  stm32f4xx_spi.o(.text)
    SPI_I2S_ClearFlag                        0x08003269   Thumb Code     6  stm32f4xx_spi.o(.text)
    SPI_I2S_GetITStatus                      0x0800326f   Thumb Code    52  stm32f4xx_spi.o(.text)
    SPI_I2S_ClearITPendingBit                0x080032a3   Thumb Code    20  stm32f4xx_spi.o(.text)
    SYSCFG_DeInit                            0x080032b9   Thumb Code    22  stm32f4xx_syscfg.o(.text)
    SYSCFG_MemoryRemapConfig                 0x080032cf   Thumb Code     6  stm32f4xx_syscfg.o(.text)
    SYSCFG_MemorySwappingBank                0x080032d5   Thumb Code     6  stm32f4xx_syscfg.o(.text)
    SYSCFG_EXTILineConfig                    0x080032db   Thumb Code    66  stm32f4xx_syscfg.o(.text)
    SYSCFG_ETH_MediaInterfaceConfig          0x0800331d   Thumb Code     8  stm32f4xx_syscfg.o(.text)
    SYSCFG_CompensationCellCmd               0x08003325   Thumb Code     6  stm32f4xx_syscfg.o(.text)
    SYSCFG_GetCompensationCellStatus         0x0800332b   Thumb Code    22  stm32f4xx_syscfg.o(.text)
    TIM_DeInit                               0x0800334d   Thumb Code   346  stm32f4xx_tim.o(.text)
    TIM_TimeBaseInit                         0x080034a7   Thumb Code   104  stm32f4xx_tim.o(.text)
    TIM_TimeBaseStructInit                   0x0800350f   Thumb Code    18  stm32f4xx_tim.o(.text)
    TIM_PrescalerConfig                      0x08003521   Thumb Code     6  stm32f4xx_tim.o(.text)
    TIM_CounterModeConfig                    0x08003527   Thumb Code    18  stm32f4xx_tim.o(.text)
    TIM_SetCounter                           0x08003539   Thumb Code     4  stm32f4xx_tim.o(.text)
    TIM_SetAutoreload                        0x0800353d   Thumb Code     4  stm32f4xx_tim.o(.text)
    TIM_GetCounter                           0x08003541   Thumb Code     6  stm32f4xx_tim.o(.text)
    TIM_GetPrescaler                         0x08003547   Thumb Code     6  stm32f4xx_tim.o(.text)
    TIM_UpdateDisableConfig                  0x0800354d   Thumb Code    24  stm32f4xx_tim.o(.text)
    TIM_UpdateRequestConfig                  0x08003565   Thumb Code    24  stm32f4xx_tim.o(.text)
    TIM_ARRPreloadConfig                     0x0800357d   Thumb Code    24  stm32f4xx_tim.o(.text)
    TIM_SelectOnePulseMode                   0x08003595   Thumb Code    18  stm32f4xx_tim.o(.text)
    TIM_SetClockDivision                     0x080035a7   Thumb Code    18  stm32f4xx_tim.o(.text)
    TIM_Cmd                                  0x080035b9   Thumb Code    24  stm32f4xx_tim.o(.text)
    TIM_OC1Init                              0x080035d1   Thumb Code   114  stm32f4xx_tim.o(.text)
    TIM_OC2Init                              0x08003643   Thumb Code   154  stm32f4xx_tim.o(.text)
    TIM_OC3Init                              0x080036dd   Thumb Code   204  stm32f4xx_tim.o(.text)
    TIM_OC4Init                              0x080037a9   Thumb Code   112  stm32f4xx_tim.o(.text)
    TIM_OCStructInit                         0x08003819   Thumb Code    20  stm32f4xx_tim.o(.text)
    TIM_SelectOCxM                           0x0800382d   Thumb Code    86  stm32f4xx_tim.o(.text)
    TIM_SetCompare1                          0x08003883   Thumb Code     4  stm32f4xx_tim.o(.text)
    TIM_SetCompare2                          0x08003887   Thumb Code     4  stm32f4xx_tim.o(.text)
    TIM_SetCompare3                          0x0800388b   Thumb Code     4  stm32f4xx_tim.o(.text)
    TIM_SetCompare4                          0x0800388f   Thumb Code     4  stm32f4xx_tim.o(.text)
    TIM_ForcedOC1Config                      0x08003893   Thumb Code    18  stm32f4xx_tim.o(.text)
    TIM_ForcedOC2Config                      0x080038a5   Thumb Code    26  stm32f4xx_tim.o(.text)
    TIM_ForcedOC3Config                      0x080038bf   Thumb Code    18  stm32f4xx_tim.o(.text)
    TIM_ForcedOC4Config                      0x080038d1   Thumb Code    26  stm32f4xx_tim.o(.text)
    TIM_OC1PreloadConfig                     0x080038eb   Thumb Code    18  stm32f4xx_tim.o(.text)
    TIM_OC2PreloadConfig                     0x080038fd   Thumb Code    26  stm32f4xx_tim.o(.text)
    TIM_OC3PreloadConfig                     0x08003917   Thumb Code    18  stm32f4xx_tim.o(.text)
    TIM_OC4PreloadConfig                     0x08003929   Thumb Code    26  stm32f4xx_tim.o(.text)
    TIM_OC1FastConfig                        0x08003943   Thumb Code    18  stm32f4xx_tim.o(.text)
    TIM_OC2FastConfig                        0x08003955   Thumb Code    26  stm32f4xx_tim.o(.text)
    TIM_OC3FastConfig                        0x0800396f   Thumb Code    18  stm32f4xx_tim.o(.text)
    TIM_OC4FastConfig                        0x08003981   Thumb Code    26  stm32f4xx_tim.o(.text)
    TIM_ClearOC1Ref                          0x0800399b   Thumb Code    18  stm32f4xx_tim.o(.text)
    TIM_ClearOC2Ref                          0x080039ad   Thumb Code    24  stm32f4xx_tim.o(.text)
    TIM_ClearOC3Ref                          0x080039c5   Thumb Code    18  stm32f4xx_tim.o(.text)
    TIM_ClearOC4Ref                          0x080039d7   Thumb Code    24  stm32f4xx_tim.o(.text)
    TIM_OC1PolarityConfig                    0x080039ef   Thumb Code    18  stm32f4xx_tim.o(.text)
    TIM_OC1NPolarityConfig                   0x08003a01   Thumb Code    18  stm32f4xx_tim.o(.text)
    TIM_OC2PolarityConfig                    0x08003a13   Thumb Code    26  stm32f4xx_tim.o(.text)
    TIM_OC2NPolarityConfig                   0x08003a2d   Thumb Code    26  stm32f4xx_tim.o(.text)
    TIM_OC3PolarityConfig                    0x08003a47   Thumb Code    26  stm32f4xx_tim.o(.text)
    TIM_OC3NPolarityConfig                   0x08003a61   Thumb Code    26  stm32f4xx_tim.o(.text)
    TIM_OC4PolarityConfig                    0x08003a7b   Thumb Code    26  stm32f4xx_tim.o(.text)
    TIM_CCxCmd                               0x08003a95   Thumb Code    30  stm32f4xx_tim.o(.text)
    TIM_CCxNCmd                              0x08003ab3   Thumb Code    30  stm32f4xx_tim.o(.text)
    TIM_SetIC4Prescaler                      0x08003ad1   Thumb Code    26  stm32f4xx_tim.o(.text)
    TIM_SetIC3Prescaler                      0x08003b3b   Thumb Code    18  stm32f4xx_tim.o(.text)
    TIM_SetIC2Prescaler                      0x08003b95   Thumb Code    26  stm32f4xx_tim.o(.text)
    TIM_SetIC1Prescaler                      0x08003c09   Thumb Code    18  stm32f4xx_tim.o(.text)
    TIM_ICInit                               0x08003c55   Thumb Code   110  stm32f4xx_tim.o(.text)
    TIM_ICStructInit                         0x08003cc3   Thumb Code    18  stm32f4xx_tim.o(.text)
    TIM_PWMIConfig                           0x08003cd5   Thumb Code   124  stm32f4xx_tim.o(.text)
    TIM_GetCapture1                          0x08003d51   Thumb Code     6  stm32f4xx_tim.o(.text)
    TIM_GetCapture2                          0x08003d57   Thumb Code     6  stm32f4xx_tim.o(.text)
    TIM_GetCapture3                          0x08003d5d   Thumb Code     6  stm32f4xx_tim.o(.text)
    TIM_GetCapture4                          0x08003d63   Thumb Code     6  stm32f4xx_tim.o(.text)
    TIM_BDTRConfig                           0x08003d69   Thumb Code    32  stm32f4xx_tim.o(.text)
    TIM_BDTRStructInit                       0x08003d89   Thumb Code    18  stm32f4xx_tim.o(.text)
    TIM_CtrlPWMOutputs                       0x08003d9b   Thumb Code    30  stm32f4xx_tim.o(.text)
    TIM_SelectCOM                            0x08003db9   Thumb Code    24  stm32f4xx_tim.o(.text)
    TIM_CCPreloadControl                     0x08003dd1   Thumb Code    24  stm32f4xx_tim.o(.text)
    TIM_ITConfig                             0x08003de9   Thumb Code    18  stm32f4xx_tim.o(.text)
    TIM_GenerateEvent                        0x08003dfb   Thumb Code     4  stm32f4xx_tim.o(.text)
    TIM_GetFlagStatus                        0x08003dff   Thumb Code    18  stm32f4xx_tim.o(.text)
    TIM_ClearFlag                            0x08003e11   Thumb Code     6  stm32f4xx_tim.o(.text)
    TIM_GetITStatus                          0x08003e17   Thumb Code    34  stm32f4xx_tim.o(.text)
    TIM_ClearITPendingBit                    0x08003e39   Thumb Code     6  stm32f4xx_tim.o(.text)
    TIM_DMAConfig                            0x08003e3f   Thumb Code    10  stm32f4xx_tim.o(.text)
    TIM_DMACmd                               0x08003e49   Thumb Code    18  stm32f4xx_tim.o(.text)
    TIM_SelectCCDMA                          0x08003e5b   Thumb Code    24  stm32f4xx_tim.o(.text)
    TIM_InternalClockConfig                  0x08003e73   Thumb Code    12  stm32f4xx_tim.o(.text)
    TIM_SelectInputTrigger                   0x08003e7f   Thumb Code    18  stm32f4xx_tim.o(.text)
    TIM_ITRxExternalClockConfig              0x08003e91   Thumb Code    24  stm32f4xx_tim.o(.text)
    TIM_TIxExternalClockConfig               0x08003ea9   Thumb Code    62  stm32f4xx_tim.o(.text)
    TIM_ETRConfig                            0x08003ee7   Thumb Code    28  stm32f4xx_tim.o(.text)
    TIM_ETRClockMode1Config                  0x08003f03   Thumb Code    54  stm32f4xx_tim.o(.text)
    TIM_ETRClockMode2Config                  0x08003f39   Thumb Code    32  stm32f4xx_tim.o(.text)
    TIM_SelectOutputTrigger                  0x08003f59   Thumb Code    18  stm32f4xx_tim.o(.text)
    TIM_SelectSlaveMode                      0x08003f6b   Thumb Code    18  stm32f4xx_tim.o(.text)
    TIM_SelectMasterSlaveMode                0x08003f7d   Thumb Code    18  stm32f4xx_tim.o(.text)
    TIM_EncoderInterfaceConfig               0x08003f8f   Thumb Code    66  stm32f4xx_tim.o(.text)
    TIM_SelectHallSensor                     0x08003fd1   Thumb Code    24  stm32f4xx_tim.o(.text)
    TIM_RemapConfig                          0x08003fe9   Thumb Code     6  stm32f4xx_tim.o(.text)
    Reset_Handler                            0x08003ff1   Thumb Code     8  startup_stm32f40_41xxx.o(.text)
    NMI_Handler                              0x08003ff9   Thumb Code     2  startup_stm32f40_41xxx.o(.text)
    HardFault_Handler                        0x08003ffb   Thumb Code     2  startup_stm32f40_41xxx.o(.text)
    MemManage_Handler                        0x08003ffd   Thumb Code     2  startup_stm32f40_41xxx.o(.text)
    BusFault_Handler                         0x08003fff   Thumb Code     2  startup_stm32f40_41xxx.o(.text)
    UsageFault_Handler                       0x08004001   Thumb Code     2  startup_stm32f40_41xxx.o(.text)
    DebugMon_Handler                         0x08004005   Thumb Code     2  startup_stm32f40_41xxx.o(.text)
    ADC_IRQHandler                           0x0800400b   Thumb Code     0  startup_stm32f40_41xxx.o(.text)
    CAN1_RX0_IRQHandler                      0x0800400b   Thumb Code     0  startup_stm32f40_41xxx.o(.text)
    CAN1_RX1_IRQHandler                      0x0800400b   Thumb Code     0  startup_stm32f40_41xxx.o(.text)
    CAN1_SCE_IRQHandler                      0x0800400b   Thumb Code     0  startup_stm32f40_41xxx.o(.text)
    CAN1_TX_IRQHandler                       0x0800400b   Thumb Code     0  startup_stm32f40_41xxx.o(.text)
    CAN2_RX0_IRQHandler                      0x0800400b   Thumb Code     0  startup_stm32f40_41xxx.o(.text)
    CAN2_RX1_IRQHandler                      0x0800400b   Thumb Code     0  startup_stm32f40_41xxx.o(.text)
    CAN2_SCE_IRQHandler                      0x0800400b   Thumb Code     0  startup_stm32f40_41xxx.o(.text)
    CAN2_TX_IRQHandler                       0x0800400b   Thumb Code     0  startup_stm32f40_41xxx.o(.text)
    CRYP_IRQHandler                          0x0800400b   Thumb Code     0  startup_stm32f40_41xxx.o(.text)
    DCMI_IRQHandler                          0x0800400b   Thumb Code     0  startup_stm32f40_41xxx.o(.text)
    DMA1_Stream0_IRQHandler                  0x0800400b   Thumb Code     0  startup_stm32f40_41xxx.o(.text)
    DMA1_Stream1_IRQHandler                  0x0800400b   Thumb Code     0  startup_stm32f40_41xxx.o(.text)
    DMA1_Stream2_IRQHandler                  0x0800400b   Thumb Code     0  startup_stm32f40_41xxx.o(.text)
    DMA1_Stream3_IRQHandler                  0x0800400b   Thumb Code     0  startup_stm32f40_41xxx.o(.text)
    DMA1_Stream4_IRQHandler                  0x0800400b   Thumb Code     0  startup_stm32f40_41xxx.o(.text)
    DMA1_Stream5_IRQHandler                  0x0800400b   Thumb Code     0  startup_stm32f40_41xxx.o(.text)
    DMA1_Stream6_IRQHandler                  0x0800400b   Thumb Code     0  startup_stm32f40_41xxx.o(.text)
    DMA1_Stream7_IRQHandler                  0x0800400b   Thumb Code     0  startup_stm32f40_41xxx.o(.text)
    DMA2_Stream0_IRQHandler                  0x0800400b   Thumb Code     0  startup_stm32f40_41xxx.o(.text)
    DMA2_Stream1_IRQHandler                  0x0800400b   Thumb Code     0  startup_stm32f40_41xxx.o(.text)
    DMA2_Stream2_IRQHandler                  0x0800400b   Thumb Code     0  startup_stm32f40_41xxx.o(.text)
    DMA2_Stream3_IRQHandler                  0x0800400b   Thumb Code     0  startup_stm32f40_41xxx.o(.text)
    DMA2_Stream4_IRQHandler                  0x0800400b   Thumb Code     0  startup_stm32f40_41xxx.o(.text)
    DMA2_Stream5_IRQHandler                  0x0800400b   Thumb Code     0  startup_stm32f40_41xxx.o(.text)
    DMA2_Stream6_IRQHandler                  0x0800400b   Thumb Code     0  startup_stm32f40_41xxx.o(.text)
    DMA2_Stream7_IRQHandler                  0x0800400b   Thumb Code     0  startup_stm32f40_41xxx.o(.text)
    ETH_IRQHandler                           0x0800400b   Thumb Code     0  startup_stm32f40_41xxx.o(.text)
    ETH_WKUP_IRQHandler                      0x0800400b   Thumb Code     0  startup_stm32f40_41xxx.o(.text)
    EXTI15_10_IRQHandler                     0x0800400b   Thumb Code     0  startup_stm32f40_41xxx.o(.text)
    EXTI2_IRQHandler                         0x0800400b   Thumb Code     0  startup_stm32f40_41xxx.o(.text)
    EXTI3_IRQHandler                         0x0800400b   Thumb Code     0  startup_stm32f40_41xxx.o(.text)
    EXTI4_IRQHandler                         0x0800400b   Thumb Code     0  startup_stm32f40_41xxx.o(.text)
    EXTI9_5_IRQHandler                       0x0800400b   Thumb Code     0  startup_stm32f40_41xxx.o(.text)
    FLASH_IRQHandler                         0x0800400b   Thumb Code     0  startup_stm32f40_41xxx.o(.text)
    FPU_IRQHandler                           0x0800400b   Thumb Code     0  startup_stm32f40_41xxx.o(.text)
    FSMC_IRQHandler                          0x0800400b   Thumb Code     0  startup_stm32f40_41xxx.o(.text)
    HASH_RNG_IRQHandler                      0x0800400b   Thumb Code     0  startup_stm32f40_41xxx.o(.text)
    I2C1_ER_IRQHandler                       0x0800400b   Thumb Code     0  startup_stm32f40_41xxx.o(.text)
    I2C1_EV_IRQHandler                       0x0800400b   Thumb Code     0  startup_stm32f40_41xxx.o(.text)
    I2C2_ER_IRQHandler                       0x0800400b   Thumb Code     0  startup_stm32f40_41xxx.o(.text)
    I2C2_EV_IRQHandler                       0x0800400b   Thumb Code     0  startup_stm32f40_41xxx.o(.text)
    I2C3_ER_IRQHandler                       0x0800400b   Thumb Code     0  startup_stm32f40_41xxx.o(.text)
    I2C3_EV_IRQHandler                       0x0800400b   Thumb Code     0  startup_stm32f40_41xxx.o(.text)
    OTG_FS_IRQHandler                        0x0800400b   Thumb Code     0  startup_stm32f40_41xxx.o(.text)
    OTG_FS_WKUP_IRQHandler                   0x0800400b   Thumb Code     0  startup_stm32f40_41xxx.o(.text)
    OTG_HS_EP1_IN_IRQHandler                 0x0800400b   Thumb Code     0  startup_stm32f40_41xxx.o(.text)
    OTG_HS_EP1_OUT_IRQHandler                0x0800400b   Thumb Code     0  startup_stm32f40_41xxx.o(.text)
    OTG_HS_IRQHandler                        0x0800400b   Thumb Code     0  startup_stm32f40_41xxx.o(.text)
    OTG_HS_WKUP_IRQHandler                   0x0800400b   Thumb Code     0  startup_stm32f40_41xxx.o(.text)
    PVD_IRQHandler                           0x0800400b   Thumb Code     0  startup_stm32f40_41xxx.o(.text)
    RCC_IRQHandler                           0x0800400b   Thumb Code     0  startup_stm32f40_41xxx.o(.text)
    RTC_Alarm_IRQHandler                     0x0800400b   Thumb Code     0  startup_stm32f40_41xxx.o(.text)
    RTC_WKUP_IRQHandler                      0x0800400b   Thumb Code     0  startup_stm32f40_41xxx.o(.text)
    SDIO_IRQHandler                          0x0800400b   Thumb Code     0  startup_stm32f40_41xxx.o(.text)
    SPI1_IRQHandler                          0x0800400b   Thumb Code     0  startup_stm32f40_41xxx.o(.text)
    SPI2_IRQHandler                          0x0800400b   Thumb Code     0  startup_stm32f40_41xxx.o(.text)
    SPI3_IRQHandler                          0x0800400b   Thumb Code     0  startup_stm32f40_41xxx.o(.text)
    TAMP_STAMP_IRQHandler                    0x0800400b   Thumb Code     0  startup_stm32f40_41xxx.o(.text)
    TIM1_BRK_TIM9_IRQHandler                 0x0800400b   Thumb Code     0  startup_stm32f40_41xxx.o(.text)
    TIM1_CC_IRQHandler                       0x0800400b   Thumb Code     0  startup_stm32f40_41xxx.o(.text)
    TIM1_TRG_COM_TIM11_IRQHandler            0x0800400b   Thumb Code     0  startup_stm32f40_41xxx.o(.text)
    TIM1_UP_TIM10_IRQHandler                 0x0800400b   Thumb Code     0  startup_stm32f40_41xxx.o(.text)
    TIM4_IRQHandler                          0x0800400b   Thumb Code     0  startup_stm32f40_41xxx.o(.text)
    TIM5_IRQHandler                          0x0800400b   Thumb Code     0  startup_stm32f40_41xxx.o(.text)
    TIM6_DAC_IRQHandler                      0x0800400b   Thumb Code     0  startup_stm32f40_41xxx.o(.text)
    TIM7_IRQHandler                          0x0800400b   Thumb Code     0  startup_stm32f40_41xxx.o(.text)
    TIM8_BRK_TIM12_IRQHandler                0x0800400b   Thumb Code     0  startup_stm32f40_41xxx.o(.text)
    TIM8_CC_IRQHandler                       0x0800400b   Thumb Code     0  startup_stm32f40_41xxx.o(.text)
    TIM8_TRG_COM_TIM14_IRQHandler            0x0800400b   Thumb Code     0  startup_stm32f40_41xxx.o(.text)
    TIM8_UP_TIM13_IRQHandler                 0x0800400b   Thumb Code     0  startup_stm32f40_41xxx.o(.text)
    UART4_IRQHandler                         0x0800400b   Thumb Code     0  startup_stm32f40_41xxx.o(.text)
    UART5_IRQHandler                         0x0800400b   Thumb Code     0  startup_stm32f40_41xxx.o(.text)
    USART1_IRQHandler                        0x0800400b   Thumb Code     0  startup_stm32f40_41xxx.o(.text)
    USART2_IRQHandler                        0x0800400b   Thumb Code     0  startup_stm32f40_41xxx.o(.text)
    USART3_IRQHandler                        0x0800400b   Thumb Code     0  startup_stm32f40_41xxx.o(.text)
    USART6_IRQHandler                        0x0800400b   Thumb Code     0  startup_stm32f40_41xxx.o(.text)
    WWDG_IRQHandler                          0x0800400b   Thumb Code     0  startup_stm32f40_41xxx.o(.text)
    SystemInit                               0x080040f1   Thumb Code    88  system_stm32f4xx.o(.text)
    SystemCoreClockUpdate                    0x08004149   Thumb Code   174  system_stm32f4xx.o(.text)
    __aeabi_uldivmod                         0x08004225   Thumb Code    98  uldiv.o(.text)
    __aeabi_dadd                             0x08004287   Thumb Code   322  dadd.o(.text)
    __aeabi_dsub                             0x080043c9   Thumb Code     6  dadd.o(.text)
    __aeabi_drsub                            0x080043cf   Thumb Code     6  dadd.o(.text)
    __aeabi_dmul                             0x080043d5   Thumb Code   228  dmul.o(.text)
    __aeabi_ddiv                             0x080044b9   Thumb Code   222  ddiv.o(.text)
    __aeabi_i2d                              0x08004597   Thumb Code    34  dflti.o(.text)
    __aeabi_f2d                              0x080045b9   Thumb Code    38  f2d.o(.text)
    __aeabi_d2f                              0x080045df   Thumb Code    56  d2f.o(.text)
    __aeabi_uidiv                            0x08004617   Thumb Code     0  uidiv.o(.text)
    __aeabi_uidivmod                         0x08004617   Thumb Code    44  uidiv.o(.text)
    __aeabi_llsl                             0x08004643   Thumb Code    30  llshl.o(.text)
    _ll_shift_l                              0x08004643   Thumb Code     0  llshl.o(.text)
    __aeabi_llsr                             0x08004661   Thumb Code    32  llushr.o(.text)
    _ll_ushift_r                             0x08004661   Thumb Code     0  llushr.o(.text)
    __aeabi_lasr                             0x08004681   Thumb Code    36  llsshr.o(.text)
    _ll_sshift_r                             0x08004681   Thumb Code     0  llsshr.o(.text)
    __I$use$fp                               0x080046a5   Thumb Code     0  iusefp.o(.text)
    _float_round                             0x080046a5   Thumb Code    18  fepilogue.o(.text)
    _float_epilogue                          0x080046b7   Thumb Code    92  fepilogue.o(.text)
    _double_round                            0x08004713   Thumb Code    30  depilogue.o(.text)
    _double_epilogue                         0x08004731   Thumb Code   156  depilogue.o(.text)
    _dsqrt                                   0x080047cd   Thumb Code   162  dsqrt.o(.text)
    __aeabi_d2ulz                            0x0800486f   Thumb Code    48  dfixul.o(.text)
    __aeabi_cdrcmple                         0x080048a1   Thumb Code    48  cdrcmple.o(.text)
    __scatterload                            0x080048d1   Thumb Code    28  init.o(.text)
    __scatterload_rt2                        0x080048d1   Thumb Code     0  init.o(.text)
    SVC_Count                                0x080048f4   Data           4  svc_table.o(SVC_TABLE)
    SVC_Table                                0x080048f8   Data           0  svc_table.o(SVC_TABLE)
    __0printf                                0x080048f9   Thumb Code    22  printfa.o(i.__0printf)
    __1printf                                0x080048f9   Thumb Code     0  printfa.o(i.__0printf)
    __2printf                                0x080048f9   Thumb Code     0  printfa.o(i.__0printf)
    __c89printf                              0x080048f9   Thumb Code     0  printfa.o(i.__0printf)
    printf                                   0x080048f9   Thumb Code     0  printfa.o(i.__0printf)
    __ARM_fpclassify                         0x08004919   Thumb Code    48  fpclassify.o(i.__ARM_fpclassify)
    __hardfp_atan                            0x08004949   Thumb Code   622  atan.o(i.__hardfp_atan)
    __hardfp_atan2                           0x08004c21   Thumb Code   432  atan2.o(i.__hardfp_atan2)
    __hardfp_sqrt                            0x08004e11   Thumb Code   122  sqrt.o(i.__hardfp_sqrt)
    __kernel_poly                            0x08004e8b   Thumb Code   248  poly.o(i.__kernel_poly)
    __mathlib_dbl_infnan                     0x08004f83   Thumb Code    20  dunder.o(i.__mathlib_dbl_infnan)
    __mathlib_dbl_infnan2                    0x08004f97   Thumb Code    20  dunder.o(i.__mathlib_dbl_infnan2)
    __mathlib_dbl_underflow                  0x08004fb1   Thumb Code    24  dunder.o(i.__mathlib_dbl_underflow)
    __scatterload_copy                       0x08004fd1   Thumb Code    14  handlers.o(i.__scatterload_copy)
    __scatterload_null                       0x08004fdf   Thumb Code     2  handlers.o(i.__scatterload_null)
    __scatterload_zeroinit                   0x08004fe1   Thumb Code    14  handlers.o(i.__scatterload_zeroinit)
    __set_errno                              0x08004ff1   Thumb Code     6  errno.o(i.__set_errno)
    _init_box                                0x08005161   Thumb Code    70  rt_membox.o(i._init_box)
    atan                                     0x080058d7   Thumb Code    16  atan.o(i.atan)
    dbg_init                                 0x080058e9   Thumb Code    34  hal_cm.o(i.dbg_init)
    dbg_task_notify                          0x08005919   Thumb Code    32  hal_cm.o(i.dbg_task_notify)
    dbg_task_switch                          0x08005939   Thumb Code    16  hal_cm.o(i.dbg_task_switch)
    fabs                                     0x08005949   Thumb Code    24  fabs.o(i.fabs)
    isrMessageGet                            0x08005961   Thumb Code    42  rt_cmsis.o(i.isrMessageGet)
    isrMessagePut                            0x0800598b   Thumb Code    44  rt_cmsis.o(i.isrMessagePut)
    isrSignalSet                             0x080059b7   Thumb Code    36  rt_cmsis.o(i.isrSignalSet)
    isr_evt_set                              0x080059dd   Thumb Code    34  rt_event.o(i.isr_evt_set)
    isr_mbx_receive                          0x08005a05   Thumb Code    82  rt_mailbox.o(i.isr_mbx_receive)
    isr_mbx_send                             0x08005a57   Thumb Code    14  rt_mailbox.o(i.isr_mbx_send)
    osDelay                                  0x08005a65   Thumb Code    18  rt_cmsis.o(i.osDelay)
    osKernelInitialize                       0x08005a7d   Thumb Code    30  rt_cmsis.o(i.osKernelInitialize)
    osKernelStart                            0x08005aa1   Thumb Code    98  rt_cmsis.o(i.osKernelStart)
    osMessageCreate                          0x08005b0d   Thumb Code    38  rt_cmsis.o(i.osMessageCreate)
    osMessageGet                             0x08005b3d   Thumb Code    18  rt_cmsis.o(i.osMessageGet)
    osMessagePut                             0x08005b55   Thumb Code    18  rt_cmsis.o(i.osMessagePut)
    osPoolAlloc                              0x08005b6d   Thumb Code    26  rt_cmsis.o(i.osPoolAlloc)
    osPoolCreate                             0x08005b8d   Thumb Code    38  rt_cmsis.o(i.osPoolCreate)
    osPoolFree                               0x08005bbd   Thumb Code    26  rt_cmsis.o(i.osPoolFree)
    osSignalSet                              0x08005bdd   Thumb Code    18  rt_cmsis.o(i.osSignalSet)
    osSignalWait                             0x08005bf5   Thumb Code    18  rt_cmsis.o(i.osSignalWait)
    osThreadCreate                           0x08005c0d   Thumb Code    38  rt_cmsis.o(i.osThreadCreate)
    osThreadExit                             0x08005c3d   Thumb Code    14  rt_cmsis.o(i.osThreadExit)
    osTimerCall                              0x08005c55   Thumb Code     8  rt_cmsis.o(i.osTimerCall)
    osTimerThread                            0x08005c61   Thumb Code    38  rt_cmsis.o(i.osTimerThread)
    os_tick_init                             0x08005c8d   Thumb Code    32  rt_system.o(i.os_tick_init)
    os_tick_irqack                           0x08005cb5   Thumb Code     2  rt_system.o(i.os_tick_irqack)
    rt_alloc_box                             0x08005cb7   Thumb Code    26  rt_membox.o(i.rt_alloc_box)
    rt_alloc_mem                             0x08005cd1   Thumb Code    62  rt_memory.o(i.rt_alloc_mem)
    rt_block                                 0x08005d11   Thumb Code    48  rt_task.o(i.rt_block)
    rt_chk_robin                             0x08005d49   Thumb Code    60  rt_robin.o(i.rt_chk_robin)
    rt_dec_dly                               0x08005d91   Thumb Code   102  rt_list.o(i.rt_dec_dly)
    rt_dispatch                              0x08005e01   Thumb Code    60  rt_task.o(i.rt_dispatch)
    rt_dly_wait                              0x08005e45   Thumb Code     6  rt_time.o(i.rt_dly_wait)
    rt_evt_psh                               0x08005e4d   Thumb Code    76  rt_event.o(i.rt_evt_psh)
    rt_evt_set                               0x08005e9d   Thumb Code    88  rt_event.o(i.rt_evt_set)
    rt_evt_wait                              0x08005ef9   Thumb Code    56  rt_event.o(i.rt_evt_wait)
    rt_free_box                              0x08005f35   Thumb Code    44  rt_membox.o(i.rt_free_box)
    rt_free_mem                              0x08005f61   Thumb Code    40  rt_memory.o(i.rt_free_mem)
    rt_get_first                             0x08005f89   Thumb Code    40  rt_list.o(i.rt_get_first)
    rt_init_mem                              0x08006001   Thumb Code    26  rt_memory.o(i.rt_init_mem)
    rt_init_robin                            0x0800601d   Thumb Code    14  rt_robin.o(i.rt_init_robin)
    rt_init_stack                            0x08006035   Thumb Code   118  hal_cm.o(i.rt_init_stack)
    rt_mbx_check                             0x080060b5   Thumb Code     8  rt_mailbox.o(i.rt_mbx_check)
    rt_mbx_init                              0x080060bd   Thumb Code    26  rt_mailbox.o(i.rt_mbx_init)
    rt_mbx_psh                               0x080060d9   Thumb Code   236  rt_mailbox.o(i.rt_mbx_psh)
    rt_mbx_send                              0x080061c9   Thumb Code   148  rt_mailbox.o(i.rt_mbx_send)
    rt_mbx_wait                              0x08006261   Thumb Code   174  rt_mailbox.o(i.rt_mbx_wait)
    rt_pop_req                               0x08006359   Thumb Code   112  rt_system.o(i.rt_pop_req)
    rt_psh_req                               0x080063d5   Thumb Code    22  rt_system.o(i.rt_psh_req)
    rt_psq_enq                               0x080063f5   Thumb Code    88  rt_list.o(i.rt_psq_enq)
    rt_put_dly                               0x08006451   Thumb Code    68  rt_list.o(i.rt_put_dly)
    rt_put_prio                              0x08006499   Thumb Code    54  rt_list.o(i.rt_put_prio)
    rt_put_rdy_first                         0x080064d1   Thumb Code    14  rt_list.o(i.rt_put_rdy_first)
    rt_resort_prio                           0x080064e5   Thumb Code    46  rt_list.o(i.rt_resort_prio)
    rt_ret_val                               0x08006529   Thumb Code    12  hal_cm.o(i.rt_ret_val)
    rt_ret_val2                              0x08006535   Thumb Code    16  hal_cm.o(i.rt_ret_val2)
    rt_rmv_dly                               0x08006545   Thumb Code    40  rt_list.o(i.rt_rmv_dly)
    rt_rmv_list                              0x0800656d   Thumb Code    44  rt_list.o(i.rt_rmv_list)
    rt_sem_psh                               0x0800659d   Thumb Code    48  rt_semaphore.o(i.rt_sem_psh)
    rt_stk_check                             0x080065d1   Thumb Code    28  rt_system.o(i.rt_stk_check)
    rt_switch_req                            0x080065f5   Thumb Code    30  rt_task.o(i.rt_switch_req)
    rt_sys_init                              0x0800661d   Thumb Code   138  rt_task.o(i.rt_sys_init)
    rt_sys_start                             0x080066e9   Thumb Code   110  rt_task.o(i.rt_sys_start)
    rt_systick                               0x08006761   Thumb Code    50  rt_system.o(i.rt_systick)
    rt_tsk_create                            0x080067e9   Thumb Code   120  rt_task.o(i.rt_tsk_create)
    rt_tsk_delete                            0x08006871   Thumb Code   346  rt_task.o(i.rt_tsk_delete)
    rt_tsk_prio                              0x080069e9   Thumb Code   108  rt_task.o(i.rt_tsk_prio)
    rt_tsk_self                              0x08006a65   Thumb Code    12  rt_task.o(i.rt_tsk_self)
    svcDelay                                 0x08006a75   Thumb Code    18  rt_cmsis.o(i.svcDelay)
    svcKernelInitialize                      0x08006a89   Thumb Code    80  rt_cmsis.o(i.svcKernelInitialize)
    svcKernelStart                           0x08006af9   Thumb Code    62  rt_cmsis.o(i.svcKernelStart)
    svcMessageCreate                         0x08006b41   Thumb Code    36  rt_cmsis.o(i.svcMessageCreate)
    svcMessageGet                            0x08006b65   Thumb Code    58  rt_cmsis.o(i.svcMessageGet)
    svcMessagePut                            0x08006b9f   Thumb Code    54  rt_cmsis.o(i.svcMessagePut)
    svcPoolCreate                            0x08006bd5   Thumb Code    40  rt_cmsis.o(i.svcPoolCreate)
    svcSignalSet                             0x08006bfd   Thumb Code    36  rt_cmsis.o(i.svcSignalSet)
    svcSignalWait                            0x08006c21   Thumb Code    80  rt_cmsis.o(i.svcSignalWait)
    svcThreadCreate                          0x08006c75   Thumb Code   100  rt_cmsis.o(i.svcThreadCreate)
    svcThreadGetId                           0x08006ce5   Thumb Code    22  rt_cmsis.o(i.svcThreadGetId)
    svcThreadTerminate                       0x08006d01   Thumb Code    50  rt_cmsis.o(i.svcThreadTerminate)
    svcTimerCall                             0x08006d39   Thumb Code    24  rt_cmsis.o(i.svcTimerCall)
    sysPoolAlloc                             0x08006d51   Thumb Code    10  rt_cmsis.o(i.sysPoolAlloc)
    sysPoolFree                              0x08006d5b   Thumb Code    20  rt_cmsis.o(i.sysPoolFree)
    sysTimerTick                             0x08006d71   Thumb Code    84  rt_cmsis.o(i.sysTimerTick)
    os_thread_def_Blinky                     0x08006dcc   Data          16  main.o(.constdata)
    os_thread_def_temp_thread                0x08006ddc   Data          16  main.o(.constdata)
    os_thread_def_acc_thread                 0x08006dec   Data          16  main.o(.constdata)
    os_thread_def_gyro_thread                0x08006dfc   Data          16  main.o(.constdata)
    os_thread_def_display_controller_thread  0x08006e0c   Data          16  main.o(.constdata)
    os_thread_def_keypad_thread              0x08006e1c   Data          16  main.o(.constdata)
    os_pool_def_acc_mpool                    0x08006e2c   Data          12  display_controller.o(.constdata)
    os_messageQ_def_acc_mqueue               0x08006e38   Data           8  display_controller.o(.constdata)
    os_messageQ_def_temp_mqueue              0x08006e40   Data           8  display_controller.o(.constdata)
    os_messageQ_def_kp_mqueue                0x08006e48   Data           8  display_controller.o(.constdata)
    os_maxtaskrun                            0x08006e50   Data           2  rtx_conf_cm.o(.constdata)
    os_stackinfo                             0x08006e54   Data           4  rtx_conf_cm.o(.constdata)
    os_rrobin                                0x08006e58   Data           4  rtx_conf_cm.o(.constdata)
    os_tickfreq                              0x08006e5c   Data           4  rtx_conf_cm.o(.constdata)
    os_tickus_i                              0x08006e60   Data           2  rtx_conf_cm.o(.constdata)
    os_tickus_f                              0x08006e62   Data           2  rtx_conf_cm.o(.constdata)
    os_trv                                   0x08006e64   Data           4  rtx_conf_cm.o(.constdata)
    os_flags                                 0x08006e68   Data           1  rtx_conf_cm.o(.constdata)
    CMSIS_RTOS_API_Version                   0x08006e6c   Data           4  rtx_conf_cm.o(.constdata)
    CMSIS_RTOS_RTX_Version                   0x08006e70   Data           4  rtx_conf_cm.o(.constdata)
    os_clockrate                             0x08006e74   Data           4  rtx_conf_cm.o(.constdata)
    os_timernum                              0x08006e78   Data           4  rtx_conf_cm.o(.constdata)
    mp_tcb_size                              0x08006e7c   Data           2  rtx_conf_cm.o(.constdata)
    mp_stk_size                              0x08006e80   Data           4  rtx_conf_cm.o(.constdata)
    os_stack_sz                              0x08006e84   Data           4  rtx_conf_cm.o(.constdata)
    os_fifo_size                             0x08006e88   Data           1  rtx_conf_cm.o(.constdata)
    os_thread_def_osTimerThread              0x08006e8c   Data          16  rtx_conf_cm.o(.constdata)
    os_messageQ_def_osTimerMessageQ          0x08006e9c   Data           8  rtx_conf_cm.o(.constdata)
    mp_tmr_size                              0x08006ea4   Data           2  rtx_conf_cm.o(.constdata)
    __mathlib_zero                           0x08006f40   Data           8  qnan.o(.constdata)
    Region$$Table$$Base                      0x08006f48   Number         0  anon$$obj.o(Region$$Table)
    Region$$Table$$Limit                     0x08006f68   Number         0  anon$$obj.o(Region$$Table)
    Blinky_thread                            0x20000000   Data           4  main.o(.data)
    Temp_thread                              0x20000004   Data           4  main.o(.data)
    Acc_thread                               0x20000008   Data           4  main.o(.data)
    Gyro_thread                              0x2000000c   Data           4  main.o(.data)
    Display_controller_thread                0x20000010   Data           4  main.o(.data)
    Keypad_thread                            0x20000014   Data           4  main.o(.data)
    interrupt_EXTI0                          0x20000018   Data           1  acc_controller.o(.data)
    interrupt_TIM2                           0x20000019   Data           1  temp_controller.o(.data)
    keypadArray                              0x2000001c   Data          64  keypad.o(.data)
    tick                                     0x2000005c   Data           4  segmentdisplay.o(.data)
    acc_mpool                                0x20000060   Data           4  display_controller.o(.data)
    acc_mqueue                               0x20000064   Data           4  display_controller.o(.data)
    temp_mqueue                              0x20000068   Data           4  display_controller.o(.data)
    kp_mqueue                                0x2000006c   Data           4  display_controller.o(.data)
    LSM9DS1Timeout                           0x20000070   Data           4  lsm9ds1.o(.data)
    interrupt_EXTI1                          0x20000074   Data           1  gyro_controller.o(.data)
    osThreadId_osTimerThread                 0x20000078   Data           4  rtx_conf_cm.o(.data)
    osMessageQId_osTimerMessageQ             0x2000007c   Data           4  rtx_conf_cm.o(.data)
    os_tmr                                   0x20000080   Data           4  rtx_conf_cm.o(.data)
    m_tmr                                    0x20000084   Data           4  rtx_conf_cm.o(.data)
    os_thread_def_main                       0x20000088   Data          16  rtx_conf_cm.o(.data)
    SystemCoreClock                          0x200000a8   Data           4  system_stm32f4xx.o(.data)
    AHBPrescTable                            0x200000ac   Data          16  system_stm32f4xx.o(.data)
    os_initialized                           0x200000bc   Data           1  rt_cmsis.o(.data)
    os_running                               0x200000bd   Data           1  rt_cmsis.o(.data)
    os_timer_head                            0x200000c0   Data           4  rt_cmsis.o(.data)
    os_tsk                                   0x200000c4   Data           8  rt_task.o(.data)
    os_tick_irqn                             0x200000d0   Data           4  rt_system.o(.data)
    os_time                                  0x200000d4   Data           4  rt_time.o(.data)
    dbg_msg                                  0x200000d8   Data           1  hal_cm.o(.data)
    os_robin                                 0x200000dc   Data           8  rt_robin.o(.data)
    __stdout                                 0x200000e4   Data           4  stdout.o(.data)
    os_pool_m_acc_mpool                      0x200000ec   Data         140  display_controller.o(.bss)
    os_messageQ_q_acc_mqueue                 0x20000178   Data          80  display_controller.o(.bss)
    os_messageQ_q_temp_mqueue                0x200001c8   Data          80  display_controller.o(.bss)
    os_messageQ_q_kp_mqueue                  0x20000218   Data          80  display_controller.o(.bss)
    mp_tcb                                   0x20000268   Data         376  rtx_conf_cm.o(.bss)
    mp_stk                                   0x200003e0   Data       12016  rtx_conf_cm.o(.bss)
    os_stack_mem                             0x200032d0   Data         432  rtx_conf_cm.o(.bss)
    os_fifo                                  0x20003480   Data         132  rtx_conf_cm.o(.bss)
    os_active_TCB                            0x20003504   Data          28  rtx_conf_cm.o(.bss)
    os_messageQ_q_osTimerMessageQ            0x20003520   Data          32  rtx_conf_cm.o(.bss)
    os_idle_TCB                              0x20003540   Data          52  rt_task.o(.bss)
    os_rdy                                   0x20003574   Data          24  rt_list.o(.bss)
    os_dly                                   0x2000358c   Data          24  rt_list.o(.bss)
    __initial_sp                             0x200039a8   Data           0  startup_stm32f40_41xxx.o(STACK)



==============================================================================

Memory Map of the image

  Image Entry point : 0x08000189

  Load Region LR_IROM1 (Base: 0x08000000, Size: 0x00007054, Max: 0x00100000, ABSOLUTE)

    Execution Region ER_IROM1 (Base: 0x08000000, Size: 0x00006f68, Max: 0x00100000, ABSOLUTE)

    Base Addr    Size         Type   Attr      Idx    E Section Name        Object

    0x08000000   0x00000188   Data   RO         1303    RESET               startup_stm32f40_41xxx.o
    0x08000188   0x00000000   Code   RO         2581  * .ARM.Collect$$$$00000000  mc_w.l(entry.o)
    0x08000188   0x00000004   Code   RO         2894    .ARM.Collect$$$$00000001  mc_w.l(entry2.o)
    0x0800018c   0x00000004   Code   RO         2897    .ARM.Collect$$$$00000004  mc_w.l(entry5.o)
    0x08000190   0x00000000   Code   RO         2899    .ARM.Collect$$$$00000008  mc_w.l(entry7b.o)
    0x08000190   0x00000000   Code   RO         2901    .ARM.Collect$$$$0000000A  mc_w.l(entry8b.o)
    0x08000190   0x00000000   Code   RO         2902    .ARM.Collect$$$$0000000D  mc_w.l(entry10a.o)
    0x08000190   0x00000000   Code   RO         2904    .ARM.Collect$$$$0000000F  mc_w.l(entry11a.o)
    0x08000190   0x00000018   Code   RO          523    .ARM.Collect$$$$000000FF  rtx_conf_cm.o
    0x080001a8   0x00000004   Code   RO         2895    .ARM.Collect$$$$00002712  mc_w.l(entry2.o)
    0x080001ac   0x00000198   Code   RO         2544    .emb_text           RTX_CM4.lib(hal_cm4.o)
    0x08000344   0x00000130   Code   RO            4    .text               main.o
    0x08000474   0x00000038   Code   RO          187    .text               fputc_debug.o
    0x080004ac   0x0000016c   Code   RO          215    .text               acc_controller.o
    0x08000618   0x00000164   Code   RO          242    .text               temp_controller.o
    0x0800077c   0x00000154   Code   RO          269    .text               program.o
    0x080008d0   0x00000414   Code   RO          293    .text               initialization.o
    0x08000ce4   0x0000023c   Code   RO          317    .text               keypad.o
    0x08000f20   0x0000008c   Code   RO          341    .text               movingaveragefilter.o
    0x08000fac   0x000006c0   Code   RO          356    .text               segmentdisplay.o
    0x0800166c   0x00000258   Code   RO          383    .text               display_controller.o
    0x080018c4   0x000005e8   Code   RO          415    .text               lsm9ds1.o
    0x08001eac   0x00000080   Code   RO          442    .text               gyro_controller.o
    0x08001f2c   0x0000001e   Code   RO          524    .text               rtx_conf_cm.o
    0x08001f4a   0x00000002   PAD
    0x08001f4c   0x000000e0   Code   RO          558    .text               misc.o
    0x0800202c   0x00000464   Code   RO          582    .text               stm32f4xx_adc.o
    0x08002490   0x00000110   Code   RO          846    .text               stm32f4xx_exti.o
    0x080025a0   0x00000294   Code   RO          918    .text               stm32f4xx_gpio.o
    0x08002834   0x00000634   Code   RO         1086    .text               stm32f4xx_rcc.o
    0x08002e68   0x0000044e   Code   RO         1184    .text               stm32f4xx_spi.o
    0x080032b6   0x00000002   PAD
    0x080032b8   0x00000094   Code   RO         1208    .text               stm32f4xx_syscfg.o
    0x0800334c   0x00000ca2   Code   RO         1232    .text               stm32f4xx_tim.o
    0x08003fee   0x00000002   PAD
    0x08003ff0   0x00000024   Code   RO         1304    .text               startup_stm32f40_41xxx.o
    0x08004014   0x00000210   Code   RO         1311    .text               system_stm32f4xx.o
    0x08004224   0x00000062   Code   RO         2584    .text               mc_w.l(uldiv.o)
    0x08004286   0x0000014e   Code   RO         2847    .text               mf_w.l(dadd.o)
    0x080043d4   0x000000e4   Code   RO         2849    .text               mf_w.l(dmul.o)
    0x080044b8   0x000000de   Code   RO         2851    .text               mf_w.l(ddiv.o)
    0x08004596   0x00000022   Code   RO         2853    .text               mf_w.l(dflti.o)
    0x080045b8   0x00000026   Code   RO         2855    .text               mf_w.l(f2d.o)
    0x080045de   0x00000038   Code   RO         2857    .text               mf_w.l(d2f.o)
    0x08004616   0x0000002c   Code   RO         2907    .text               mc_w.l(uidiv.o)
    0x08004642   0x0000001e   Code   RO         2909    .text               mc_w.l(llshl.o)
    0x08004660   0x00000020   Code   RO         2911    .text               mc_w.l(llushr.o)
    0x08004680   0x00000024   Code   RO         2913    .text               mc_w.l(llsshr.o)
    0x080046a4   0x00000000   Code   RO         2922    .text               mc_w.l(iusefp.o)
    0x080046a4   0x0000006e   Code   RO         2923    .text               mf_w.l(fepilogue.o)
    0x08004712   0x000000ba   Code   RO         2925    .text               mf_w.l(depilogue.o)
    0x080047cc   0x000000a2   Code   RO         2929    .text               mf_w.l(dsqrt.o)
    0x0800486e   0x00000030   Code   RO         2931    .text               mf_w.l(dfixul.o)
    0x0800489e   0x00000002   PAD
    0x080048a0   0x00000030   Code   RO         2935    .text               mf_w.l(cdrcmple.o)
    0x080048d0   0x00000024   Code   RO         2941    .text               mc_w.l(init.o)
    0x080048f4   0x00000004   Code   RO         2554    SVC_TABLE           RTX_CM4.lib(svc_table.o)
    0x080048f8   0x00000020   Code   RO         2819    i.__0printf         mc_w.l(printfa.o)
    0x08004918   0x00000030   Code   RO         2937    i.__ARM_fpclassify  m_wm.l(fpclassify.o)
    0x08004948   0x000002d8   Code   RO         2859    i.__hardfp_atan     m_wm.l(atan.o)
    0x08004c20   0x000001f0   Code   RO         2557    i.__hardfp_atan2    m_wm.l(atan2.o)
    0x08004e10   0x0000007a   Code   RO         2569    i.__hardfp_sqrt     m_wm.l(sqrt.o)
    0x08004e8a   0x000000f8   Code   RO         2939    i.__kernel_poly     m_wm.l(poly.o)
    0x08004f82   0x00000014   Code   RO         2874    i.__mathlib_dbl_infnan  m_wm.l(dunder.o)
    0x08004f96   0x00000014   Code   RO         2875    i.__mathlib_dbl_infnan2  m_wm.l(dunder.o)
    0x08004faa   0x00000006   PAD
    0x08004fb0   0x00000020   Code   RO         2879    i.__mathlib_dbl_underflow  m_wm.l(dunder.o)
    0x08004fd0   0x0000000e   Code   RO         2945    i.__scatterload_copy  mc_w.l(handlers.o)
    0x08004fde   0x00000002   Code   RO         2946    i.__scatterload_null  mc_w.l(handlers.o)
    0x08004fe0   0x0000000e   Code   RO         2947    i.__scatterload_zeroinit  mc_w.l(handlers.o)
    0x08004fee   0x00000002   PAD
    0x08004ff0   0x0000000c   Code   RO         2917    i.__set_errno       mc_w.l(errno.o)
    0x08004ffc   0x00000164   Code   RO         2826    i._fp_digits        mc_w.l(printfa.o)
    0x08005160   0x00000046   Code   RO         2417    i._init_box         RTX_CM4.lib(rt_membox.o)
    0x080051a6   0x00000002   PAD
    0x080051a8   0x000006dc   Code   RO         2827    i._printf_core      mc_w.l(printfa.o)
    0x08005884   0x00000024   Code   RO         2828    i._printf_post_padding  mc_w.l(printfa.o)
    0x080058a8   0x0000002e   Code   RO         2829    i._printf_pre_padding  mc_w.l(printfa.o)
    0x080058d6   0x00000010   Code   RO         2861    i.atan              m_wm.l(atan.o)
    0x080058e6   0x00000002   PAD
    0x080058e8   0x00000030   Code   RO         2470    i.dbg_init          RTX_CM4.lib(hal_cm.o)
    0x08005918   0x00000020   Code   RO         2471    i.dbg_task_notify   RTX_CM4.lib(hal_cm.o)
    0x08005938   0x00000010   Code   RO         2472    i.dbg_task_switch   RTX_CM4.lib(hal_cm.o)
    0x08005948   0x00000018   Code   RO         2889    i.fabs              m_wm.l(fabs.o)
    0x08005960   0x0000002a   Code   RO         1341    i.isrMessageGet     RTX_CM4.lib(rt_cmsis.o)
    0x0800598a   0x0000002c   Code   RO         1342    i.isrMessagePut     RTX_CM4.lib(rt_cmsis.o)
    0x080059b6   0x00000024   Code   RO         1344    i.isrSignalSet      RTX_CM4.lib(rt_cmsis.o)
    0x080059da   0x00000002   PAD
    0x080059dc   0x00000028   Code   RO         2141    i.isr_evt_set       RTX_CM4.lib(rt_event.o)
    0x08005a04   0x00000052   Code   RO         2263    i.isr_mbx_receive   RTX_CM4.lib(rt_mailbox.o)
    0x08005a56   0x0000000e   Code   RO         2264    i.isr_mbx_send      RTX_CM4.lib(rt_mailbox.o)
    0x08005a64   0x00000018   Code   RO         1345    i.osDelay           RTX_CM4.lib(rt_cmsis.o)
    0x08005a7c   0x00000024   Code   RO         1346    i.osKernelInitialize  RTX_CM4.lib(rt_cmsis.o)
    0x08005aa0   0x0000006c   Code   RO         1348    i.osKernelStart     RTX_CM4.lib(rt_cmsis.o)
    0x08005b0c   0x00000030   Code   RO         1356    i.osMessageCreate   RTX_CM4.lib(rt_cmsis.o)
    0x08005b3c   0x00000018   Code   RO         1357    i.osMessageGet      RTX_CM4.lib(rt_cmsis.o)
    0x08005b54   0x00000018   Code   RO         1358    i.osMessagePut      RTX_CM4.lib(rt_cmsis.o)
    0x08005b6c   0x00000020   Code   RO         1363    i.osPoolAlloc       RTX_CM4.lib(rt_cmsis.o)
    0x08005b8c   0x00000030   Code   RO         1365    i.osPoolCreate      RTX_CM4.lib(rt_cmsis.o)
    0x08005bbc   0x00000020   Code   RO         1366    i.osPoolFree        RTX_CM4.lib(rt_cmsis.o)
    0x08005bdc   0x00000018   Code   RO         1372    i.osSignalSet       RTX_CM4.lib(rt_cmsis.o)
    0x08005bf4   0x00000018   Code   RO         1373    i.osSignalWait      RTX_CM4.lib(rt_cmsis.o)
    0x08005c0c   0x00000030   Code   RO         1374    i.osThreadCreate    RTX_CM4.lib(rt_cmsis.o)
    0x08005c3c   0x00000018   Code   RO         1375    i.osThreadExit      RTX_CM4.lib(rt_cmsis.o)
    0x08005c54   0x0000000c   Code   RO         1381    i.osTimerCall       RTX_CM4.lib(rt_cmsis.o)
    0x08005c60   0x0000002c   Code   RO         1386    i.osTimerThread     RTX_CM4.lib(rt_cmsis.o)
    0x08005c8c   0x00000028   Code   RO         2051    i.os_tick_init      RTX_CM4.lib(rt_system.o)
    0x08005cb4   0x00000002   Code   RO         2052    i.os_tick_irqack    RTX_CM4.lib(rt_system.o)
    0x08005cb6   0x0000001a   Code   RO         2418    i.rt_alloc_box      RTX_CM4.lib(rt_membox.o)
    0x08005cd0   0x0000003e   Code   RO         2446    i.rt_alloc_mem      RTX_CM4.lib(rt_memory.o)
    0x08005d0e   0x00000002   PAD
    0x08005d10   0x00000038   Code   RO         1966    i.rt_block          RTX_CM4.lib(rt_task.o)
    0x08005d48   0x00000048   Code   RO         2523    i.rt_chk_robin      RTX_CM4.lib(rt_robin.o)
    0x08005d90   0x00000070   Code   RO         2187    i.rt_dec_dly        RTX_CM4.lib(rt_list.o)
    0x08005e00   0x00000044   Code   RO         1967    i.rt_dispatch       RTX_CM4.lib(rt_task.o)
    0x08005e44   0x00000006   Code   RO         2353    i.rt_dly_wait       RTX_CM4.lib(rt_time.o)
    0x08005e4a   0x00000002   PAD
    0x08005e4c   0x00000050   Code   RO         2144    i.rt_evt_psh        RTX_CM4.lib(rt_event.o)
    0x08005e9c   0x0000005c   Code   RO         2145    i.rt_evt_set        RTX_CM4.lib(rt_event.o)
    0x08005ef8   0x0000003c   Code   RO         2146    i.rt_evt_wait       RTX_CM4.lib(rt_event.o)
    0x08005f34   0x0000002c   Code   RO         2419    i.rt_free_box       RTX_CM4.lib(rt_membox.o)
    0x08005f60   0x00000028   Code   RO         2447    i.rt_free_mem       RTX_CM4.lib(rt_memory.o)
    0x08005f88   0x00000028   Code   RO         2188    i.rt_get_first      RTX_CM4.lib(rt_list.o)
    0x08005fb0   0x00000008   Code   RO         1391    i.rt_id2obj         RTX_CM4.lib(rt_cmsis.o)
    0x08005fb8   0x00000048   Code   RO         1968    i.rt_init_context   RTX_CM4.lib(rt_task.o)
    0x08006000   0x0000001a   Code   RO         2448    i.rt_init_mem       RTX_CM4.lib(rt_memory.o)
    0x0800601a   0x00000002   PAD
    0x0800601c   0x00000018   Code   RO         2524    i.rt_init_robin     RTX_CM4.lib(rt_robin.o)
    0x08006034   0x00000080   Code   RO         2473    i.rt_init_stack     RTX_CM4.lib(hal_cm.o)
    0x080060b4   0x00000008   Code   RO         2265    i.rt_mbx_check      RTX_CM4.lib(rt_mailbox.o)
    0x080060bc   0x0000001a   Code   RO         2266    i.rt_mbx_init       RTX_CM4.lib(rt_mailbox.o)
    0x080060d6   0x00000002   PAD
    0x080060d8   0x000000f0   Code   RO         2267    i.rt_mbx_psh        RTX_CM4.lib(rt_mailbox.o)
    0x080061c8   0x00000098   Code   RO         2268    i.rt_mbx_send       RTX_CM4.lib(rt_mailbox.o)
    0x08006260   0x000000b4   Code   RO         2269    i.rt_mbx_wait       RTX_CM4.lib(rt_mailbox.o)
    0x08006314   0x00000044   Code   RO         1392    i.rt_ms2tick        RTX_CM4.lib(rt_cmsis.o)
    0x08006358   0x0000007c   Code   RO         2055    i.rt_pop_req        RTX_CM4.lib(rt_system.o)
    0x080063d4   0x00000020   Code   RO         2056    i.rt_psh_req        RTX_CM4.lib(rt_system.o)
    0x080063f4   0x0000005c   Code   RO         2190    i.rt_psq_enq        RTX_CM4.lib(rt_list.o)
    0x08006450   0x00000048   Code   RO         2191    i.rt_put_dly        RTX_CM4.lib(rt_list.o)
    0x08006498   0x00000036   Code   RO         2192    i.rt_put_prio       RTX_CM4.lib(rt_list.o)
    0x080064ce   0x00000002   PAD
    0x080064d0   0x00000014   Code   RO         2193    i.rt_put_rdy_first  RTX_CM4.lib(rt_list.o)
    0x080064e4   0x00000034   Code   RO         2194    i.rt_resort_prio    RTX_CM4.lib(rt_list.o)
    0x08006518   0x00000010   Code   RO         2474    i.rt_ret_regs       RTX_CM4.lib(hal_cm.o)
    0x08006528   0x0000000c   Code   RO         2475    i.rt_ret_val        RTX_CM4.lib(hal_cm.o)
    0x08006534   0x00000010   Code   RO         2476    i.rt_ret_val2       RTX_CM4.lib(hal_cm.o)
    0x08006544   0x00000028   Code   RO         2195    i.rt_rmv_dly        RTX_CM4.lib(rt_list.o)
    0x0800656c   0x00000030   Code   RO         2196    i.rt_rmv_list       RTX_CM4.lib(rt_list.o)
    0x0800659c   0x00000034   Code   RO         2314    i.rt_sem_psh        RTX_CM4.lib(rt_semaphore.o)
    0x080065d0   0x00000024   Code   RO         2058    i.rt_stk_check      RTX_CM4.lib(rt_system.o)
    0x080065f4   0x00000028   Code   RO         1969    i.rt_switch_req     RTX_CM4.lib(rt_task.o)
    0x0800661c   0x000000cc   Code   RO         1970    i.rt_sys_init       RTX_CM4.lib(rt_task.o)
    0x080066e8   0x00000078   Code   RO         1971    i.rt_sys_start      RTX_CM4.lib(rt_task.o)
    0x08006760   0x00000040   Code   RO         2060    i.rt_systick        RTX_CM4.lib(rt_system.o)
    0x080067a0   0x00000012   Code   RO         1393    i.rt_tid2ptcb       RTX_CM4.lib(rt_cmsis.o)
    0x080067b2   0x00000002   PAD
    0x080067b4   0x00000034   Code   RO         1394    i.rt_timer_insert   RTX_CM4.lib(rt_cmsis.o)
    0x080067e8   0x00000088   Code   RO         1972    i.rt_tsk_create     RTX_CM4.lib(rt_task.o)
    0x08006870   0x00000178   Code   RO         1973    i.rt_tsk_delete     RTX_CM4.lib(rt_task.o)
    0x080069e8   0x0000007c   Code   RO         1975    i.rt_tsk_prio       RTX_CM4.lib(rt_task.o)
    0x08006a64   0x00000010   Code   RO         1976    i.rt_tsk_self       RTX_CM4.lib(rt_task.o)
    0x08006a74   0x00000012   Code   RO         1396    i.svcDelay          RTX_CM4.lib(rt_cmsis.o)
    0x08006a86   0x00000002   PAD
    0x08006a88   0x00000070   Code   RO         1397    i.svcKernelInitialize  RTX_CM4.lib(rt_cmsis.o)
    0x08006af8   0x00000048   Code   RO         1399    i.svcKernelStart    RTX_CM4.lib(rt_cmsis.o)
    0x08006b40   0x00000024   Code   RO         1402    i.svcMessageCreate  RTX_CM4.lib(rt_cmsis.o)
    0x08006b64   0x0000003a   Code   RO         1403    i.svcMessageGet     RTX_CM4.lib(rt_cmsis.o)
    0x08006b9e   0x00000036   Code   RO         1404    i.svcMessagePut     RTX_CM4.lib(rt_cmsis.o)
    0x08006bd4   0x00000028   Code   RO         1409    i.svcPoolCreate     RTX_CM4.lib(rt_cmsis.o)
    0x08006bfc   0x00000024   Code   RO         1415    i.svcSignalSet      RTX_CM4.lib(rt_cmsis.o)
    0x08006c20   0x00000054   Code   RO         1416    i.svcSignalWait     RTX_CM4.lib(rt_cmsis.o)
    0x08006c74   0x00000070   Code   RO         1417    i.svcThreadCreate   RTX_CM4.lib(rt_cmsis.o)
    0x08006ce4   0x0000001c   Code   RO         1418    i.svcThreadGetId    RTX_CM4.lib(rt_cmsis.o)
    0x08006d00   0x00000038   Code   RO         1421    i.svcThreadTerminate  RTX_CM4.lib(rt_cmsis.o)
    0x08006d38   0x00000018   Code   RO         1423    i.svcTimerCall      RTX_CM4.lib(rt_cmsis.o)
    0x08006d50   0x0000000a   Code   RO         1430    i.sysPoolAlloc      RTX_CM4.lib(rt_cmsis.o)
    0x08006d5a   0x00000014   Code   RO         1431    i.sysPoolFree       RTX_CM4.lib(rt_cmsis.o)
    0x08006d6e   0x00000002   PAD
    0x08006d70   0x0000005c   Code   RO         1432    i.sysTimerTick      RTX_CM4.lib(rt_cmsis.o)
    0x08006dcc   0x00000060   Data   RO            5    .constdata          main.o
    0x08006e2c   0x00000024   Data   RO          385    .constdata          display_controller.o
    0x08006e50   0x00000056   Data   RO          526    .constdata          rtx_conf_cm.o
    0x08006ea6   0x00000002   PAD
    0x08006ea8   0x00000098   Data   RO         2862    .constdata          m_wm.l(atan.o)
    0x08006f40   0x00000008   Data   RO         2893    .constdata          m_wm.l(qnan.o)
    0x08006f48   0x00000020   Data   RO         2943    Region$$Table       anon$$obj.o


    Execution Region RW_IRAM1 (Base: 0x20000000, Size: 0x000039a8, Max: 0x00020000, ABSOLUTE)

    Base Addr    Size         Type   Attr      Idx    E Section Name        Object

    0x20000000   0x00000018   Data   RW            6    .data               main.o
    0x20000018   0x00000001   Data   RW          216    .data               acc_controller.o
    0x20000019   0x00000001   Data   RW          243    .data               temp_controller.o
    0x2000001a   0x00000002   PAD
    0x2000001c   0x00000040   Data   RW          318    .data               keypad.o
    0x2000005c   0x00000004   Data   RW          357    .data               segmentdisplay.o
    0x20000060   0x00000010   Data   RW          386    .data               display_controller.o
    0x20000070   0x00000004   Data   RW          416    .data               lsm9ds1.o
    0x20000074   0x00000001   Data   RW          443    .data               gyro_controller.o
    0x20000075   0x00000003   PAD
    0x20000078   0x00000020   Data   RW          527    .data               rtx_conf_cm.o
    0x20000098   0x00000010   Data   RW         1087    .data               stm32f4xx_rcc.o
    0x200000a8   0x00000014   Data   RW         1312    .data               system_stm32f4xx.o
    0x200000bc   0x00000008   Data   RW         1435    .data               RTX_CM4.lib(rt_cmsis.o)
    0x200000c4   0x00000008   Data   RW         1978    .data               RTX_CM4.lib(rt_task.o)
    0x200000cc   0x00000008   Data   RW         2063    .data               RTX_CM4.lib(rt_system.o)
    0x200000d4   0x00000004   Data   RW         2357    .data               RTX_CM4.lib(rt_time.o)
    0x200000d8   0x00000001   Data   RW         2477    .data               RTX_CM4.lib(hal_cm.o)
    0x200000d9   0x00000003   PAD
    0x200000dc   0x00000008   Data   RW         2525    .data               RTX_CM4.lib(rt_robin.o)
    0x200000e4   0x00000004   Data   RW         2906    .data               mc_w.l(stdout.o)
    0x200000e8   0x00000004   Data   RW         2918    .data               mc_w.l(errno.o)
    0x200000ec   0x0000017c   Zero   RW          384    .bss                display_controller.o
    0x20000268   0x000032d8   Zero   RW          525    .bss                rtx_conf_cm.o
    0x20003540   0x00000034   Zero   RW         1977    .bss                RTX_CM4.lib(rt_task.o)
    0x20003574   0x00000030   Zero   RW         2197    .bss                RTX_CM4.lib(rt_list.o)
    0x200035a4   0x00000004   PAD
    0x200035a8   0x00000400   Zero   RW         1301    STACK               startup_stm32f40_41xxx.o


==============================================================================

Image component sizes


      Code (inc. data)   RO Data    RW Data    ZI Data      Debug   Object Name

       364         38          0          1          0       1862   acc_controller.o
       600         70         36         16        380       3135   display_controller.o
        56          4          0          0          0      27319   fputc_debug.o
       128         12          0          1          0       1291   gyro_controller.o
      1044         48          0          0          0       2481   initialization.o
       572         20          0         64          0       3069   keypad.o
      1512         54          0          4          0       4883   lsm9ds1.o
       304         66         96         24          0     333400   main.o
       224         20          0          0          0       2005   misc.o
       140         10          0          0          0       1550   movingaveragefilter.o
       340         14          0          0          0       1394   program.o
        54          6         86         32      13016       7382   rtx_conf_cm.o
      1728         30          0          4          0       3808   segmentdisplay.o
        36          8        392          0       1024        860   startup_stm32f40_41xxx.o
      1124         24          0          0          0      10874   stm32f4xx_adc.o
       272         10          0          0          0       2475   stm32f4xx_exti.o
       660         44          0          0          0       4345   stm32f4xx_gpio.o
      1588         52          0         16          0      13078   stm32f4xx_rcc.o
      1102         32          0          0          0       7113   stm32f4xx_spi.o
       148         12          0          0          0       1909   stm32f4xx_syscfg.o
      3234         60          0          0          0      23200   stm32f4xx_tim.o
       528         46          0         20          0       1955   system_stm32f4xx.o
       356         42          0          1          0       1380   temp_controller.o

    ----------------------------------------------------------------------
     16120        722        644        188      14420     460768   Object Totals
         0          0         32          0          0          0   (incl. Generated)
         6          0          2          5          0          0   (incl. Padding)

    ----------------------------------------------------------------------

      Code (inc. data)   RO Data    RW Data    ZI Data      Debug   Library Member Name

       268         24          0          1          0       4372   hal_cm.o
       408         34          0          0          0        804   hal_cm4.o
      1672        198          0          8          0      44058   rt_cmsis.o
       272         18          0          0          0       2766   rt_event.o
       530         34          0          0         48       8525   rt_list.o
       702         14          0          0          0       4995   rt_mailbox.o
       140          0          0          0          0       2009   rt_membox.o
       128          0          0          0          0       2383   rt_memory.o
        96         22          0          8          0       1206   rt_robin.o
        52          4          0          0          0        605   rt_semaphore.o
       298         52          0          8          0       6379   rt_system.o
      1212        174          0          8         52       9933   rt_task.o
         6          0          0          4          0        668   rt_time.o
         4          4          0          0          0        188   svc_table.o
       744        106        152          0          0        352   atan.o
       496         64          0          0          0        192   atan2.o
        72          8          0          0          0        372   dunder.o
        24          0          0          0          0        124   fabs.o
        48          0          0          0          0        124   fpclassify.o
       248          0          0          0          0        152   poly.o
         0          0          8          0          0          0   qnan.o
       122          0          0          0          0        148   sqrt.o
         0          0          0          0          0          0   entry.o
         0          0          0          0          0          0   entry10a.o
         0          0          0          0          0          0   entry11a.o
         8          4          0          0          0          0   entry2.o
         4          0          0          0          0          0   entry5.o
         0          0          0          0          0          0   entry7b.o
         0          0          0          0          0          0   entry8b.o
        12          6          0          4          0         68   errno.o
        30          0          0          0          0          0   handlers.o
        36          8          0          0          0         68   init.o
         0          0          0          0          0          0   iusefp.o
        30          0          0          0          0         68   llshl.o
        36          0          0          0          0         68   llsshr.o
        32          0          0          0          0         68   llushr.o
      2226         90          0          0          0        444   printfa.o
         0          0          0          4          0          0   stdout.o
        44          0          0          0          0         80   uidiv.o
        98          0          0          0          0         92   uldiv.o
        48          0          0          0          0         68   cdrcmple.o
        56          0          0          0          0         88   d2f.o
       334          0          0          0          0        148   dadd.o
       222          0          0          0          0        100   ddiv.o
       186          0          0          0          0        176   depilogue.o
        48          0          0          0          0         68   dfixul.o
        34          0          0          0          0         76   dflti.o
       228          0          0          0          0         96   dmul.o
       162          0          0          0          0        100   dsqrt.o
        38          0          0          0          0         68   f2d.o
       110          0          0          0          0        168   fepilogue.o

    ----------------------------------------------------------------------
     11596        864        160         48        104      92467   Library Totals
        32          0          0          3          4          0   (incl. Padding)

    ----------------------------------------------------------------------

      Code (inc. data)   RO Data    RW Data    ZI Data      Debug   Library Name

      5788        578          0         37        100      88891   RTX_CM4.lib
      1754        178        160          0          0       1464   m_wm.l
      2556        108          0          8          0        956   mc_w.l
      1466          0          0          0          0       1156   mf_w.l

    ----------------------------------------------------------------------
     11596        864        160         48        104      92467   Library Totals

    ----------------------------------------------------------------------

==============================================================================


      Code (inc. data)   RO Data    RW Data    ZI Data      Debug   

     27716       1586        804        236      14524     537999   Grand Totals
     27716       1586        804        236      14524     537999   ELF Image Totals
     27716       1586        804        236          0          0   ROM Totals

==============================================================================

    Total RO  Size (Code + RO Data)                28520 (  27.85kB)
    Total RW  Size (RW Data + ZI Data)             14760 (  14.41kB)
    Total ROM Size (Code + RO Data + RW Data)      28756 (  28.08kB)

==============================================================================

