Component: ARM Compiler 5.06 (build 20) Tool: armlink [4d35a3]

==============================================================================

Section Cross References

    main.o(.text) refers to stm32f4xx_rcc.o(.text) for RCC_AHB1PeriphClockCmd
    main.o(.text) refers to stm32f4xx_gpio.o(.text) for GPIO_Init
    main.o(.text) refers to printfa.o(i.__0printf) for __2printf
    main.o(.text) refers to rt_cmsis.o(i.osDelay) for osDelay
    main.o(.text) refers to rt_cmsis.o(i.osKernelInitialize) for osKernelInitialize
    main.o(.text) refers to rt_cmsis.o(i.osThreadCreate) for osThreadCreate
    main.o(.text) refers to rt_cmsis.o(i.osKernelStart) for osKernelStart
    main.o(.text) refers to stm32f4xx_exti.o(.text) for EXTI_ClearITPendingBit
    main.o(.text) refers to rt_cmsis.o(i.osSignalSet) for osSignalSet
    main.o(.text) refers to stm32f4xx_tim.o(.text) for TIM_ClearITPendingBit
    main.o(.text) refers to main.o(.constdata) for os_thread_def_temp_thread
    main.o(.text) refers to main.o(.data) for Temp_thread
    main.o(.constdata) refers to main.o(.text) for Blinky
    main.o(.constdata) refers to temp_controller.o(.text) for temp_thread
    main.o(.constdata) refers to acc_controller.o(.text) for acc_thread
    main.o(.constdata) refers to display_controller.o(.text) for display_controller_thread
    main.o(.constdata) refers to keypad.o(.text) for keypad_thread
    acc_controller.o(.text) refers to initialization.o(.text) for acc_ext_init
    acc_controller.o(.text) refers to movingaveragefilter.o(.text) for initializeFilter
    acc_controller.o(.text) refers to program.o(.text) for delay
    acc_controller.o(.text) refers to rt_cmsis.o(i.osSignalWait) for osSignalWait
    acc_controller.o(.text) refers to lsm9ds1.o(.text) for LSM9DS1_ReadGYRO
    acc_controller.o(.text) refers to rt_cmsis.o(i.osPoolAlloc) for osPoolAlloc
    acc_controller.o(.text) refers to rt_cmsis.o(i.osMessagePut) for osMessagePut
    acc_controller.o(.text) refers to f2d.o(.text) for __aeabi_f2d
    acc_controller.o(.text) refers to printfa.o(i.__0printf) for __2printf
    acc_controller.o(.text) refers to acc_controller.o(.data) for interrupt_EXTI0
    acc_controller.o(.text) refers to display_controller.o(.data) for acc_mpool
    temp_controller.o(.text) refers to initialization.o(.text) for temp_init
    temp_controller.o(.text) refers to movingaveragefilter.o(.text) for initializeFilter
    temp_controller.o(.text) refers to rt_cmsis.o(i.osSignalWait) for osSignalWait
    temp_controller.o(.text) refers to stm32f4xx_adc.o(.text) for ADC_RegularChannelConfig
    temp_controller.o(.text) refers to f2d.o(.text) for __aeabi_f2d
    temp_controller.o(.text) refers to ddiv.o(.text) for __aeabi_ddiv
    temp_controller.o(.text) refers to d2f.o(.text) for __aeabi_d2f
    temp_controller.o(.text) refers to dflti.o(.text) for __aeabi_i2d
    temp_controller.o(.text) refers to rt_cmsis.o(i.osMessagePut) for osMessagePut
    temp_controller.o(.text) refers to display_controller.o(.data) for temp_mqueue
    temp_controller.o(.text) refers to temp_controller.o(.data) for interrupt_TIM2
    program.o(.text) refers to f2d.o(.text) for __aeabi_f2d
    program.o(.text) refers to sqrt.o(i.__hardfp_sqrt) for __hardfp_sqrt
    program.o(.text) refers to atan2.o(i.__hardfp_atan2) for __hardfp_atan2
    program.o(.text) refers to d2f.o(.text) for __aeabi_d2f
    program.o(.text) refers to ddiv.o(.text) for __aeabi_ddiv
    initialization.o(.text) refers to lis3dsh.o(.text) for LIS3DSH_Init
    initialization.o(.text) refers to stm32f4xx_rcc.o(.text) for RCC_APB2PeriphClockCmd
    initialization.o(.text) refers to stm32f4xx_gpio.o(.text) for GPIO_Init
    initialization.o(.text) refers to stm32f4xx_exti.o(.text) for EXTI_Init
    initialization.o(.text) refers to stm32f4xx_syscfg.o(.text) for SYSCFG_EXTILineConfig
    initialization.o(.text) refers to misc.o(.text) for NVIC_Init
    initialization.o(.text) refers to lsm9ds1.o(.text) for LSM9DS1_Init
    initialization.o(.text) refers to stm32f4xx_adc.o(.text) for ADC_DeInit
    initialization.o(.text) refers to stm32f4xx_tim.o(.text) for TIM_TimeBaseInit
    initialization.o(.text) refers to f2d.o(.text) for __aeabi_f2d
    initialization.o(.text) refers to dadd.o(.text) for __aeabi_dadd
    initialization.o(.text) refers to d2f.o(.text) for __aeabi_d2f
    keypad.o(.text) refers to stm32f4xx_gpio.o(.text) for GPIO_ReadInputDataBit
    keypad.o(.text) refers to initialization.o(.text) for alpha_num_kp_init
    keypad.o(.text) refers to rt_cmsis.o(i.osMessagePut) for osMessagePut
    keypad.o(.text) refers to program.o(.text) for delay
    keypad.o(.text) refers to keypad.o(.data) for keypadArray
    keypad.o(.text) refers to display_controller.o(.data) for kp_mqueue
    segmentdisplay.o(.text) refers to stm32f4xx_gpio.o(.text) for GPIO_ResetBits
    segmentdisplay.o(.text) refers to segmentdisplay.o(.data) for tick
[...]
    _printf_fp_dec                           0x00000000   Number         0  stubs.o ABSOLUTE
    _printf_fp_hex                           0x00000000   Number         0  stubs.o ABSOLUTE
    _printf_g                                0x00000000   Number         0  stubs.o ABSOLUTE
    _printf_i                                0x00000000   Number         0  stubs.o ABSOLUTE
    _printf_int_dec                          0x00000000   Number         0  stubs.o ABSOLUTE
    _printf_l                                0x00000000   Number         0  stubs.o ABSOLUTE
    _printf_lc                               0x00000000   Number         0  stubs.o ABSOLUTE
    _printf_ll                               0x00000000   Number         0  stubs.o ABSOLUTE
    _printf_lld                              0x00000000   Number         0  stubs.o ABSOLUTE
    _printf_lli                              0x00000000   Number         0  stubs.o ABSOLUTE
    _printf_llo                              0x00000000   Number         0  stubs.o ABSOLUTE
    _printf_llu                              0x00000000   Number         0  stubs.o ABSOLUTE
    _printf_llx                              0x00000000   Number         0  stubs.o ABSOLUTE
    _printf_longlong_dec                     0x00000000   Number         0  stubs.o ABSOLUTE
    _printf_longlong_hex                     0x00000000   Number         0  stubs.o ABSOLUTE
    _printf_longlong_oct                     0x00000000   Number         0  stubs.o ABSOLUTE
    _printf_ls                               0x00000000   Number         0  stubs.o ABSOLUTE
    _printf_mbtowc                           0x00000000   Number         0  stubs.o ABSOLUTE
    _printf_n                                0x00000000   Number         0  stubs.o ABSOLUTE
    _printf_o                                0x00000000   Number         0  stubs.o ABSOLUTE
    _printf_p                                0x00000000   Number         0  stubs.o ABSOLUTE
    _printf_percent                          0x00000000   Number         0  stubs.o ABSOLUTE
    _printf_pre_padding                      0x00000000   Number         0  stubs.o ABSOLUTE
    _printf_return_value                     0x00000000   Number         0  stubs.o ABSOLUTE
    _printf_s                                0x00000000   Number         0  stubs.o ABSOLUTE
    _printf_sizespec                         0x00000000   Number         0  stubs.o ABSOLUTE
    _printf_str                              0x00000000   Number         0  stubs.o ABSOLUTE
    _printf_truncate_signed                  0x00000000   Number         0  stubs.o ABSOLUTE
    _printf_truncate_unsigned                0x00000000   Number         0  stubs.o ABSOLUTE
    _printf_u                                0x00000000   Number         0  stubs.o ABSOLUTE
    _printf_wc                               0x00000000   Number         0  stubs.o ABSOLUTE
    _printf_wctomb                           0x00000000   Number         0  stubs.o ABSOLUTE
    _printf_widthprec                        0x00000000   Number         0  stubs.o ABSOLUTE
    _printf_x                                0x00000000   Number         0  stubs.o ABSOLUTE
    __cpp_initialize__aeabi_                  - Undefined Weak Reference
    __cxa_finalize                            - Undefined Weak Reference
    __decompress                              - Undefined Weak Reference
    _clock_init                               - Undefined Weak Reference
    _microlib_exit                            - Undefined Weak Reference
    __Vectors_Size                           0x00000188   Number         0  startup_stm32f40_41xxx.o ABSOLUTE
    __RL_RTX_VER                             0x00000479   Number         0  rt_system.o ABSOLUTE
    __Vectors                                0x08000000   Data           4  startup_stm32f40_41xxx.o(RESET)
    __Vectors_End                            0x08000188   Data           0  startup_stm32f40_41xxx.o(RESET)
    __main                                   0x08000189   Thumb Code     0  entry.o(.ARM.Collect$$$$00000000)
    _main_stk                                0x08000189   Thumb Code     0  entry2.o(.ARM.Collect$$$$00000001)
    _main_scatterload                        0x0800018d   Thumb Code     0  entry5.o(.ARM.Collect$$$$00000004)
    __main_after_scatterload                 0x08000191   Thumb Code     0  entry5.o(.ARM.Collect$$$$00000004)
    __rt_final_cpp                           0x08000191   Thumb Code     0  entry10a.o(.ARM.Collect$$$$0000000D)
    __rt_final_exit                          0x08000191   Thumb Code     0  entry11a.o(.ARM.Collect$$$$0000000F)
    _main_clock                              0x08000191   Thumb Code     0  entry7b.o(.ARM.Collect$$$$00000008)
    _main_cpp_init                           0x08000191   Thumb Code     0  entry8b.o(.ARM.Collect$$$$0000000A)
    _main_init                               0x08000191   Thumb Code    18  rtx_conf_cm.o(.ARM.Collect$$$$000000FF)
    rt_set_PSP                               0x080001ad   Thumb Code     6  hal_cm4.o(.emb_text)
    rt_get_PSP                               0x080001b3   Thumb Code     6  hal_cm4.o(.emb_text)
    os_set_env                               0x080001b9   Thumb Code    24  hal_cm4.o(.emb_text)
    _alloc_box                               0x080001d5   Thumb Code    28  hal_cm4.o(.emb_text)
    _free_box                                0x080001f5   Thumb Code    28  hal_cm4.o(.emb_text)
    SVC_Handler                              0x08000215   Thumb Code   168  hal_cm4.o(.emb_text)
    PendSV_Handler                           0x080002cd   Thumb Code    96  hal_cm4.o(.emb_text)
    SysTick_Handler                          0x08000331   Thumb Code     8  hal_cm4.o(.emb_text)
    OS_Tick_Handler                          0x08000339   Thumb Code    12  hal_cm4.o(.emb_text)
    Blinky_GPIO_Init                         0x08000345   Thumb Code    50  main.o(.text)
    Blinky                                   0x08000377   Thumb Code    26  main.o(.text)
    main                                     0x08000391   Thumb Code    66  main.o(.text)
    EXTI0_IRQHandler                         0x080003d3   Thumb Code    20  main.o(.text)
    TIM2_IRQHandler                          0x080003e7   Thumb Code    22  main.o(.text)
    TIM3_IRQHandler                          0x080003fd   Thumb Code    22  main.o(.text)
    fputc                                    0x0800044d   Thumb Code    52  fputc_debug.o(.text)
    acc_thread                               0x08000485   Thumb Code   324  acc_controller.o(.text)
    setInterrupt_EXTI0                       0x080005c9   Thumb Code     8  acc_controller.o(.text)
    temp_thread                              0x080005f1   Thumb Code   312  temp_controller.o(.text)
    setInterruptTIM2                         0x08000729   Thumb Code     8  temp_controller.o(.text)
    delay                                    0x08000755   Thumb Code    12  program.o(.text)
    calculatePitch                           0x08000761   Thumb Code   126  program.o(.text)
    calculateRoll                            0x080007df   Thumb Code   126  program.o(.text)
    convertToDegrees                         0x0800085d   Thumb Code    62  program.o(.text)
    acc_init                                 0x080008a9   Thumb Code   188  initialization.o(.text)
    acc_ext_init                             0x08000965   Thumb Code   202  initialization.o(.text)
    temp_init                                0x08000a2f   Thumb Code   224  initialization.o(.text)
    seg_7_display_init                       0x08000b0f   Thumb Code   148  initialization.o(.text)
    alpha_num_kp_init                        0x08000ba3   Thumb Code    96  initialization.o(.text)
    offsetAccData                            0x08000c03   Thumb Code   134  initialization.o(.text)
    board_led_init                           0x08000c89   Thumb Code    54  initialization.o(.text)
    scanKeypad                               0x08000cf1   Thumb Code    94  keypad.o(.text)
    switchRowToOutput                        0x08000d4f   Thumb Code    44  keypad.o(.text)
    switchRowToInput                         0x08000d7b   Thumb Code    46  keypad.o(.text)
    switchColumnToOutput                     0x08000da9   Thumb Code    46  keypad.o(.text)
    switchColumnToInput                      0x08000dd7   Thumb Code    48  keypad.o(.text)
    scanInputArray                           0x08000e07   Thumb Code    36  keypad.o(.text)
    getPressedButton                         0x08000e2b   Thumb Code    92  keypad.o(.text)
    keypad_thread                            0x08000e87   Thumb Code   152  keypad.o(.text)
    initializeFilter                         0x08000f2d   Thumb Code    44  movingaveragefilter.o(.text)
    modify_filterState                       0x08000f59   Thumb Code    86  movingaveragefilter.o(.text)
    displayNothing                           0x08000fb9   Thumb Code    80  segmentdisplay.o(.text)
    displayZero                              0x08001009   Thumb Code    80  segmentdisplay.o(.text)
    displayOne                               0x08001059   Thumb Code    80  segmentdisplay.o(.text)
    displayTwo                               0x080010a9   Thumb Code    80  segmentdisplay.o(.text)
    displayThree                             0x080010f9   Thumb Code    80  segmentdisplay.o(.text)
    displayFour                              0x08001149   Thumb Code    80  segmentdisplay.o(.text)
    displayFive                              0x08001199   Thumb Code    80  segmentdisplay.o(.text)
    displaySix                               0x080011e9   Thumb Code    80  segmentdisplay.o(.text)
    displaySeven                             0x08001239   Thumb Code    80  segmentdisplay.o(.text)
    displayEight                             0x08001289   Thumb Code    80  segmentdisplay.o(.text)
    displayNine                              0x080012d9   Thumb Code    80  segmentdisplay.o(.text)
    displayLine                              0x08001329   Thumb Code    80  segmentdisplay.o(.text)
    displayDegree                            0x08001379   Thumb Code    86  segmentdisplay.o(.text)
    selectDigit                              0x080013cf   Thumb Code   160  segmentdisplay.o(.text)
    displayDigit                             0x0800146f   Thumb Code    94  segmentdisplay.o(.text)
    displayNumber                            0x080014cd   Thumb Code   200  segmentdisplay.o(.text)
    displayDPAt                              0x08001595   Thumb Code   156  segmentdisplay.o(.text)
    display_thread                           0x08001631   Thumb Code    64  segmentdisplay.o(.text)
    display_controller_thread                0x08001679   Thumb Code   536  display_controller.o(.text)
    LSM9DS1_TIMEOUT_UserCallback             0x080018d1   Thumb Code     4  lsm9ds1.o(.text)
    LSM9DS1_Write                            0x0800193f   Thumb Code    62  lsm9ds1.o(.text)
    LSM9DS1_Init                             0x08001aa7   Thumb Code    58  lsm9ds1.o(.text)
    LSM9DS1_Gyro_Init                        0x08001ae1   Thumb Code    32  lsm9ds1.o(.text)
    LSM9DS1_INT1_Config                      0x08001b01   Thumb Code    28  lsm9ds1.o(.text)
    LSM9DS1_Read                             0x08001b1d   Thumb Code    70  lsm9ds1.o(.text)
    LSM9DS1_LowpowerCmd                      0x08001b63   Thumb Code    76  lsm9ds1.o(.text)
    LSM9DS1_DataRateCmd                      0x08001baf   Thumb Code    44  lsm9ds1.o(.text)
    LSM9DS1_FullScaleCmd                     0x08001bdb   Thumb Code    44  lsm9ds1.o(.text)
    LSM9DS1_ReadACC                          0x08001c07   Thumb Code   470  lsm9ds1.o(.text)
    LSM9DS1_ReadGYRO                         0x08001ddd   Thumb Code   156  lsm9ds1.o(.text)
    LIS3DSH_TIMEOUT_UserCallback             0x08001e91   Thumb Code     4  lis3dsh.o(.text)
    LIS3DSH_Write                            0x08001eff   Thumb Code    58  lis3dsh.o(.text)
    LIS3DSH_Init                             0x0800205f   Thumb Code    58  lis3dsh.o(.text)
    LIS3DSH_Read                             0x08002099   Thumb Code    66  lis3dsh.o(.text)
    LIS3DSH_DataReadyInterruptConfig         0x080020db   Thumb Code    42  lis3dsh.o(.text)
    LIS3DSH_LowpowerCmd                      0x08002105   Thumb Code    40  lis3dsh.o(.text)
    LIS3DSH_DataRateCmd                      0x0800212d   Thumb Code    44  lis3dsh.o(.text)
    LIS3DSH_FullScaleCmd                     0x08002159   Thumb Code    44  lis3dsh.o(.text)
    LIS3DSH_ReadACC                          0x08002185   Thumb Code   576  lis3dsh.o(.text)
    os_idle_demon                            0x080023dd   Thumb Code     4  rtx_conf_cm.o(.text)
    os_error                                 0x080023e1   Thumb Code    26  rtx_conf_cm.o(.text)
    NVIC_PriorityGroupConfig                 0x080023fd   Thumb Code    10  misc.o(.text)
    NVIC_Init                                0x08002407   Thumb Code   106  misc.o(.text)
    NVIC_SetVectorTable                      0x08002471   Thumb Code    14  misc.o(.text)
    NVIC_SystemLPConfig                      0x0800247f   Thumb Code    34  misc.o(.text)
    SysTick_CLKSourceConfig                  0x080024a1   Thumb Code    40  misc.o(.text)
    ADC_DeInit                               0x080024dd   Thumb Code    22  stm32f4xx_adc.o(.text)
    ADC_Init                                 0x080024f3   Thumb Code    74  stm32f4xx_adc.o(.text)
    ADC_StructInit                           0x0800253d   Thumb Code    20  stm32f4xx_adc.o(.text)
    ADC_CommonInit                           0x08002551   Thumb Code    34  stm32f4xx_adc.o(.text)
    ADC_CommonStructInit                     0x08002573   Thumb Code    12  stm32f4xx_adc.o(.text)
    ADC_Cmd                                  0x0800257f   Thumb Code    22  stm32f4xx_adc.o(.text)
    ADC_AnalogWatchdogCmd                    0x08002595   Thumb Code    16  stm32f4xx_adc.o(.text)
    ADC_AnalogWatchdogThresholdsConfig       0x080025a5   Thumb Code     6  stm32f4xx_adc.o(.text)
    ADC_AnalogWatchdogSingleChannelConfig    0x080025ab   Thumb Code    16  stm32f4xx_adc.o(.text)
    ADC_TempSensorVrefintCmd                 0x080025bb   Thumb Code    34  stm32f4xx_adc.o(.text)
    ADC_VBATCmd                              0x080025dd   Thumb Code    34  stm32f4xx_adc.o(.text)
    ADC_RegularChannelConfig                 0x080025ff   Thumb Code   184  stm32f4xx_adc.o(.text)
    ADC_SoftwareStartConv                    0x080026b7   Thumb Code    10  stm32f4xx_adc.o(.text)
    ADC_GetSoftwareStartConvStatus           0x080026c1   Thumb Code    20  stm32f4xx_adc.o(.text)
    ADC_EOCOnEachRegularChannelCmd           0x080026d5   Thumb Code    22  stm32f4xx_adc.o(.text)
    ADC_ContinuousModeCmd                    0x080026eb   Thumb Code    22  stm32f4xx_adc.o(.text)
    ADC_DiscModeChannelCountConfig           0x08002701   Thumb Code    24  stm32f4xx_adc.o(.text)
    ADC_DiscModeCmd                          0x08002719   Thumb Code    22  stm32f4xx_adc.o(.text)
    ADC_GetConversionValue                   0x0800272f   Thumb Code     8  stm32f4xx_adc.o(.text)
    ADC_GetMultiModeConversionValue          0x08002737   Thumb Code     8  stm32f4xx_adc.o(.text)
    ADC_DMACmd                               0x0800273f   Thumb Code    22  stm32f4xx_adc.o(.text)
    ADC_DMARequestAfterLastTransferCmd       0x08002755   Thumb Code    22  stm32f4xx_adc.o(.text)
    ADC_MultiModeDMARequestAfterLastTransferCmd 0x0800276b   Thumb Code    34  stm32f4xx_adc.o(.text)
    ADC_InjectedChannelConfig                0x0800278d   Thumb Code   130  stm32f4xx_adc.o(.text)
    ADC_InjectedSequencerLengthConfig        0x0800280f   Thumb Code    24  stm32f4xx_adc.o(.text)
    ADC_SetInjectedOffset                    0x08002827   Thumb Code    20  stm32f4xx_adc.o(.text)
    ADC_ExternalTrigInjectedConvConfig       0x0800283b   Thumb Code    16  stm32f4xx_adc.o(.text)
    ADC_ExternalTrigInjectedConvEdgeConfig   0x0800284b   Thumb Code    16  stm32f4xx_adc.o(.text)
    ADC_SoftwareStartInjectedConv            0x0800285b   Thumb Code    10  stm32f4xx_adc.o(.text)
    ADC_GetSoftwareStartInjectedConvCmdStatus 0x08002865   Thumb Code    20  stm32f4xx_adc.o(.text)
    ADC_AutoInjectedConvCmd                  0x08002879   Thumb Code    22  stm32f4xx_adc.o(.text)
    ADC_InjectedDiscModeCmd                  0x0800288f   Thumb Code    22  stm32f4xx_adc.o(.text)
    ADC_GetInjectedConversionValue           0x080028a5   Thumb Code    28  stm32f4xx_adc.o(.text)
    ADC_ITConfig                             0x080028c1   Thumb Code    56  stm32f4xx_adc.o(.text)
    ADC_GetFlagStatus                        0x080028f9   Thumb Code    18  stm32f4xx_adc.o(.text)
    ADC_ClearFlag                            0x0800290b   Thumb Code     6  stm32f4xx_adc.o(.text)
    ADC_GetITStatus                          0x08002911   Thumb Code    38  stm32f4xx_adc.o(.text)
    ADC_ClearITPendingBit                    0x08002937   Thumb Code    10  stm32f4xx_adc.o(.text)
    EXTI_DeInit                              0x08002941   Thumb Code    28  stm32f4xx_exti.o(.text)
    EXTI_Init                                0x0800295d   Thumb Code   142  stm32f4xx_exti.o(.text)
    EXTI_StructInit                          0x080029eb   Thumb Code    16  stm32f4xx_exti.o(.text)
    EXTI_GenerateSWInterrupt                 0x080029fb   Thumb Code    16  stm32f4xx_exti.o(.text)
    EXTI_GetFlagStatus                       0x08002a0b   Thumb Code    22  stm32f4xx_exti.o(.text)
    EXTI_ClearFlag                           0x08002a21   Thumb Code     8  stm32f4xx_exti.o(.text)
    EXTI_GetITStatus                         0x08002a29   Thumb Code    22  stm32f4xx_exti.o(.text)
    EXTI_ClearITPendingBit                   0x08002a3f   Thumb Code     8  stm32f4xx_exti.o(.text)
    GPIO_DeInit                              0x08002a51   Thumb Code   268  stm32f4xx_gpio.o(.text)
    GPIO_Init                                0x08002b5d   Thumb Code   144  stm32f4xx_gpio.o(.text)
    GPIO_StructInit                          0x08002bed   Thumb Code    18  stm32f4xx_gpio.o(.text)
    GPIO_PinLockConfig                       0x08002bff   Thumb Code    34  stm32f4xx_gpio.o(.text)
    GPIO_ReadInputDataBit                    0x08002c21   Thumb Code    18  stm32f4xx_gpio.o(.text)
    GPIO_ReadInputData                       0x08002c33   Thumb Code     8  stm32f4xx_gpio.o(.text)
    GPIO_ReadOutputDataBit                   0x08002c3b   Thumb Code    18  stm32f4xx_gpio.o(.text)
    GPIO_ReadOutputData                      0x08002c4d   Thumb Code     8  stm32f4xx_gpio.o(.text)
    GPIO_SetBits                             0x08002c55   Thumb Code     4  stm32f4xx_gpio.o(.text)
    GPIO_ResetBits                           0x08002c59   Thumb Code     4  stm32f4xx_gpio.o(.text)
    GPIO_WriteBit                            0x08002c5d   Thumb Code    10  stm32f4xx_gpio.o(.text)
    GPIO_Write                               0x08002c67   Thumb Code     4  stm32f4xx_gpio.o(.text)
    GPIO_ToggleBits                          0x08002c6b   Thumb Code     8  stm32f4xx_gpio.o(.text)
    GPIO_PinAFConfig                         0x08002c73   Thumb Code    70  stm32f4xx_gpio.o(.text)
    RCC_DeInit                               0x08002ce5   Thumb Code    82  stm32f4xx_rcc.o(.text)
    RCC_HSEConfig                            0x08002d37   Thumb Code    14  stm32f4xx_rcc.o(.text)
    RCC_GetFlagStatus                        0x08002d45   Thumb Code    60  stm32f4xx_rcc.o(.text)
    RCC_WaitForHSEStartUp                    0x08002d81   Thumb Code    56  stm32f4xx_rcc.o(.text)
    RCC_AdjustHSICalibrationValue            0x08002db9   Thumb Code    20  stm32f4xx_rcc.o(.text)
    RCC_HSICmd                               0x08002dcd   Thumb Code     6  stm32f4xx_rcc.o(.text)
    RCC_LSEConfig                            0x08002dd3   Thumb Code    46  stm32f4xx_rcc.o(.text)
    RCC_LSICmd                               0x08002e01   Thumb Code     6  stm32f4xx_rcc.o(.text)
    RCC_PLLConfig                            0x08002e07   Thumb Code    32  stm32f4xx_rcc.o(.text)
    RCC_PLLCmd                               0x08002e27   Thumb Code     6  stm32f4xx_rcc.o(.text)
    RCC_PLLI2SConfig                         0x08002e2d   Thumb Code    14  stm32f4xx_rcc.o(.text)
    RCC_PLLI2SCmd                            0x08002e3b   Thumb Code     6  stm32f4xx_rcc.o(.text)
    RCC_PLLSAIConfig                         0x08002e41   Thumb Code    20  stm32f4xx_rcc.o(.text)
    RCC_PLLSAICmd                            0x08002e55   Thumb Code     6  stm32f4xx_rcc.o(.text)
    RCC_ClockSecuritySystemCmd               0x08002e5b   Thumb Code     6  stm32f4xx_rcc.o(.text)
    RCC_MCO1Config                           0x08002e61   Thumb Code    28  stm32f4xx_rcc.o(.text)
    RCC_MCO2Config                           0x08002e7d   Thumb Code    28  stm32f4xx_rcc.o(.text)
    RCC_SYSCLKConfig                         0x08002e99   Thumb Code    20  stm32f4xx_rcc.o(.text)
    RCC_GetSYSCLKSource                      0x08002ead   Thumb Code    12  stm32f4xx_rcc.o(.text)
    RCC_HCLKConfig                           0x08002eb9   Thumb Code    20  stm32f4xx_rcc.o(.text)
    RCC_PCLK1Config                          0x08002ecd   Thumb Code    20  stm32f4xx_rcc.o(.text)
    RCC_PCLK2Config                          0x08002ee1   Thumb Code    22  stm32f4xx_rcc.o(.text)
    RCC_GetClocksFreq                        0x08002ef7   Thumb Code   222  stm32f4xx_rcc.o(.text)
    RCC_RTCCLKConfig                         0x08002fd5   Thumb Code    54  stm32f4xx_rcc.o(.text)
    RCC_RTCCLKCmd                            0x0800300b   Thumb Code     8  stm32f4xx_rcc.o(.text)
    RCC_BackupResetCmd                       0x08003013   Thumb Code     8  stm32f4xx_rcc.o(.text)
    RCC_I2SCLKConfig                         0x0800301b   Thumb Code     6  stm32f4xx_rcc.o(.text)
    RCC_SAIPLLI2SClkDivConfig                0x08003021   Thumb Code    26  stm32f4xx_rcc.o(.text)
    RCC_SAIPLLSAIClkDivConfig                0x0800303b   Thumb Code    28  stm32f4xx_rcc.o(.text)
    RCC_SAIBlockACLKConfig                   0x08003057   Thumb Code    20  stm32f4xx_rcc.o(.text)
    RCC_SAIBlockBCLKConfig                   0x0800306b   Thumb Code    20  stm32f4xx_rcc.o(.text)
    RCC_LTDCCLKDivConfig                     0x0800307f   Thumb Code    20  stm32f4xx_rcc.o(.text)
    RCC_TIMCLKPresConfig                     0x08003093   Thumb Code     6  stm32f4xx_rcc.o(.text)
    RCC_AHB1PeriphClockCmd                   0x08003099   Thumb Code    34  stm32f4xx_rcc.o(.text)
    RCC_AHB2PeriphClockCmd                   0x080030bb   Thumb Code    78  stm32f4xx_rcc.o(.text)
    RCC_AHB3PeriphClockCmd                   0x08003109   Thumb Code    34  stm32f4xx_rcc.o(.text)
    RCC_APB1PeriphClockCmd                   0x0800312b   Thumb Code    34  stm32f4xx_rcc.o(.text)
    RCC_APB2PeriphClockCmd                   0x0800314d   Thumb Code    34  stm32f4xx_rcc.o(.text)
    RCC_AHB1PeriphResetCmd                   0x0800316f   Thumb Code    34  stm32f4xx_rcc.o(.text)
    RCC_AHB2PeriphResetCmd                   0x08003191   Thumb Code    34  stm32f4xx_rcc.o(.text)
    RCC_AHB3PeriphResetCmd                   0x080031b3   Thumb Code    34  stm32f4xx_rcc.o(.text)
    RCC_APB1PeriphResetCmd                   0x080031d5   Thumb Code    34  stm32f4xx_rcc.o(.text)
    RCC_APB2PeriphResetCmd                   0x080031f7   Thumb Code    34  stm32f4xx_rcc.o(.text)
    RCC_AHB1PeriphClockLPModeCmd             0x08003219   Thumb Code    34  stm32f4xx_rcc.o(.text)
    RCC_AHB2PeriphClockLPModeCmd             0x0800323b   Thumb Code    34  stm32f4xx_rcc.o(.text)
    RCC_AHB3PeriphClockLPModeCmd             0x0800325d   Thumb Code    34  stm32f4xx_rcc.o(.text)
    RCC_APB1PeriphClockLPModeCmd             0x0800327f   Thumb Code    34  stm32f4xx_rcc.o(.text)
    RCC_APB2PeriphClockLPModeCmd             0x080032a1   Thumb Code    34  stm32f4xx_rcc.o(.text)
    RCC_ITConfig                             0x080032c3   Thumb Code    34  stm32f4xx_rcc.o(.text)
    RCC_ClearFlag                            0x080032e5   Thumb Code    18  stm32f4xx_rcc.o(.text)
    RCC_GetITStatus                          0x080032f7   Thumb Code    22  stm32f4xx_rcc.o(.text)
    RCC_ClearITPendingBit                    0x0800330d   Thumb Code     8  stm32f4xx_rcc.o(.text)
    SPI_I2S_DeInit                           0x08003319   Thumb Code   152  stm32f4xx_spi.o(.text)
    SPI_Init                                 0x080033b1   Thumb Code    60  stm32f4xx_spi.o(.text)
    I2S_Init                                 0x080033ed   Thumb Code   350  stm32f4xx_spi.o(.text)
    SPI_StructInit                           0x0800354b   Thumb Code    24  stm32f4xx_spi.o(.text)
    I2S_StructInit                           0x08003563   Thumb Code    20  stm32f4xx_spi.o(.text)
    SPI_Cmd                                  0x08003577   Thumb Code    24  stm32f4xx_spi.o(.text)
    I2S_Cmd                                  0x0800358f   Thumb Code    24  stm32f4xx_spi.o(.text)
    SPI_DataSizeConfig                       0x080035a7   Thumb Code    18  stm32f4xx_spi.o(.text)
    SPI_BiDirectionalLineConfig              0x080035b9   Thumb Code    28  stm32f4xx_spi.o(.text)
    SPI_NSSInternalSoftwareConfig            0x080035d5   Thumb Code    30  stm32f4xx_spi.o(.text)
    SPI_SSOutputCmd                          0x080035f3   Thumb Code    24  stm32f4xx_spi.o(.text)
    SPI_TIModeCmd                            0x0800360b   Thumb Code    24  stm32f4xx_spi.o(.text)
    I2S_FullDuplexConfig                     0x08003623   Thumb Code    80  stm32f4xx_spi.o(.text)
    SPI_I2S_ReceiveData                      0x08003673   Thumb Code     6  stm32f4xx_spi.o(.text)
    SPI_I2S_SendData                         0x08003679   Thumb Code     4  stm32f4xx_spi.o(.text)
    SPI_CalculateCRC                         0x0800367d   Thumb Code    24  stm32f4xx_spi.o(.text)
    SPI_TransmitCRC                          0x08003695   Thumb Code    10  stm32f4xx_spi.o(.text)
    SPI_GetCRC                               0x0800369f   Thumb Code    16  stm32f4xx_spi.o(.text)
    SPI_GetCRCPolynomial                     0x080036af   Thumb Code     6  stm32f4xx_spi.o(.text)
    SPI_I2S_DMACmd                           0x080036b5   Thumb Code    18  stm32f4xx_spi.o(.text)
    SPI_I2S_ITConfig                         0x080036c7   Thumb Code    32  stm32f4xx_spi.o(.text)
    SPI_I2S_GetFlagStatus                    0x080036e7   Thumb Code    50  stm32f4xx_spi.o(.text)
    SPI_I2S_ClearFlag                        0x08003719   Thumb Code     6  stm32f4xx_spi.o(.text)
    SPI_I2S_GetITStatus                      0x0800371f   Thumb Code    52  stm32f4xx_spi.o(.text)
    SPI_I2S_ClearITPendingBit                0x08003753   Thumb Code    20  stm32f4xx_spi.o(.text)
    SYSCFG_DeInit                            0x08003769   Thumb Code    22  stm32f4xx_syscfg.o(.text)
    SYSCFG_MemoryRemapConfig                 0x0800377f   Thumb Code     6  stm32f4xx_syscfg.o(.text)
    SYSCFG_MemorySwappingBank                0x08003785   Thumb Code     6  stm32f4xx_syscfg.o(.text)
    SYSCFG_EXTILineConfig                    0x0800378b   Thumb Code    66  stm32f4xx_syscfg.o(.text)
    SYSCFG_ETH_MediaInterfaceConfig          0x080037cd   Thumb Code     8  stm32f4xx_syscfg.o(.text)
    SYSCFG_CompensationCellCmd               0x080037d5   Thumb Code     6  stm32f4xx_syscfg.o(.text)
    SYSCFG_GetCompensationCellStatus         0x080037db   Thumb Code    22  stm32f4xx_syscfg.o(.text)
    TIM_DeInit                               0x080037fd   Thumb Code   346  stm32f4xx_tim.o(.text)
    TIM_TimeBaseInit                         0x08003957   Thumb Code   104  stm32f4xx_tim.o(.text)
    TIM_TimeBaseStructInit                   0x080039bf   Thumb Code    18  stm32f4xx_tim.o(.text)
    TIM_PrescalerConfig                      0x080039d1   Thumb Code     6  stm32f4xx_tim.o(.text)
    TIM_CounterModeConfig                    0x080039d7   Thumb Code    18  stm32f4xx_tim.o(.text)
    TIM_SetCounter                           0x080039e9   Thumb Code     4  stm32f4xx_tim.o(.text)
    TIM_SetAutoreload                        0x080039ed   Thumb Code     4  stm32f4xx_tim.o(.text)
    TIM_GetCounter                           0x080039f1   Thumb Code     6  stm32f4xx_tim.o(.text)
    TIM_GetPrescaler                         0x080039f7   Thumb Code     6  stm32f4xx_tim.o(.text)
    TIM_UpdateDisableConfig                  0x080039fd   Thumb Code    24  stm32f4xx_tim.o(.text)
    TIM_UpdateRequestConfig                  0x08003a15   Thumb Code    24  stm32f4xx_tim.o(.text)
    TIM_ARRPreloadConfig                     0x08003a2d   Thumb Code    24  stm32f4xx_tim.o(.text)
    TIM_SelectOnePulseMode                   0x08003a45   Thumb Code    18  stm32f4xx_tim.o(.text)
    TIM_SetClockDivision                     0x08003a57   Thumb Code    18  stm32f4xx_tim.o(.text)
    TIM_Cmd                                  0x08003a69   Thumb Code    24  stm32f4xx_tim.o(.text)
    TIM_OC1Init                              0x08003a81   Thumb Code   114  stm32f4xx_tim.o(.text)
    TIM_OC2Init                              0x08003af3   Thumb Code   154  stm32f4xx_tim.o(.text)
    TIM_OC3Init                              0x08003b8d   Thumb Code   204  stm32f4xx_tim.o(.text)
    TIM_OC4Init                              0x08003c59   Thumb Code   112  stm32f4xx_tim.o(.text)
    TIM_OCStructInit                         0x08003cc9   Thumb Code    20  stm32f4xx_tim.o(.text)
    TIM_SelectOCxM                           0x08003cdd   Thumb Code    86  stm32f4xx_tim.o(.text)
    TIM_SetCompare1                          0x08003d33   Thumb Code     4  stm32f4xx_tim.o(.text)
    TIM_SetCompare2                          0x08003d37   Thumb Code     4  stm32f4xx_tim.o(.text)
    TIM_SetCompare3                          0x08003d3b   Thumb Code     4  stm32f4xx_tim.o(.text)
    TIM_SetCompare4                          0x08003d3f   Thumb Code     4  stm32f4xx_tim.o(.text)
    TIM_ForcedOC1Config                      0x08003d43   Thumb Code    18  stm32f4xx_tim.o(.text)
    TIM_ForcedOC2Config                      0x08003d55   Thumb Code    26  stm32f4xx_tim.o(.text)
    TIM_ForcedOC3Config                      0x08003d6f   Thumb Code    18  stm32f4xx_tim.o(.text)
    TIM_ForcedOC4Config                      0x08003d81   Thumb Code    26  stm32f4xx_tim.o(.text)
    TIM_OC1PreloadConfig                     0x08003d9b   Thumb Code    18  stm32f4xx_tim.o(.text)
    TIM_OC2PreloadConfig                     0x08003dad   Thumb Code    26  stm32f4xx_tim.o(.text)
    TIM_OC3PreloadConfig                     0x08003dc7   Thumb Code    18  stm32f4xx_tim.o(.text)
    TIM_OC4PreloadConfig                     0x08003dd9   Thumb Code    26  stm32f4xx_tim.o(.text)
    TIM_OC1FastConfig                        0x08003df3   Thumb Code    18  stm32f4xx_tim.o(.text)
    TIM_OC2FastConfig                        0x08003e05   Thumb Code    26  stm32f4xx_tim.o(.text)
    TIM_OC3FastConfig                        0x08003e1f   Thumb Code    18  stm32f4xx_tim.o(.text)
    TIM_OC4FastConfig                        0x08003e31   Thumb Code    26  stm32f4xx_tim.o(.text)
    TIM_ClearOC1Ref                          0x08003e4b   Thumb Code    18  stm32f4xx_tim.o(.text)
    TIM_ClearOC2Ref                          0x08003e5d   Thumb Code    24  stm32f4xx_tim.o(.text)
    TIM_ClearOC3Ref                          0x08003e75   Thumb Code    18  stm32f4xx_tim.o(.text)
    TIM_ClearOC4Ref                          0x08003e87   Thumb Code    24  stm32f4xx_tim.o(.text)
    TIM_OC1PolarityConfig                    0x08003e9f   Thumb Code    18  stm32f4xx_tim.o(.text)
    TIM_OC1NPolarityConfig                   0x08003eb1   Thumb Code    18  stm32f4xx_tim.o(.text)
    TIM_OC2PolarityConfig                    0x08003ec3   Thumb Code    26  stm32f4xx_tim.o(.text)
    TIM_OC2NPolarityConfig                   0x08003edd   Thumb Code    26  stm32f4xx_tim.o(.text)
    TIM_OC3PolarityConfig                    0x08003ef7   Thumb Code    26  stm32f4xx_tim.o(.text)
    TIM_OC3NPolarityConfig                   0x08003f11   Thumb Code    26  stm32f4xx_tim.o(.text)
    TIM_OC4PolarityConfig                    0x08003f2b   Thumb Code    26  stm32f4xx_tim.o(.text)
    TIM_CCxCmd                               0x08003f45   Thumb Code    30  stm32f4xx_tim.o(.text)
    TIM_CCxNCmd                              0x08003f63   Thumb Code    30  stm32f4xx_tim.o(.text)
    TIM_SetIC4Prescaler                      0x08003f81   Thumb Code    26  stm32f4xx_tim.o(.text)
    TIM_SetIC3Prescaler                      0x08003feb   Thumb Code    18  stm32f4xx_tim.o(.text)
    TIM_SetIC2Prescaler                      0x08004045   Thumb Code    26  stm32f4xx_tim.o(.text)
    TIM_SetIC1Prescaler                      0x080040b9   Thumb Code    18  stm32f4xx_tim.o(.text)
    TIM_ICInit                               0x08004105   Thumb Code   110  stm32f4xx_tim.o(.text)
    TIM_ICStructInit                         0x08004173   Thumb Code    18  stm32f4xx_tim.o(.text)
    TIM_PWMIConfig                           0x08004185   Thumb Code   124  stm32f4xx_tim.o(.text)
    TIM_GetCapture1                          0x08004201   Thumb Code     6  stm32f4xx_tim.o(.text)
    TIM_GetCapture2                          0x08004207   Thumb Code     6  stm32f4xx_tim.o(.text)
    TIM_GetCapture3                          0x0800420d   Thumb Code     6  stm32f4xx_tim.o(.text)
    TIM_GetCapture4                          0x08004213   Thumb Code     6  stm32f4xx_tim.o(.text)
    TIM_BDTRConfig                           0x08004219   Thumb Code    32  stm32f4xx_tim.o(.text)
    TIM_BDTRStructInit                       0x08004239   Thumb Code    18  stm32f4xx_tim.o(.text)
    TIM_CtrlPWMOutputs                       0x0800424b   Thumb Code    30  stm32f4xx_tim.o(.text)
    TIM_SelectCOM                            0x08004269   Thumb Code    24  stm32f4xx_tim.o(.text)
    TIM_CCPreloadControl                     0x08004281   Thumb Code    24  stm32f4xx_tim.o(.text)
    TIM_ITConfig                             0x08004299   Thumb Code    18  stm32f4xx_tim.o(.text)
    TIM_GenerateEvent                        0x080042ab   Thumb Code     4  stm32f4xx_tim.o(.text)
    TIM_GetFlagStatus                        0x080042af   Thumb Code    18  stm32f4xx_tim.o(.text)
    TIM_ClearFlag                            0x080042c1   Thumb Code     6  stm32f4xx_tim.o(.text)
    TIM_GetITStatus                          0x080042c7   Thumb Code    34  stm32f4xx_tim.o(.text)
    TIM_ClearITPendingBit                    0x080042e9   Thumb Code     6  stm32f4xx_tim.o(.text)
    TIM_DMAConfig                            0x080042ef   Thumb Code    10  stm32f4xx_tim.o(.text)
    TIM_DMACmd                               0x080042f9   Thumb Code    18  stm32f4xx_tim.o(.text)
    TIM_SelectCCDMA                          0x0800430b   Thumb Code    24  stm32f4xx_tim.o(.text)
    TIM_InternalClockConfig                  0x08004323   Thumb Code    12  stm32f4xx_tim.o(.text)
    TIM_SelectInputTrigger                   0x0800432f   Thumb Code    18  stm32f4xx_tim.o(.text)
    TIM_ITRxExternalClockConfig              0x08004341   Thumb Code    24  stm32f4xx_tim.o(.text)
    TIM_TIxExternalClockConfig               0x08004359   Thumb Code    62  stm32f4xx_tim.o(.text)
    TIM_ETRConfig                            0x08004397   Thumb Code    28  stm32f4xx_tim.o(.text)
    TIM_ETRClockMode1Config                  0x080043b3   Thumb Code    54  stm32f4xx_tim.o(.text)
    TIM_ETRClockMode2Config                  0x080043e9   Thumb Code    32  stm32f4xx_tim.o(.text)
    TIM_SelectOutputTrigger                  0x08004409   Thumb Code    18  stm32f4xx_tim.o(.text)
    TIM_SelectSlaveMode                      0x0800441b   Thumb Code    18  stm32f4xx_tim.o(.text)
    TIM_SelectMasterSlaveMode                0x0800442d   Thumb Code    18  stm32f4xx_tim.o(.text)
    TIM_EncoderInterfaceConfig               0x0800443f   Thumb Code    66  stm32f4xx_tim.o(.text)
    TIM_SelectHallSensor                     0x08004481   Thumb Code    24  stm32f4xx_tim.o(.text)
    TIM_RemapConfig                          0x08004499   Thumb Code     6  stm32f4xx_tim.o(.text)
    Reset_Handler                            0x080044a1   Thumb Code     8  startup_stm32f40_41xxx.o(.text)
    NMI_Handler                              0x080044a9   Thumb Code     2  startup_stm32f40_41xxx.o(.text)
    HardFault_Handler                        0x080044ab   Thumb Code     2  startup_stm32f40_41xxx.o(.text)
    MemManage_Handler                        0x080044ad   Thumb Code     2  startup_stm32f40_41xxx.o(.text)
    BusFault_Handler                         0x080044af   Thumb Code     2  startup_stm32f40_41xxx.o(.text)
    UsageFault_Handler                       0x080044b1   Thumb Code     2  startup_stm32f40_41xxx.o(.text)
    DebugMon_Handler                         0x080044b5   Thumb Code     2  startup_stm32f40_41xxx.o(.text)
    ADC_IRQHandler                           0x080044bb   Thumb Code     0  startup_stm32f40_41xxx.o(.text)
    CAN1_RX0_IRQHandler                      0x080044bb   Thumb Code     0  startup_stm32f40_41xxx.o(.text)
    CAN1_RX1_IRQHandler                      0x080044bb   Thumb Code     0  startup_stm32f40_41xxx.o(.text)
    CAN1_SCE_IRQHandler                      0x080044bb   Thumb Code     0  startup_stm32f40_41xxx.o(.text)
    CAN1_TX_IRQHandler                       0x080044bb   Thumb Code     0  startup_stm32f40_41xxx.o(.text)
    CAN2_RX0_IRQHandler                      0x080044bb   Thumb Code     0  startup_stm32f40_41xxx.o(.text)
    CAN2_RX1_IRQHandler                      0x080044bb   Thumb Code     0  startup_stm32f40_41xxx.o(.text)
    CAN2_SCE_IRQHandler                      0x080044bb   Thumb Code     0  startup_stm32f40_41xxx.o(.text)
    CAN2_TX_IRQHandler                       0x080044bb   Thumb Code     0  startup_stm32f40_41xxx.o(.text)
    CRYP_IRQHandler                          0x080044bb   Thumb Code     0  startup_stm32f40_41xxx.o(.text)
    DCMI_IRQHandler                          0x080044bb   Thumb Code     0  startup_stm32f40_41xxx.o(.text)
    DMA1_Stream0_IRQHandler                  0x080044bb   Thumb Code     0  startup_stm32f40_41xxx.o(.text)
    DMA1_Stream1_IRQHandler                  0x080044bb   Thumb Code     0  startup_stm32f40_41xxx.o(.text)
    DMA1_Stream2_IRQHandler                  0x080044bb   Thumb Code     0  startup_stm32f40_41xxx.o(.text)
    DMA1_Stream3_IRQHandler                  0x080044bb   Thumb Code     0  startup_stm32f40_41xxx.o(.text)
    DMA1_Stream4_IRQHandler                  0x080044bb   Thumb Code     0  startup_stm32f40_41xxx.o(.text)
    DMA1_Stream5_IRQHandler                  0x080044bb   Thumb Code     0  startup_stm32f40_41xxx.o(.text)
    DMA1_Stream6_IRQHandler                  0x080044bb   Thumb Code     0  startup_stm32f40_41xxx.o(.text)
    DMA1_Stream7_IRQHandler                  0x080044bb   Thumb Code     0  startup_stm32f40_41xxx.o(.text)
    DMA2_Stream0_IRQHandler                  0x080044bb   Thumb Code     0  startup_stm32f40_41xxx.o(.text)
    DMA2_Stream1_IRQHandler                  0x080044bb   Thumb Code     0  startup_stm32f40_41xxx.o(.text)
    DMA2_Stream2_IRQHandler                  0x080044bb   Thumb Code     0  startup_stm32f40_41xxx.o(.text)
    DMA2_Stream3_IRQHandler                  0x080044bb   Thumb Code     0  startup_stm32f40_41xxx.o(.text)
    DMA2_Stream4_IRQHandler                  0x080044bb   Thumb Code     0  startup_stm32f40_41xxx.o(.text)
    DMA2_Stream5_IRQHandler                  0x080044bb   Thumb Code     0  startup_stm32f40_41xxx.o(.text)
    DMA2_Stream6_IRQHandler                  0x080044bb   Thumb Code     0  startup_stm32f40_41xxx.o(.text)
    DMA2_Stream7_IRQHandler                  0x080044bb   Thumb Code     0  startup_stm32f40_41xxx.o(.text)
    ETH_IRQHandler                           0x080044bb   Thumb Code     0  startup_stm32f40_41xxx.o(.text)
    ETH_WKUP_IRQHandler                      0x080044bb   Thumb Code     0  startup_stm32f40_41xxx.o(.text)
    EXTI15_10_IRQHandler                     0x080044bb   Thumb Code     0  startup_stm32f40_41xxx.o(.text)
    EXTI1_IRQHandler                         0x080044bb   Thumb Code     0  startup_stm32f40_41xxx.o(.text)
    EXTI2_IRQHandler                         0x080044bb   Thumb Code     0  startup_stm32f40_41xxx.o(.text)
    EXTI3_IRQHandler                         0x080044bb   Thumb Code     0  startup_stm32f40_41xxx.o(.text)
    EXTI4_IRQHandler                         0x080044bb   Thumb Code     0  startup_stm32f40_41xxx.o(.text)
    EXTI9_5_IRQHandler                       0x080044bb   Thumb Code     0  startup_stm32f40_41xxx.o(.text)
    FLASH_IRQHandler                         0x080044bb   Thumb Code     0  startup_stm32f40_41xxx.o(.text)
    FPU_IRQHandler                           0x080044bb   Thumb Code     0  startup_stm32f40_41xxx.o(.text)
    FSMC_IRQHandler                          0x080044bb   Thumb Code     0  startup_stm32f40_41xxx.o(.text)
    HASH_RNG_IRQHandler                      0x080044bb   Thumb Code     0  startup_stm32f40_41xxx.o(.text)
    I2C1_ER_IRQHandler                       0x080044bb   Thumb Code     0  startup_stm32f40_41xxx.o(.text)
    I2C1_EV_IRQHandler                       0x080044bb   Thumb Code     0  startup_stm32f40_41xxx.o(.text)
    I2C2_ER_IRQHandler                       0x080044bb   Thumb Code     0  startup_stm32f40_41xxx.o(.text)
    I2C2_EV_IRQHandler                       0x080044bb   Thumb Code     0  startup_stm32f40_41xxx.o(.text)
    I2C3_ER_IRQHandler                       0x080044bb   Thumb Code     0  startup_stm32f40_41xxx.o(.text)
    I2C3_EV_IRQHandler                       0x080044bb   Thumb Code     0  startup_stm32f40_41xxx.o(.text)
    OTG_FS_IRQHandler                        0x080044bb   Thumb Code     0  startup_stm32f40_41xxx.o(.text)
    OTG_FS_WKUP_IRQHandler                   0x080044bb   Thumb Code     0  startup_stm32f40_41xxx.o(.text)
    OTG_HS_EP1_IN_IRQHandler                 0x080044bb   Thumb Code     0  startup_stm32f40_41xxx.o(.text)
    OTG_HS_EP1_OUT_IRQHandler                0x080044bb   Thumb Code     0  startup_stm32f40_41xxx.o(.text)
    OTG_HS_IRQHandler                        0x080044bb   Thumb Code     0  startup_stm32f40_41xxx.o(.text)
    OTG_HS_WKUP_IRQHandler                   0x080044bb   Thumb Code     0  startup_stm32f40_41xxx.o(.text)
    PVD_IRQHandler                           0x080044bb   Thumb Code     0  startup_stm32f40_41xxx.o(.text)
    RCC_IRQHandler                           0x080044bb   Thumb Code     0  startup_stm32f40_41xxx.o(.text)
    RTC_Alarm_IRQHandler                     0x080044bb   Thumb Code     0  startup_stm32f40_41xxx.o(.text)
    RTC_WKUP_IRQHandler                      0x080044bb   Thumb Code     0  startup_stm32f40_41xxx.o(.text)
    SDIO_IRQHandler                          0x080044bb   Thumb Code     0  startup_stm32f40_41xxx.o(.text)
    SPI1_IRQHandler                          0x080044bb   Thumb Code     0  startup_stm32f40_41xxx.o(.text)
    SPI2_IRQHandler                          0x080044bb   Thumb Code     0  startup_stm32f40_41xxx.o(.text)
    SPI3_IRQHandler                          0x080044bb   Thumb Code     0  startup_stm32f40_41xxx.o(.text)
    TAMP_STAMP_IRQHandler                    0x080044bb   Thumb Code     0  startup_stm32f40_41xxx.o(.text)
    TIM1_BRK_TIM9_IRQHandler                 0x080044bb   Thumb Code     0  startup_stm32f40_41xxx.o(.text)
    TIM1_CC_IRQHandler                       0x080044bb   Thumb Code     0  startup_stm32f40_41xxx.o(.text)
    TIM1_TRG_COM_TIM11_IRQHandler            0x080044bb   Thumb Code     0  startup_stm32f40_41xxx.o(.text)
    TIM1_UP_TIM10_IRQHandler                 0x080044bb   Thumb Code     0  startup_stm32f40_41xxx.o(.text)
    TIM4_IRQHandler                          0x080044bb   Thumb Code     0  startup_stm32f40_41xxx.o(.text)
    TIM5_IRQHandler                          0x080044bb   Thumb Code     0  startup_stm32f40_41xxx.o(.text)
    TIM6_DAC_IRQHandler                      0x080044bb   Thumb Code     0  startup_stm32f40_41xxx.o(.text)
    TIM7_IRQHandler                          0x080044bb   Thumb Code     0  startup_stm32f40_41xxx.o(.text)
    TIM8_BRK_TIM12_IRQHandler                0x080044bb   Thumb Code     0  startup_stm32f40_41xxx.o(.text)
    TIM8_CC_IRQHandler                       0x080044bb   Thumb Code     0  startup_stm32f40_41xxx.o(.text)
    TIM8_TRG_COM_TIM14_IRQHandler            0x080044bb   Thumb Code     0  startup_stm32f40_41xxx.o(.text)
    TIM8_UP_TIM13_IRQHandler                 0x080044bb   Thumb Code     0  startup_stm32f40_41xxx.o(.text)
    UART4_IRQHandler                         0x080044bb   Thumb Code     0  startup_stm32f40_41xxx.o(.text)
    UART5_IRQHandler                         0x080044bb   Thumb Code     0  startup_stm32f40_41xxx.o(.text)
    USART1_IRQHandler                        0x080044bb   Thumb Code     0  startup_stm32f40_41xxx.o(.text)
    USART2_IRQHandler                        0x080044bb   Thumb Code     0  startup_stm32f40_41xxx.o(.text)
    USART3_IRQHandler                        0x080044bb   Thumb Code     0  startup_stm32f40_41xxx.o(.text)
    USART6_IRQHandler                        0x080044bb   Thumb Code     0  startup_stm32f40_41xxx.o(.text)
    WWDG_IRQHandler                          0x080044bb   Thumb Code     0  startup_stm32f40_41xxx.o(.text)
    SystemInit                               0x080045a1   Thumb Code    88  system_stm32f4xx.o(.text)
    SystemCoreClockUpdate                    0x080045f9   Thumb Code   174  system_stm32f4xx.o(.text)
    __aeabi_uldivmod                         0x080046d5   Thumb Code    98  uldiv.o(.text)
    __aeabi_dadd                             0x08004737   Thumb Code   322  dadd.o(.text)
    __aeabi_dsub                             0x08004879   Thumb Code     6  dadd.o(.text)
    __aeabi_drsub                            0x0800487f   Thumb Code     6  dadd.o(.text)
    __aeabi_dmul                             0x08004885   Thumb Code   228  dmul.o(.text)
    __aeabi_ddiv                             0x08004969   Thumb Code   222  ddiv.o(.text)
    __aeabi_i2d                              0x08004a47   Thumb Code    34  dflti.o(.text)
    __aeabi_f2d                              0x08004a69   Thumb Code    38  f2d.o(.text)
    __aeabi_d2f                              0x08004a8f   Thumb Code    56  d2f.o(.text)
    __aeabi_uidiv                            0x08004ac7   Thumb Code     0  uidiv.o(.text)
    __aeabi_uidivmod                         0x08004ac7   Thumb Code    44  uidiv.o(.text)
    __aeabi_llsl                             0x08004af3   Thumb Code    30  llshl.o(.text)
    _ll_shift_l                              0x08004af3   Thumb Code     0  llshl.o(.text)
    __aeabi_llsr                             0x08004b11   Thumb Code    32  llushr.o(.text)
    _ll_ushift_r                             0x08004b11   Thumb Code     0  llushr.o(.text)
    __aeabi_lasr                             0x08004b31   Thumb Code    36  llsshr.o(.text)
    _ll_sshift_r                             0x08004b31   Thumb Code     0  llsshr.o(.text)
    __I$use$fp                               0x08004b55   Thumb Code     0  iusefp.o(.text)
    _float_round                             0x08004b55   Thumb Code    18  fepilogue.o(.text)
    _float_epilogue                          0x08004b67   Thumb Code    92  fepilogue.o(.text)
    _double_round                            0x08004bc3   Thumb Code    30  depilogue.o(.text)
    _double_epilogue                         0x08004be1   Thumb Code   156  depilogue.o(.text)
    _dsqrt                                   0x08004c7d   Thumb Code   162  dsqrt.o(.text)
    __aeabi_d2ulz                            0x08004d1f   Thumb Code    48  dfixul.o(.text)
    __aeabi_cdrcmple                         0x08004d51   Thumb Code    48  cdrcmple.o(.text)
    __scatterload                            0x08004d81   Thumb Code    28  init.o(.text)
    __scatterload_rt2                        0x08004d81   Thumb Code     0  init.o(.text)
    SVC_Count                                0x08004da4   Data           4  svc_table.o(SVC_TABLE)
    SVC_Table                                0x08004da8   Data           0  svc_table.o(SVC_TABLE)
    __0printf                                0x08004da9   Thumb Code    22  printfa.o(i.__0printf)
    __1printf                                0x08004da9   Thumb Code     0  printfa.o(i.__0printf)
    __2printf                                0x08004da9   Thumb Code     0  printfa.o(i.__0printf)
    __c89printf                              0x08004da9   Thumb Code     0  printfa.o(i.__0printf)
    printf                                   0x08004da9   Thumb Code     0  printfa.o(i.__0printf)
    __ARM_fpclassify                         0x08004dc9   Thumb Code    48  fpclassify.o(i.__ARM_fpclassify)
    __hardfp_atan                            0x08004df9   Thumb Code   622  atan.o(i.__hardfp_atan)
    __hardfp_atan2                           0x080050d1   Thumb Code   432  atan2.o(i.__hardfp_atan2)
    __hardfp_sqrt                            0x080052c1   Thumb Code   122  sqrt.o(i.__hardfp_sqrt)
    __kernel_poly                            0x0800533b   Thumb Code   248  poly.o(i.__kernel_poly)
    __mathlib_dbl_infnan                     0x08005433   Thumb Code    20  dunder.o(i.__mathlib_dbl_infnan)
    __mathlib_dbl_infnan2                    0x08005447   Thumb Code    20  dunder.o(i.__mathlib_dbl_infnan2)
    __mathlib_dbl_underflow                  0x08005461   Thumb Code    24  dunder.o(i.__mathlib_dbl_underflow)
    __scatterload_copy                       0x08005481   Thumb Code    14  handlers.o(i.__scatterload_copy)
    __scatterload_null                       0x0800548f   Thumb Code     2  handlers.o(i.__scatterload_null)
    __scatterload_zeroinit                   0x08005491   Thumb Code    14  handlers.o(i.__scatterload_zeroinit)
    __set_errno                              0x080054a1   Thumb Code     6  errno.o(i.__set_errno)
    _init_box                                0x08005611   Thumb Code    70  rt_membox.o(i._init_box)
    atan                                     0x08005d87   Thumb Code    16  atan.o(i.atan)
    dbg_init                                 0x08005d99   Thumb Code    34  hal_cm.o(i.dbg_init)
    dbg_task_notify                          0x08005dc9   Thumb Code    32  hal_cm.o(i.dbg_task_notify)
    dbg_task_switch                          0x08005de9   Thumb Code    16  hal_cm.o(i.dbg_task_switch)
    fabs                                     0x08005df9   Thumb Code    24  fabs.o(i.fabs)
    isrMessageGet                            0x08005e11   Thumb Code    42  rt_cmsis.o(i.isrMessageGet)
    isrMessagePut                            0x08005e3b   Thumb Code    44  rt_cmsis.o(i.isrMessagePut)
    isrSignalSet                             0x08005e67   Thumb Code    36  rt_cmsis.o(i.isrSignalSet)
    isr_evt_set                              0x08005e8d   Thumb Code    34  rt_event.o(i.isr_evt_set)
    isr_mbx_receive                          0x08005eb5   Thumb Code    82  rt_mailbox.o(i.isr_mbx_receive)
    isr_mbx_send                             0x08005f07   Thumb Code    14  rt_mailbox.o(i.isr_mbx_send)
    osDelay                                  0x08005f15   Thumb Code    18  rt_cmsis.o(i.osDelay)
    osKernelInitialize                       0x08005f2d   Thumb Code    30  rt_cmsis.o(i.osKernelInitialize)
    osKernelStart                            0x08005f51   Thumb Code    98  rt_cmsis.o(i.osKernelStart)
    osMessageCreate                          0x08005fbd   Thumb Code    38  rt_cmsis.o(i.osMessageCreate)
    osMessageGet                             0x08005fed   Thumb Code    18  rt_cmsis.o(i.osMessageGet)
    osMessagePut                             0x08006005   Thumb Code    18  rt_cmsis.o(i.osMessagePut)
    osPoolAlloc                              0x0800601d   Thumb Code    26  rt_cmsis.o(i.osPoolAlloc)
    osPoolCreate                             0x0800603d   Thumb Code    38  rt_cmsis.o(i.osPoolCreate)
    osPoolFree                               0x0800606d   Thumb Code    26  rt_cmsis.o(i.osPoolFree)
    osSignalSet                              0x0800608d   Thumb Code    18  rt_cmsis.o(i.osSignalSet)
    osSignalWait                             0x080060a5   Thumb Code    18  rt_cmsis.o(i.osSignalWait)
    osThreadCreate                           0x080060bd   Thumb Code    38  rt_cmsis.o(i.osThreadCreate)
    osThreadExit                             0x080060ed   Thumb Code    14  rt_cmsis.o(i.osThreadExit)
    osTimerCall                              0x08006105   Thumb Code     8  rt_cmsis.o(i.osTimerCall)
    osTimerThread                            0x08006111   Thumb Code    38  rt_cmsis.o(i.osTimerThread)
    os_tick_init                             0x0800613d   Thumb Code    32  rt_system.o(i.os_tick_init)
    os_tick_irqack                           0x08006165   Thumb Code     2  rt_system.o(i.os_tick_irqack)
    rt_alloc_box                             0x08006167   Thumb Code    26  rt_membox.o(i.rt_alloc_box)
    rt_alloc_mem                             0x08006181   Thumb Code    62  rt_memory.o(i.rt_alloc_mem)
    rt_block                                 0x080061c1   Thumb Code    48  rt_task.o(i.rt_block)
    rt_chk_robin                             0x080061f9   Thumb Code    60  rt_robin.o(i.rt_chk_robin)
    rt_dec_dly                               0x08006241   Thumb Code   102  rt_list.o(i.rt_dec_dly)
    rt_dispatch                              0x080062b1   Thumb Code    60  rt_task.o(i.rt_dispatch)
    rt_dly_wait                              0x080062f5   Thumb Code     6  rt_time.o(i.rt_dly_wait)
    rt_evt_psh                               0x080062fd   Thumb Code    76  rt_event.o(i.rt_evt_psh)
    rt_evt_set                               0x0800634d   Thumb Code    88  rt_event.o(i.rt_evt_set)
    rt_evt_wait                              0x080063a9   Thumb Code    56  rt_event.o(i.rt_evt_wait)
    rt_free_box                              0x080063e5   Thumb Code    44  rt_membox.o(i.rt_free_box)
    rt_free_mem                              0x08006411   Thumb Code    40  rt_memory.o(i.rt_free_mem)
    rt_get_first                             0x08006439   Thumb Code    40  rt_list.o(i.rt_get_first)
    rt_init_mem                              0x080064b1   Thumb Code    26  rt_memory.o(i.rt_init_mem)
    rt_init_robin                            0x080064cd   Thumb Code    14  rt_robin.o(i.rt_init_robin)
    rt_init_stack                            0x080064e5   Thumb Code   118  hal_cm.o(i.rt_init_stack)
    rt_mbx_check                             0x08006565   Thumb Code     8  rt_mailbox.o(i.rt_mbx_check)
    rt_mbx_init                              0x0800656d   Thumb Code    26  rt_mailbox.o(i.rt_mbx_init)
    rt_mbx_psh                               0x08006589   Thumb Code   236  rt_mailbox.o(i.rt_mbx_psh)
    rt_mbx_send                              0x08006679   Thumb Code   148  rt_mailbox.o(i.rt_mbx_send)
    rt_mbx_wait                              0x08006711   Thumb Code   174  rt_mailbox.o(i.rt_mbx_wait)
    rt_pop_req                               0x08006809   Thumb Code   112  rt_system.o(i.rt_pop_req)
    rt_psh_req                               0x08006885   Thumb Code    22  rt_system.o(i.rt_psh_req)
    rt_psq_enq                               0x080068a5   Thumb Code    88  rt_list.o(i.rt_psq_enq)
    rt_put_dly                               0x08006901   Thumb Code    68  rt_list.o(i.rt_put_dly)
    rt_put_prio                              0x08006949   Thumb Code    54  rt_list.o(i.rt_put_prio)
    rt_put_rdy_first                         0x08006981   Thumb Code    14  rt_list.o(i.rt_put_rdy_first)
    rt_resort_prio                           0x08006995   Thumb Code    46  rt_list.o(i.rt_resort_prio)
    rt_ret_val                               0x080069d9   Thumb Code    12  hal_cm.o(i.rt_ret_val)
    rt_ret_val2                              0x080069e5   Thumb Code    16  hal_cm.o(i.rt_ret_val2)
    rt_rmv_dly                               0x080069f5   Thumb Code    40  rt_list.o(i.rt_rmv_dly)
    rt_rmv_list                              0x08006a1d   Thumb Code    44  rt_list.o(i.rt_rmv_list)
    rt_sem_psh                               0x08006a4d   Thumb Code    48  rt_semaphore.o(i.rt_sem_psh)
    rt_stk_check                             0x08006a81   Thumb Code    28  rt_system.o(i.rt_stk_check)
    rt_switch_req                            0x08006aa5   Thumb Code    30  rt_task.o(i.rt_switch_req)
    rt_sys_init                              0x08006acd   Thumb Code   138  rt_task.o(i.rt_sys_init)
    rt_sys_start                             0x08006b99   Thumb Code   110  rt_task.o(i.rt_sys_start)
    rt_systick                               0x08006c11   Thumb Code    50  rt_system.o(i.rt_systick)
    rt_tsk_create                            0x08006c99   Thumb Code   120  rt_task.o(i.rt_tsk_create)
    rt_tsk_delete                            0x08006d21   Thumb Code   346  rt_task.o(i.rt_tsk_delete)
    rt_tsk_prio                              0x08006e99   Thumb Code   108  rt_task.o(i.rt_tsk_prio)
    rt_tsk_self                              0x08006f15   Thumb Code    12  rt_task.o(i.rt_tsk_self)
    svcDelay                                 0x08006f25   Thumb Code    18  rt_cmsis.o(i.svcDelay)
    svcKernelInitialize                      0x08006f39   Thumb Code    80  rt_cmsis.o(i.svcKernelInitialize)
    svcKernelStart                           0x08006fa9   Thumb Code    62  rt_cmsis.o(i.svcKernelStart)
    svcMessageCreate                         0x08006ff1   Thumb Code    36  rt_cmsis.o(i.svcMessageCreate)
    svcMessageGet                            0x08007015   Thumb Code    58  rt_cmsis.o(i.svcMessageGet)
    svcMessagePut                            0x0800704f   Thumb Code    54  rt_cmsis.o(i.svcMessagePut)
    svcPoolCreate                            0x08007085   Thumb Code    40  rt_cmsis.o(i.svcPoolCreate)
    svcSignalSet                             0x080070ad   Thumb Code    36  rt_cmsis.o(i.svcSignalSet)
    svcSignalWait                            0x080070d1   Thumb Code    80  rt_cmsis.o(i.svcSignalWait)
    svcThreadCreate                          0x08007125   Thumb Code   100  rt_cmsis.o(i.svcThreadCreate)
    svcThreadGetId                           0x08007195   Thumb Code    22  rt_cmsis.o(i.svcThreadGetId)
    svcThreadTerminate                       0x080071b1   Thumb Code    50  rt_cmsis.o(i.svcThreadTerminate)
    svcTimerCall                             0x080071e9   Thumb Code    24  rt_cmsis.o(i.svcTimerCall)
    sysPoolAlloc                             0x08007201   Thumb Code    10  rt_cmsis.o(i.sysPoolAlloc)
    sysPoolFree                              0x0800720b   Thumb Code    20  rt_cmsis.o(i.sysPoolFree)
    sysTimerTick                             0x08007221   Thumb Code    84  rt_cmsis.o(i.sysTimerTick)
    os_thread_def_Blinky                     0x0800727c   Data          16  main.o(.constdata)
    os_thread_def_temp_thread                0x0800728c   Data          16  main.o(.constdata)
    os_thread_def_acc_thread                 0x0800729c   Data          16  main.o(.constdata)
    os_thread_def_display_controller_thread  0x080072ac   Data          16  main.o(.constdata)
    os_thread_def_keypad_thread              0x080072bc   Data          16  main.o(.constdata)
    os_pool_def_acc_mpool                    0x080072cc   Data          12  display_controller.o(.constdata)
    os_messageQ_def_acc_mqueue               0x080072d8   Data           8  display_controller.o(.constdata)
    os_messageQ_def_temp_mqueue              0x080072e0   Data           8  display_controller.o(.constdata)
    os_messageQ_def_kp_mqueue                0x080072e8   Data           8  display_controller.o(.constdata)
    os_maxtaskrun                            0x080072f0   Data           2  rtx_conf_cm.o(.constdata)
    os_stackinfo                             0x080072f4   Data           4  rtx_conf_cm.o(.constdata)
    os_rrobin                                0x080072f8   Data           4  rtx_conf_cm.o(.constdata)
    os_tickfreq                              0x080072fc   Data           4  rtx_conf_cm.o(.constdata)
    os_tickus_i                              0x08007300   Data           2  rtx_conf_cm.o(.constdata)
    os_tickus_f                              0x08007302   Data           2  rtx_conf_cm.o(.constdata)
    os_trv                                   0x08007304   Data           4  rtx_conf_cm.o(.constdata)
    os_flags                                 0x08007308   Data           1  rtx_conf_cm.o(.constdata)
    CMSIS_RTOS_API_Version                   0x0800730c   Data           4  rtx_conf_cm.o(.constdata)
    CMSIS_RTOS_RTX_Version                   0x08007310   Data           4  rtx_conf_cm.o(.constdata)
    os_clockrate                             0x08007314   Data           4  rtx_conf_cm.o(.constdata)
    os_timernum                              0x08007318   Data           4  rtx_conf_cm.o(.constdata)
    mp_tcb_size                              0x0800731c   Data           2  rtx_conf_cm.o(.constdata)
    mp_stk_size                              0x08007320   Data           4  rtx_conf_cm.o(.constdata)
    os_stack_sz                              0x08007324   Data           4  rtx_conf_cm.o(.constdata)
    os_fifo_size                             0x08007328   Data           1  rtx_conf_cm.o(.constdata)
    os_thread_def_osTimerThread              0x0800732c   Data          16  rtx_conf_cm.o(.constdata)
    os_messageQ_def_osTimerMessageQ          0x0800733c   Data           8  rtx_conf_cm.o(.constdata)
    mp_tmr_size                              0x08007344   Data           2  rtx_conf_cm.o(.constdata)
    __mathlib_zero                           0x080073e0   Data           8  qnan.o(.constdata)
    Region$$Table$$Base                      0x080073e8   Number         0  anon$$obj.o(Region$$Table)
    Region$$Table$$Limit                     0x08007408   Number         0  anon$$obj.o(Region$$Table)
    Blinky_thread                            0x20000000   Data           4  main.o(.data)
    Temp_thread                              0x20000004   Data           4  main.o(.data)
    Acc_thread                               0x20000008   Data           4  main.o(.data)
    Display_controller_thread                0x2000000c   Data           4  main.o(.data)
    Keypad_thread                            0x20000010   Data           4  main.o(.data)
    interrupt_EXTI0                          0x20000014   Data           1  acc_controller.o(.data)
    interrupt_TIM2                           0x20000015   Data           1  temp_controller.o(.data)
    keypadArray                              0x20000018   Data          64  keypad.o(.data)
    tick                                     0x20000058   Data           4  segmentdisplay.o(.data)
    acc_mpool                                0x2000005c   Data           4  display_controller.o(.data)
    acc_mqueue                               0x20000060   Data           4  display_controller.o(.data)
    temp_mqueue                              0x20000064   Data           4  display_controller.o(.data)
    kp_mqueue                                0x20000068   Data           4  display_controller.o(.data)
    LSM9DS1Timeout                           0x2000006c   Data           4  lsm9ds1.o(.data)
    LIS3DSHTimeout                           0x20000070   Data           4  lis3dsh.o(.data)
    osThreadId_osTimerThread                 0x20000074   Data           4  rtx_conf_cm.o(.data)
    osMessageQId_osTimerMessageQ             0x20000078   Data           4  rtx_conf_cm.o(.data)
    os_tmr                                   0x2000007c   Data           4  rtx_conf_cm.o(.data)
    m_tmr                                    0x20000080   Data           4  rtx_conf_cm.o(.data)
    os_thread_def_main                       0x20000084   Data          16  rtx_conf_cm.o(.data)
    SystemCoreClock                          0x200000a4   Data           4  system_stm32f4xx.o(.data)
    AHBPrescTable                            0x200000a8   Data          16  system_stm32f4xx.o(.data)
    os_initialized                           0x200000b8   Data           1  rt_cmsis.o(.data)
    os_running                               0x200000b9   Data           1  rt_cmsis.o(.data)
    os_timer_head                            0x200000bc   Data           4  rt_cmsis.o(.data)
    os_tsk                                   0x200000c0   Data           8  rt_task.o(.data)
    os_tick_irqn                             0x200000cc   Data           4  rt_system.o(.data)
    os_time                                  0x200000d0   Data           4  rt_time.o(.data)
    dbg_msg                                  0x200000d4   Data           1  hal_cm.o(.data)
    os_robin                                 0x200000d8   Data           8  rt_robin.o(.data)
    __stdout                                 0x200000e0   Data           4  stdout.o(.data)
    os_pool_m_acc_mpool                      0x200000e8   Data         140  display_controller.o(.bss)
    os_messageQ_q_acc_mqueue                 0x20000174   Data          80  display_controller.o(.bss)
    os_messageQ_q_temp_mqueue                0x200001c4   Data          80  display_controller.o(.bss)
    os_messageQ_q_kp_mqueue                  0x20000214   Data          80  display_controller.o(.bss)
    mp_tcb                                   0x20000268   Data         376  rtx_conf_cm.o(.bss)
    mp_stk                                   0x200003e0   Data       12016  rtx_conf_cm.o(.bss)
    os_stack_mem                             0x200032d0   Data         432  rtx_conf_cm.o(.bss)
    os_fifo                                  0x20003480   Data         132  rtx_conf_cm.o(.bss)
    os_active_TCB                            0x20003504   Data          28  rtx_conf_cm.o(.bss)
    os_messageQ_q_osTimerMessageQ            0x20003520   Data          32  rtx_conf_cm.o(.bss)
    os_idle_TCB                              0x20003540   Data          52  rt_task.o(.bss)
    os_rdy                                   0x20003574   Data          24  rt_list.o(.bss)
    os_dly                                   0x2000358c   Data          24  rt_list.o(.bss)
    __initial_sp                             0x200039a8   Data           0  startup_stm32f40_41xxx.o(STACK)



==============================================================================

Memory Map of the image

  Image Entry point : 0x08000189

  Load Region LR_IROM1 (Base: 0x08000000, Size: 0x000074f0, Max: 0x00100000, ABSOLUTE)

    Execution Region ER_IROM1 (Base: 0x08000000, Size: 0x00007408, Max: 0x00100000, ABSOLUTE)

    Base Addr    Size         Type   Attr      Idx    E Section Name        Object

    0x08000000   0x00000188   Data   RO         1276    RESET               startup_stm32f40_41xxx.o
    0x08000188   0x00000000   Code   RO         2554  * .ARM.Collect$$$$00000000  mc_w.l(entry.o)
    0x08000188   0x00000004   Code   RO         2867    .ARM.Collect$$$$00000001  mc_w.l(entry2.o)
    0x0800018c   0x00000004   Code   RO         2870    .ARM.Collect$$$$00000004  mc_w.l(entry5.o)
    0x08000190   0x00000000   Code   RO         2872    .ARM.Collect$$$$00000008  mc_w.l(entry7b.o)
    0x08000190   0x00000000   Code   RO         2874    .ARM.Collect$$$$0000000A  mc_w.l(entry8b.o)
    0x08000190   0x00000000   Code   RO         2875    .ARM.Collect$$$$0000000D  mc_w.l(entry10a.o)
    0x08000190   0x00000000   Code   RO         2877    .ARM.Collect$$$$0000000F  mc_w.l(entry11a.o)
    0x08000190   0x00000018   Code   RO          496    .ARM.Collect$$$$000000FF  rtx_conf_cm.o
    0x080001a8   0x00000004   Code   RO         2868    .ARM.Collect$$$$00002712  mc_w.l(entry2.o)
    0x080001ac   0x00000198   Code   RO         2517    .emb_text           RTX_CM4.lib(hal_cm4.o)
    0x08000344   0x00000108   Code   RO            4    .text               main.o
    0x0800044c   0x00000038   Code   RO          187    .text               fputc_debug.o
    0x08000484   0x0000016c   Code   RO          215    .text               acc_controller.o
    0x080005f0   0x00000164   Code   RO          242    .text               temp_controller.o
    0x08000754   0x00000154   Code   RO          269    .text               program.o
    0x080008a8   0x00000448   Code   RO          293    .text               initialization.o
    0x08000cf0   0x0000023c   Code   RO          317    .text               keypad.o
    0x08000f2c   0x0000008c   Code   RO          341    .text               movingaveragefilter.o
    0x08000fb8   0x000006c0   Code   RO          356    .text               segmentdisplay.o
    0x08001678   0x00000258   Code   RO          383    .text               display_controller.o
    0x080018d0   0x000005c0   Code   RO          415    .text               lsm9ds1.o
    0x08001e90   0x0000054c   Code   RO          442    .text               lis3dsh.o
    0x080023dc   0x0000001e   Code   RO          497    .text               rtx_conf_cm.o
    0x080023fa   0x00000002   PAD
    0x080023fc   0x000000e0   Code   RO          531    .text               misc.o
    0x080024dc   0x00000464   Code   RO          555    .text               stm32f4xx_adc.o
    0x08002940   0x00000110   Code   RO          819    .text               stm32f4xx_exti.o
    0x08002a50   0x00000294   Code   RO          891    .text               stm32f4xx_gpio.o
    0x08002ce4   0x00000634   Code   RO         1059    .text               stm32f4xx_rcc.o
    0x08003318   0x0000044e   Code   RO         1157    .text               stm32f4xx_spi.o
    0x08003766   0x00000002   PAD
    0x08003768   0x00000094   Code   RO         1181    .text               stm32f4xx_syscfg.o
    0x080037fc   0x00000ca2   Code   RO         1205    .text               stm32f4xx_tim.o
    0x0800449e   0x00000002   PAD
    0x080044a0   0x00000024   Code   RO         1277    .text               startup_stm32f40_41xxx.o
    0x080044c4   0x00000210   Code   RO         1284    .text               system_stm32f4xx.o
    0x080046d4   0x00000062   Code   RO         2557    .text               mc_w.l(uldiv.o)
    0x08004736   0x0000014e   Code   RO         2820    .text               mf_w.l(dadd.o)
    0x08004884   0x000000e4   Code   RO         2822    .text               mf_w.l(dmul.o)
    0x08004968   0x000000de   Code   RO         2824    .text               mf_w.l(ddiv.o)
    0x08004a46   0x00000022   Code   RO         2826    .text               mf_w.l(dflti.o)
    0x08004a68   0x00000026   Code   RO         2828    .text               mf_w.l(f2d.o)
    0x08004a8e   0x00000038   Code   RO         2830    .text               mf_w.l(d2f.o)
    0x08004ac6   0x0000002c   Code   RO         2880    .text               mc_w.l(uidiv.o)
    0x08004af2   0x0000001e   Code   RO         2882    .text               mc_w.l(llshl.o)
    0x08004b10   0x00000020   Code   RO         2884    .text               mc_w.l(llushr.o)
    0x08004b30   0x00000024   Code   RO         2886    .text               mc_w.l(llsshr.o)
    0x08004b54   0x00000000   Code   RO         2895    .text               mc_w.l(iusefp.o)
    0x08004b54   0x0000006e   Code   RO         2896    .text               mf_w.l(fepilogue.o)
    0x08004bc2   0x000000ba   Code   RO         2898    .text               mf_w.l(depilogue.o)
    0x08004c7c   0x000000a2   Code   RO         2902    .text               mf_w.l(dsqrt.o)
    0x08004d1e   0x00000030   Code   RO         2904    .text               mf_w.l(dfixul.o)
    0x08004d4e   0x00000002   PAD
    0x08004d50   0x00000030   Code   RO         2908    .text               mf_w.l(cdrcmple.o)
    0x08004d80   0x00000024   Code   RO         2914    .text               mc_w.l(init.o)
    0x08004da4   0x00000004   Code   RO         2527    SVC_TABLE           RTX_CM4.lib(svc_table.o)
    0x08004da8   0x00000020   Code   RO         2792    i.__0printf         mc_w.l(printfa.o)
    0x08004dc8   0x00000030   Code   RO         2910    i.__ARM_fpclassify  m_wm.l(fpclassify.o)
    0x08004df8   0x000002d8   Code   RO         2832    i.__hardfp_atan     m_wm.l(atan.o)
    0x080050d0   0x000001f0   Code   RO         2530    i.__hardfp_atan2    m_wm.l(atan2.o)
    0x080052c0   0x0000007a   Code   RO         2542    i.__hardfp_sqrt     m_wm.l(sqrt.o)
    0x0800533a   0x000000f8   Code   RO         2912    i.__kernel_poly     m_wm.l(poly.o)
    0x08005432   0x00000014   Code   RO         2847    i.__mathlib_dbl_infnan  m_wm.l(dunder.o)
    0x08005446   0x00000014   Code   RO         2848    i.__mathlib_dbl_infnan2  m_wm.l(dunder.o)
    0x0800545a   0x00000006   PAD
    0x08005460   0x00000020   Code   RO         2852    i.__mathlib_dbl_underflow  m_wm.l(dunder.o)
    0x08005480   0x0000000e   Code   RO         2918    i.__scatterload_copy  mc_w.l(handlers.o)
    0x0800548e   0x00000002   Code   RO         2919    i.__scatterload_null  mc_w.l(handlers.o)
    0x08005490   0x0000000e   Code   RO         2920    i.__scatterload_zeroinit  mc_w.l(handlers.o)
    0x0800549e   0x00000002   PAD
    0x080054a0   0x0000000c   Code   RO         2890    i.__set_errno       mc_w.l(errno.o)
    0x080054ac   0x00000164   Code   RO         2799    i._fp_digits        mc_w.l(printfa.o)
    0x08005610   0x00000046   Code   RO         2390    i._init_box         RTX_CM4.lib(rt_membox.o)
    0x08005656   0x00000002   PAD
    0x08005658   0x000006dc   Code   RO         2800    i._printf_core      mc_w.l(printfa.o)
    0x08005d34   0x00000024   Code   RO         2801    i._printf_post_padding  mc_w.l(printfa.o)
    0x08005d58   0x0000002e   Code   RO         2802    i._printf_pre_padding  mc_w.l(printfa.o)
    0x08005d86   0x00000010   Code   RO         2834    i.atan              m_wm.l(atan.o)
    0x08005d96   0x00000002   PAD
    0x08005d98   0x00000030   Code   RO         2443    i.dbg_init          RTX_CM4.lib(hal_cm.o)
    0x08005dc8   0x00000020   Code   RO         2444    i.dbg_task_notify   RTX_CM4.lib(hal_cm.o)
    0x08005de8   0x00000010   Code   RO         2445    i.dbg_task_switch   RTX_CM4.lib(hal_cm.o)
    0x08005df8   0x00000018   Code   RO         2862    i.fabs              m_wm.l(fabs.o)
    0x08005e10   0x0000002a   Code   RO         1314    i.isrMessageGet     RTX_CM4.lib(rt_cmsis.o)
    0x08005e3a   0x0000002c   Code   RO         1315    i.isrMessagePut     RTX_CM4.lib(rt_cmsis.o)
    0x08005e66   0x00000024   Code   RO         1317    i.isrSignalSet      RTX_CM4.lib(rt_cmsis.o)
    0x08005e8a   0x00000002   PAD
    0x08005e8c   0x00000028   Code   RO         2114    i.isr_evt_set       RTX_CM4.lib(rt_event.o)
    0x08005eb4   0x00000052   Code   RO         2236    i.isr_mbx_receive   RTX_CM4.lib(rt_mailbox.o)
    0x08005f06   0x0000000e   Code   RO         2237    i.isr_mbx_send      RTX_CM4.lib(rt_mailbox.o)
    0x08005f14   0x00000018   Code   RO         1318    i.osDelay           RTX_CM4.lib(rt_cmsis.o)
    0x08005f2c   0x00000024   Code   RO         1319    i.osKernelInitialize  RTX_CM4.lib(rt_cmsis.o)
    0x08005f50   0x0000006c   Code   RO         1321    i.osKernelStart     RTX_CM4.lib(rt_cmsis.o)
    0x08005fbc   0x00000030   Code   RO         1329    i.osMessageCreate   RTX_CM4.lib(rt_cmsis.o)
    0x08005fec   0x00000018   Code   RO         1330    i.osMessageGet      RTX_CM4.lib(rt_cmsis.o)
    0x08006004   0x00000018   Code   RO         1331    i.osMessagePut      RTX_CM4.lib(rt_cmsis.o)
    0x0800601c   0x00000020   Code   RO         1336    i.osPoolAlloc       RTX_CM4.lib(rt_cmsis.o)
    0x0800603c   0x00000030   Code   RO         1338    i.osPoolCreate      RTX_CM4.lib(rt_cmsis.o)
    0x0800606c   0x00000020   Code   RO         1339    i.osPoolFree        RTX_CM4.lib(rt_cmsis.o)
    0x0800608c   0x00000018   Code   RO         1345    i.osSignalSet       RTX_CM4.lib(rt_cmsis.o)
    0x080060a4   0x00000018   Code   RO         1346    i.osSignalWait      RTX_CM4.lib(rt_cmsis.o)
    0x080060bc   0x00000030   Code   RO         1347    i.osThreadCreate    RTX_CM4.lib(rt_cmsis.o)
    0x080060ec   0x00000018   Code   RO         1348    i.osThreadExit      RTX_CM4.lib(rt_cmsis.o)
    0x08006104   0x0000000c   Code   RO         1354    i.osTimerCall       RTX_CM4.lib(rt_cmsis.o)
    0x08006110   0x0000002c   Code   RO         1359    i.osTimerThread     RTX_CM4.lib(rt_cmsis.o)
    0x0800613c   0x00000028   Code   RO         2024    i.os_tick_init      RTX_CM4.lib(rt_system.o)
    0x08006164   0x00000002   Code   RO         2025    i.os_tick_irqack    RTX_CM4.lib(rt_system.o)
    0x08006166   0x0000001a   Code   RO         2391    i.rt_alloc_box      RTX_CM4.lib(rt_membox.o)
    0x08006180   0x0000003e   Code   RO         2419    i.rt_alloc_mem      RTX_CM4.lib(rt_memory.o)
    0x080061be   0x00000002   PAD
    0x080061c0   0x00000038   Code   RO         1939    i.rt_block          RTX_CM4.lib(rt_task.o)
    0x080061f8   0x00000048   Code   RO         2496    i.rt_chk_robin      RTX_CM4.lib(rt_robin.o)
    0x08006240   0x00000070   Code   RO         2160    i.rt_dec_dly        RTX_CM4.lib(rt_list.o)
    0x080062b0   0x00000044   Code   RO         1940    i.rt_dispatch       RTX_CM4.lib(rt_task.o)
    0x080062f4   0x00000006   Code   RO         2326    i.rt_dly_wait       RTX_CM4.lib(rt_time.o)
    0x080062fa   0x00000002   PAD
    0x080062fc   0x00000050   Code   RO         2117    i.rt_evt_psh        RTX_CM4.lib(rt_event.o)
    0x0800634c   0x0000005c   Code   RO         2118    i.rt_evt_set        RTX_CM4.lib(rt_event.o)
    0x080063a8   0x0000003c   Code   RO         2119    i.rt_evt_wait       RTX_CM4.lib(rt_event.o)
    0x080063e4   0x0000002c   Code   RO         2392    i.rt_free_box       RTX_CM4.lib(rt_membox.o)
    0x08006410   0x00000028   Code   RO         2420    i.rt_free_mem       RTX_CM4.lib(rt_memory.o)
    0x08006438   0x00000028   Code   RO         2161    i.rt_get_first      RTX_CM4.lib(rt_list.o)
    0x08006460   0x00000008   Code   RO         1364    i.rt_id2obj         RTX_CM4.lib(rt_cmsis.o)
    0x08006468   0x00000048   Code   RO         1941    i.rt_init_context   RTX_CM4.lib(rt_task.o)
    0x080064b0   0x0000001a   Code   RO         2421    i.rt_init_mem       RTX_CM4.lib(rt_memory.o)
    0x080064ca   0x00000002   PAD
    0x080064cc   0x00000018   Code   RO         2497    i.rt_init_robin     RTX_CM4.lib(rt_robin.o)
    0x080064e4   0x00000080   Code   RO         2446    i.rt_init_stack     RTX_CM4.lib(hal_cm.o)
    0x08006564   0x00000008   Code   RO         2238    i.rt_mbx_check      RTX_CM4.lib(rt_mailbox.o)
    0x0800656c   0x0000001a   Code   RO         2239    i.rt_mbx_init       RTX_CM4.lib(rt_mailbox.o)
    0x08006586   0x00000002   PAD
    0x08006588   0x000000f0   Code   RO         2240    i.rt_mbx_psh        RTX_CM4.lib(rt_mailbox.o)
    0x08006678   0x00000098   Code   RO         2241    i.rt_mbx_send       RTX_CM4.lib(rt_mailbox.o)
    0x08006710   0x000000b4   Code   RO         2242    i.rt_mbx_wait       RTX_CM4.lib(rt_mailbox.o)
    0x080067c4   0x00000044   Code   RO         1365    i.rt_ms2tick        RTX_CM4.lib(rt_cmsis.o)
    0x08006808   0x0000007c   Code   RO         2028    i.rt_pop_req        RTX_CM4.lib(rt_system.o)
    0x08006884   0x00000020   Code   RO         2029    i.rt_psh_req        RTX_CM4.lib(rt_system.o)
    0x080068a4   0x0000005c   Code   RO         2163    i.rt_psq_enq        RTX_CM4.lib(rt_list.o)
    0x08006900   0x00000048   Code   RO         2164    i.rt_put_dly        RTX_CM4.lib(rt_list.o)
    0x08006948   0x00000036   Code   RO         2165    i.rt_put_prio       RTX_CM4.lib(rt_list.o)
    0x0800697e   0x00000002   PAD
    0x08006980   0x00000014   Code   RO         2166    i.rt_put_rdy_first  RTX_CM4.lib(rt_list.o)
    0x08006994   0x00000034   Code   RO         2167    i.rt_resort_prio    RTX_CM4.lib(rt_list.o)
    0x080069c8   0x00000010   Code   RO         2447    i.rt_ret_regs       RTX_CM4.lib(hal_cm.o)
    0x080069d8   0x0000000c   Code   RO         2448    i.rt_ret_val        RTX_CM4.lib(hal_cm.o)
    0x080069e4   0x00000010   Code   RO         2449    i.rt_ret_val2       RTX_CM4.lib(hal_cm.o)
    0x080069f4   0x00000028   Code   RO         2168    i.rt_rmv_dly        RTX_CM4.lib(rt_list.o)
    0x08006a1c   0x00000030   Code   RO         2169    i.rt_rmv_list       RTX_CM4.lib(rt_list.o)
    0x08006a4c   0x00000034   Code   RO         2287    i.rt_sem_psh        RTX_CM4.lib(rt_semaphore.o)
    0x08006a80   0x00000024   Code   RO         2031    i.rt_stk_check      RTX_CM4.lib(rt_system.o)
    0x08006aa4   0x00000028   Code   RO         1942    i.rt_switch_req     RTX_CM4.lib(rt_task.o)
    0x08006acc   0x000000cc   Code   RO         1943    i.rt_sys_init       RTX_CM4.lib(rt_task.o)
    0x08006b98   0x00000078   Code   RO         1944    i.rt_sys_start      RTX_CM4.lib(rt_task.o)
    0x08006c10   0x00000040   Code   RO         2033    i.rt_systick        RTX_CM4.lib(rt_system.o)
    0x08006c50   0x00000012   Code   RO         1366    i.rt_tid2ptcb       RTX_CM4.lib(rt_cmsis.o)
    0x08006c62   0x00000002   PAD
    0x08006c64   0x00000034   Code   RO         1367    i.rt_timer_insert   RTX_CM4.lib(rt_cmsis.o)
    0x08006c98   0x00000088   Code   RO         1945    i.rt_tsk_create     RTX_CM4.lib(rt_task.o)
    0x08006d20   0x00000178   Code   RO         1946    i.rt_tsk_delete     RTX_CM4.lib(rt_task.o)
    0x08006e98   0x0000007c   Code   RO         1948    i.rt_tsk_prio       RTX_CM4.lib(rt_task.o)
    0x08006f14   0x00000010   Code   RO         1949    i.rt_tsk_self       RTX_CM4.lib(rt_task.o)
    0x08006f24   0x00000012   Code   RO         1369    i.svcDelay          RTX_CM4.lib(rt_cmsis.o)
    0x08006f36   0x00000002   PAD
    0x08006f38   0x00000070   Code   RO         1370    i.svcKernelInitialize  RTX_CM4.lib(rt_cmsis.o)
    0x08006fa8   0x00000048   Code   RO         1372    i.svcKernelStart    RTX_CM4.lib(rt_cmsis.o)
    0x08006ff0   0x00000024   Code   RO         1375    i.svcMessageCreate  RTX_CM4.lib(rt_cmsis.o)
    0x08007014   0x0000003a   Code   RO         1376    i.svcMessageGet     RTX_CM4.lib(rt_cmsis.o)
    0x0800704e   0x00000036   Code   RO         1377    i.svcMessagePut     RTX_CM4.lib(rt_cmsis.o)
    0x08007084   0x00000028   Code   RO         1382    i.svcPoolCreate     RTX_CM4.lib(rt_cmsis.o)
    0x080070ac   0x00000024   Code   RO         1388    i.svcSignalSet      RTX_CM4.lib(rt_cmsis.o)
    0x080070d0   0x00000054   Code   RO         1389    i.svcSignalWait     RTX_CM4.lib(rt_cmsis.o)
    0x08007124   0x00000070   Code   RO         1390    i.svcThreadCreate   RTX_CM4.lib(rt_cmsis.o)
    0x08007194   0x0000001c   Code   RO         1391    i.svcThreadGetId    RTX_CM4.lib(rt_cmsis.o)
    0x080071b0   0x00000038   Code   RO         1394    i.svcThreadTerminate  RTX_CM4.lib(rt_cmsis.o)
    0x080071e8   0x00000018   Code   RO         1396    i.svcTimerCall      RTX_CM4.lib(rt_cmsis.o)
    0x08007200   0x0000000a   Code   RO         1403    i.sysPoolAlloc      RTX_CM4.lib(rt_cmsis.o)
    0x0800720a   0x00000014   Code   RO         1404    i.sysPoolFree       RTX_CM4.lib(rt_cmsis.o)
    0x0800721e   0x00000002   PAD
    0x08007220   0x0000005c   Code   RO         1405    i.sysTimerTick      RTX_CM4.lib(rt_cmsis.o)
    0x0800727c   0x00000050   Data   RO            5    .constdata          main.o
    0x080072cc   0x00000024   Data   RO          385    .constdata          display_controller.o
    0x080072f0   0x00000056   Data   RO          499    .constdata          rtx_conf_cm.o
    0x08007346   0x00000002   PAD
    0x08007348   0x00000098   Data   RO         2835    .constdata          m_wm.l(atan.o)
    0x080073e0   0x00000008   Data   RO         2866    .constdata          m_wm.l(qnan.o)
    0x080073e8   0x00000020   Data   RO         2916    Region$$Table       anon$$obj.o


    Execution Region RW_IRAM1 (Base: 0x20000000, Size: 0x000039a8, Max: 0x00020000, ABSOLUTE)

    Base Addr    Size         Type   Attr      Idx    E Section Name        Object

    0x20000000   0x00000014   Data   RW            6    .data               main.o
    0x20000014   0x00000001   Data   RW          216    .data               acc_controller.o
    0x20000015   0x00000001   Data   RW          243    .data               temp_controller.o
    0x20000016   0x00000002   PAD
    0x20000018   0x00000040   Data   RW          318    .data               keypad.o
    0x20000058   0x00000004   Data   RW          357    .data               segmentdisplay.o
    0x2000005c   0x00000010   Data   RW          386    .data               display_controller.o
    0x2000006c   0x00000004   Data   RW          416    .data               lsm9ds1.o
    0x20000070   0x00000004   Data   RW          443    .data               lis3dsh.o
    0x20000074   0x00000020   Data   RW          500    .data               rtx_conf_cm.o
    0x20000094   0x00000010   Data   RW         1060    .data               stm32f4xx_rcc.o
    0x200000a4   0x00000014   Data   RW         1285    .data               system_stm32f4xx.o
    0x200000b8   0x00000008   Data   RW         1408    .data               RTX_CM4.lib(rt_cmsis.o)
    0x200000c0   0x00000008   Data   RW         1951    .data               RTX_CM4.lib(rt_task.o)
    0x200000c8   0x00000008   Data   RW         2036    .data               RTX_CM4.lib(rt_system.o)
    0x200000d0   0x00000004   Data   RW         2330    .data               RTX_CM4.lib(rt_time.o)
    0x200000d4   0x00000001   Data   RW         2450    .data               RTX_CM4.lib(hal_cm.o)
    0x200000d5   0x00000003   PAD
    0x200000d8   0x00000008   Data   RW         2498    .data               RTX_CM4.lib(rt_robin.o)
    0x200000e0   0x00000004   Data   RW         2879    .data               mc_w.l(stdout.o)
    0x200000e4   0x00000004   Data   RW         2891    .data               mc_w.l(errno.o)
    0x200000e8   0x0000017c   Zero   RW          384    .bss                display_controller.o
    0x20000264   0x00000004   PAD
    0x20000268   0x000032d8   Zero   RW          498    .bss                rtx_conf_cm.o
    0x20003540   0x00000034   Zero   RW         1950    .bss                RTX_CM4.lib(rt_task.o)
    0x20003574   0x00000030   Zero   RW         2170    .bss                RTX_CM4.lib(rt_list.o)
    0x200035a4   0x00000004   PAD
    0x200035a8   0x00000400   Zero   RW         1274    STACK               startup_stm32f40_41xxx.o


==============================================================================

Image component sizes


      Code (inc. data)   RO Data    RW Data    ZI Data      Debug   Object Name

       364         38          0          1          0       1862   acc_controller.o
       600         70         36         16        380       3135   display_controller.o
        56          4          0          0          0      27319   fputc_debug.o
      1096         50          0          0          0       2600   initialization.o
       572         20          0         64          0       3069   keypad.o
      1356         64          0          4          0       4386   lis3dsh.o
      1472         54          0          4          0       4848   lsm9ds1.o
       264         58         80         20          0     337957   main.o
       224         20          0          0          0       2005   misc.o
       140         10          0          0          0       1550   movingaveragefilter.o
       340         14          0          0          0       1394   program.o
        54          6         86         32      13016       7382   rtx_conf_cm.o
      1728         30          0          4          0       3808   segmentdisplay.o
        36          8        392          0       1024        860   startup_stm32f40_41xxx.o
      1124         24          0          0          0      10874   stm32f4xx_adc.o
       272         10          0          0          0       2475   stm32f4xx_exti.o
       660         44          0          0          0       4345   stm32f4xx_gpio.o
      1588         52          0         16          0      13078   stm32f4xx_rcc.o
      1102         32          0          0          0       7113   stm32f4xx_spi.o
       148         12          0          0          0       1909   stm32f4xx_syscfg.o
      3234         60          0          0          0      23200   stm32f4xx_tim.o
       528         46          0         20          0       1955   system_stm32f4xx.o
       356         42          0          1          0       1380   temp_controller.o

    ----------------------------------------------------------------------
     17320        768        628        184      14424     468504   Object Totals
         0          0         32          0          0          0   (incl. Generated)
         6          0          2          2          4          0   (incl. Padding)

    ----------------------------------------------------------------------

      Code (inc. data)   RO Data    RW Data    ZI Data      Debug   Library Member Name

       268         24          0          1          0       4372   hal_cm.o
       408         34          0          0          0        804   hal_cm4.o
      1672        198          0          8          0      44058   rt_cmsis.o
       272         18          0          0          0       2766   rt_event.o
       530         34          0          0         48       8525   rt_list.o
       702         14          0          0          0       4995   rt_mailbox.o
       140          0          0          0          0       2009   rt_membox.o
       128          0          0          0          0       2383   rt_memory.o
        96         22          0          8          0       1206   rt_robin.o
        52          4          0          0          0        605   rt_semaphore.o
       298         52          0          8          0       6379   rt_system.o
      1212        174          0          8         52       9933   rt_task.o
         6          0          0          4          0        668   rt_time.o
         4          4          0          0          0        188   svc_table.o
       744        106        152          0          0        352   atan.o
       496         64          0          0          0        192   atan2.o
        72          8          0          0          0        372   dunder.o
        24          0          0          0          0        124   fabs.o
        48          0          0          0          0        124   fpclassify.o
       248          0          0          0          0        152   poly.o
         0          0          8          0          0          0   qnan.o
       122          0          0          0          0        148   sqrt.o
         0          0          0          0          0          0   entry.o
         0          0          0          0          0          0   entry10a.o
         0          0          0          0          0          0   entry11a.o
         8          4          0          0          0          0   entry2.o
         4          0          0          0          0          0   entry5.o
         0          0          0          0          0          0   entry7b.o
         0          0          0          0          0          0   entry8b.o
        12          6          0          4          0         68   errno.o
        30          0          0          0          0          0   handlers.o
        36          8          0          0          0         68   init.o
         0          0          0          0          0          0   iusefp.o
        30          0          0          0          0         68   llshl.o
        36          0          0          0          0         68   llsshr.o
        32          0          0          0          0         68   llushr.o
      2226         90          0          0          0        444   printfa.o
         0          0          0          4          0          0   stdout.o
        44          0          0          0          0         80   uidiv.o
        98          0          0          0          0         92   uldiv.o
        48          0          0          0          0         68   cdrcmple.o
        56          0          0          0          0         88   d2f.o
       334          0          0          0          0        148   dadd.o
       222          0          0          0          0        100   ddiv.o
       186          0          0          0          0        176   depilogue.o
        48          0          0          0          0         68   dfixul.o
        34          0          0          0          0         76   dflti.o
       228          0          0          0          0         96   dmul.o
       162          0          0          0          0        100   dsqrt.o
        38          0          0          0          0         68   f2d.o
       110          0          0          0          0        168   fepilogue.o

    ----------------------------------------------------------------------
     11596        864        160         48        104      92467   Library Totals
        32          0          0          3          4          0   (incl. Padding)

    ----------------------------------------------------------------------

      Code (inc. data)   RO Data    RW Data    ZI Data      Debug   Library Name

      5788        578          0         37        100      88891   RTX_CM4.lib
      1754        178        160          0          0       1464   m_wm.l
      2556        108          0          8          0        956   mc_w.l
      1466          0          0          0          0       1156   mf_w.l

    ----------------------------------------------------------------------
     11596        864        160         48        104      92467   Library Totals

    ----------------------------------------------------------------------

==============================================================================


      Code (inc. data)   RO Data    RW Data    ZI Data      Debug   

     28916       1632        788        232      14528     545735   Grand Totals
     28916       1632        788        232      14528     545735   ELF Image Totals
     28916       1632        788        232          0          0   ROM Totals

==============================================================================

    Total RO  Size (Code + RO Data)                29704 (  29.01kB)
    Total RW  Size (RW Data + ZI Data)             14760 (  14.41kB)
    Total ROM Size (Code + RO Data + RW Data)      29936 (  29.23kB)

==============================================================================

