Component: ARM Compiler 5.05 update 2 (build 169) Tool: armlink [4d0f33]

==============================================================================

Section Cross References

    main.o(.text) refers to movingaveragefilter.o(.text) for initializeFilter
    main.o(.text) refers to f2d.o(.text) for __aeabi_f2d
    main.o(.text) refers to printfa.o(i.__0printf) for __2printf
    acc_controller.o(.text) refers to initialization.o(.text) for acc_ext_init
    acc_controller.o(.text) refers to movingaveragefilter.o(.text) for initializeFilter
    acc_controller.o(.text) refers to program.o(.text) for delay
    acc_controller.o(.text) refers to rt_cmsis.o(i.osSignalWait) for osSignalWait
    acc_controller.o(.text) refers to lsm9ds1.o(.text) for LSM9DS1_ReadGYRO
    acc_controller.o(.text) refers to rt_cmsis.o(i.osPoolAlloc) for osPoolAlloc
    acc_controller.o(.text) refers to rt_cmsis.o(i.osMessagePut) for osMessagePut
    acc_controller.o(.text) refers to f2d.o(.text) for __aeabi_f2d
    acc_controller.o(.text) refers to printfa.o(i.__0printf) for __2printf
    acc_controller.o(.text) refers to acc_controller.o(.data) for interrupt_EXTI0
    acc_controller.o(.text) refers to display_controller.o(.data) for acc_mpool
    temp_controller.o(.text) refers to initialization.o(.text) for temp_init
    temp_controller.o(.text) refers to movingaveragefilter.o(.text) for initializeFilter
    temp_controller.o(.text) refers to rt_cmsis.o(i.osSignalWait) for osSignalWait
    temp_controller.o(.text) refers to stm32f4xx_adc.o(.text) for ADC_RegularChannelConfig
    temp_controller.o(.text) refers to f2d.o(.text) for __aeabi_f2d
    temp_controller.o(.text) refers to ddiv.o(.text) for __aeabi_ddiv
    temp_controller.o(.text) refers to d2f.o(.text) for __aeabi_d2f
    temp_controller.o(.text) refers to dflti.o(.text) for __aeabi_i2d
    temp_controller.o(.text) refers to rt_cmsis.o(i.osMessagePut) for osMessagePut
    temp_controller.o(.text) refers to display_controller.o(.data) for temp_mqueue
    temp_controller.o(.text) refers to temp_controller.o(.data) for interrupt_TIM2
    program.o(.text) refers to f2d.o(.text) for __aeabi_f2d
    program.o(.text) refers to sqrt.o(i.__hardfp_sqrt) for __hardfp_sqrt
    program.o(.text) refers to atan2.o(i.__hardfp_atan2) for __hardfp_atan2
    program.o(.text) refers to d2f.o(.text) for __aeabi_d2f
    program.o(.text) refers to ddiv.o(.text) for __aeabi_ddiv
    initialization.o(.text) refers to lis3dsh.o(.text) for LIS3DSH_Init
    initialization.o(.text) refers to stm32f4xx_rcc.o(.text) for RCC_APB2PeriphClockCmd
    initialization.o(.text) refers to stm32f4xx_gpio.o(.text) for GPIO_Init
    initialization.o(.text) refers to stm32f4xx_exti.o(.text) for EXTI_Init
    initialization.o(.text) refers to stm32f4xx_syscfg.o(.text) for SYSCFG_EXTILineConfig
    initialization.o(.text) refers to misc.o(.text) for NVIC_Init
    initialization.o(.text) refers to lsm9ds1.o(.text) for LSM9DS1_Init
    initialization.o(.text) refers to stm32f4xx_adc.o(.text) for ADC_DeInit
    initialization.o(.text) refers to stm32f4xx_tim.o(.text) for TIM_TimeBaseInit
    initialization.o(.text) refers to f2d.o(.text) for __aeabi_f2d
    initialization.o(.text) refers to dadd.o(.text) for __aeabi_dadd
    initialization.o(.text) refers to d2f.o(.text) for __aeabi_d2f
    keypad.o(.text) refers to stm32f4xx_gpio.o(.text) for GPIO_ReadInputDataBit
    keypad.o(.text) refers to initialization.o(.text) for alpha_num_kp_init
    keypad.o(.text) refers to rt_cmsis.o(i.osMessagePut) for osMessagePut
    keypad.o(.text) refers to program.o(.text) for delay
    keypad.o(.text) refers to keypad.o(.data) for keypadArray
    keypad.o(.text) refers to display_controller.o(.data) for kp_mqueue
    segmentdisplay.o(.text) refers to stm32f4xx_gpio.o(.text) for GPIO_ResetBits
    segmentdisplay.o(.text) refers to segmentdisplay.o(.data) for tick
    display_controller.o(.text) refers to rt_cmsis.o(i.osPoolCreate) for osPoolCreate
    display_controller.o(.text) refers to rt_cmsis.o(i.osMessageCreate) for osMessageCreate
    display_controller.o(.text) refers to initialization.o(.text) for seg_7_display_init
    display_controller.o(.text) refers to rt_cmsis.o(i.osSignalWait) for osSignalWait
    display_controller.o(.text) refers to rt_cmsis.o(i.osMessageGet) for osMessageGet
    display_controller.o(.text) refers to rt_cmsis.o(i.osPoolFree) for osPoolFree
    display_controller.o(.text) refers to segmentdisplay.o(.text) for displayNumber
    display_controller.o(.text) refers to printfa.o(i.__0printf) for __2printf
    display_controller.o(.text) refers to display_controller.o(.constdata) for os_pool_def_acc_mpool
    display_controller.o(.text) refers to display_controller.o(.data) for acc_mpool
    display_controller.o(.constdata) refers to display_controller.o(.bss) for os_pool_m_acc_mpool
    lsm9ds1.o(.text) refers to stm32f4xx_spi.o(.text) for SPI_I2S_GetFlagStatus
[...]
    Removing stm32f4xx_gpio.o(.revsh_text), (4 bytes).
    Removing stm32f4xx_gpio.o(.rrx_text), (6 bytes).
    Removing stm32f4xx_gpio.o(.text), (660 bytes).
    Removing stm32f4xx_hash.o(.rev16_text), (4 bytes).
    Removing stm32f4xx_hash.o(.revsh_text), (4 bytes).
    Removing stm32f4xx_hash.o(.rrx_text), (6 bytes).
    Removing stm32f4xx_hash.o(.text), (552 bytes).
    Removing stm32f4xx_hash_md5.o(.rev16_text), (4 bytes).
    Removing stm32f4xx_hash_md5.o(.revsh_text), (4 bytes).
    Removing stm32f4xx_hash_md5.o(.rrx_text), (6 bytes).
    Removing stm32f4xx_hash_md5.o(.text), (534 bytes).
    Removing stm32f4xx_hash_sha1.o(.rev16_text), (4 bytes).
    Removing stm32f4xx_hash_sha1.o(.revsh_text), (4 bytes).
    Removing stm32f4xx_hash_sha1.o(.rrx_text), (6 bytes).
    Removing stm32f4xx_hash_sha1.o(.text), (548 bytes).
    Removing stm32f4xx_i2c.o(.rev16_text), (4 bytes).
    Removing stm32f4xx_i2c.o(.revsh_text), (4 bytes).
    Removing stm32f4xx_i2c.o(.rrx_text), (6 bytes).
    Removing stm32f4xx_i2c.o(.text), (1110 bytes).
    Removing stm32f4xx_iwdg.o(.rev16_text), (4 bytes).
    Removing stm32f4xx_iwdg.o(.revsh_text), (4 bytes).
    Removing stm32f4xx_iwdg.o(.rrx_text), (6 bytes).
    Removing stm32f4xx_iwdg.o(.text), (64 bytes).
    Removing stm32f4xx_pwr.o(.rev16_text), (4 bytes).
    Removing stm32f4xx_pwr.o(.revsh_text), (4 bytes).
    Removing stm32f4xx_pwr.o(.rrx_text), (6 bytes).
    Removing stm32f4xx_pwr.o(.text), (340 bytes).
    Removing stm32f4xx_rcc.o(.rev16_text), (4 bytes).
    Removing stm32f4xx_rcc.o(.revsh_text), (4 bytes).
    Removing stm32f4xx_rcc.o(.rrx_text), (6 bytes).
    Removing stm32f4xx_rcc.o(.text), (1588 bytes).
    Removing stm32f4xx_rcc.o(.data), (16 bytes).
    Removing stm32f4xx_rng.o(.rev16_text), (4 bytes).
    Removing stm32f4xx_rng.o(.revsh_text), (4 bytes).
    Removing stm32f4xx_rng.o(.rrx_text), (6 bytes).
    Removing stm32f4xx_rng.o(.text), (160 bytes).
    Removing stm32f4xx_rtc.o(.rev16_text), (4 bytes).
    Removing stm32f4xx_rtc.o(.revsh_text), (4 bytes).
    Removing stm32f4xx_rtc.o(.rrx_text), (6 bytes).
    Removing stm32f4xx_rtc.o(.text), (3432 bytes).
    Removing stm32f4xx_sdio.o(.rev16_text), (4 bytes).
    Removing stm32f4xx_sdio.o(.revsh_text), (4 bytes).
    Removing stm32f4xx_sdio.o(.rrx_text), (6 bytes).
    Removing stm32f4xx_sdio.o(.text), (476 bytes).
    Removing stm32f4xx_spi.o(.rev16_text), (4 bytes).
    Removing stm32f4xx_spi.o(.revsh_text), (4 bytes).
    Removing stm32f4xx_spi.o(.rrx_text), (6 bytes).
    Removing stm32f4xx_spi.o(.text), (1102 bytes).
    Removing stm32f4xx_syscfg.o(.rev16_text), (4 bytes).
    Removing stm32f4xx_syscfg.o(.revsh_text), (4 bytes).
    Removing stm32f4xx_syscfg.o(.rrx_text), (6 bytes).
    Removing stm32f4xx_syscfg.o(.text), (148 bytes).
    Removing stm32f4xx_tim.o(.rev16_text), (4 bytes).
    Removing stm32f4xx_tim.o(.revsh_text), (4 bytes).
    Removing stm32f4xx_tim.o(.rrx_text), (6 bytes).
    Removing stm32f4xx_tim.o(.text), (3234 bytes).
    Removing stm32f4xx_usart.o(.rev16_text), (4 bytes).
    Removing stm32f4xx_usart.o(.revsh_text), (4 bytes).
    Removing stm32f4xx_usart.o(.rrx_text), (6 bytes).
    Removing stm32f4xx_usart.o(.text), (1108 bytes).
    Removing stm32f4xx_wwdg.o(.rev16_text), (4 bytes).
    Removing stm32f4xx_wwdg.o(.revsh_text), (4 bytes).
    Removing stm32f4xx_wwdg.o(.rrx_text), (6 bytes).
    Removing stm32f4xx_wwdg.o(.text), (144 bytes).
    Removing startup_stm32f40_41xxx.o(HEAP), (512 bytes).
    Removing system_stm32f4xx.o(.rev16_text), (4 bytes).
    Removing system_stm32f4xx.o(.revsh_text), (4 bytes).
    Removing system_stm32f4xx.o(.rrx_text), (6 bytes).
    Removing rt_cmsis.o(.rev16_text), (4 bytes).
    Removing rt_cmsis.o(.revsh_text), (4 bytes).
    Removing rt_cmsis.o(.rrx_text), (6 bytes).
    Removing rt_cmsis.o(i.isrSemaphoreRelease), (40 bytes).
    Removing rt_cmsis.o(i.isrSignalSet), (36 bytes).
    Removing rt_cmsis.o(i.osDelay), (24 bytes).
    Removing rt_cmsis.o(i.osKernelRunning), (36 bytes).
    Removing rt_cmsis.o(i.osKernelSysTick), (24 bytes).
    Removing rt_cmsis.o(i.osMailAlloc), (32 bytes).
    Removing rt_cmsis.o(i.osMailCAlloc), (32 bytes).
    Removing rt_cmsis.o(i.osMailCreate), (48 bytes).
    Removing rt_cmsis.o(i.osMailFree), (28 bytes).
    Removing rt_cmsis.o(i.osMailGet), (22 bytes).
    Removing rt_cmsis.o(i.osMailPut), (20 bytes).
    Removing rt_cmsis.o(i.osMessageCreate), (48 bytes).
    Removing rt_cmsis.o(i.osMessagePut), (24 bytes).
    Removing rt_cmsis.o(i.osMutexCreate), (48 bytes).
    Removing rt_cmsis.o(i.osMutexDelete), (24 bytes).
    Removing rt_cmsis.o(i.osMutexRelease), (24 bytes).
    Removing rt_cmsis.o(i.osMutexWait), (24 bytes).
    Removing rt_cmsis.o(i.osPoolAlloc), (36 bytes).
    Removing rt_cmsis.o(i.osPoolCAlloc), (36 bytes).
    Removing rt_cmsis.o(i.osPoolCreate), (48 bytes).
    Removing rt_cmsis.o(i.osPoolFree), (32 bytes).
    Removing rt_cmsis.o(i.osSemaphoreCreate), (48 bytes).
    Removing rt_cmsis.o(i.osSemaphoreDelete), (24 bytes).
    Removing rt_cmsis.o(i.osSemaphoreRelease), (24 bytes).
    Removing rt_cmsis.o(i.osSemaphoreWait), (24 bytes).
    Removing rt_cmsis.o(i.osSignalClear), (24 bytes).
    Removing rt_cmsis.o(i.osSignalSet), (24 bytes).
    Removing rt_cmsis.o(i.osSignalWait), (24 bytes).
    Removing rt_cmsis.o(i.osThreadGetId), (24 bytes).
    Removing rt_cmsis.o(i.osThreadGetPriority), (24 bytes).
    Removing rt_cmsis.o(i.osThreadSetPriority), (24 bytes).
    Removing rt_cmsis.o(i.osThreadTerminate), (24 bytes).
    Removing rt_cmsis.o(i.osThreadYield), (24 bytes).
    Removing rt_cmsis.o(i.osTimerCreate), (52 bytes).
    Removing rt_cmsis.o(i.osTimerDelete), (24 bytes).
    Removing rt_cmsis.o(i.osTimerStart), (24 bytes).
    Removing rt_cmsis.o(i.osTimerStop), (24 bytes).
    Removing rt_cmsis.o(i.osWait), (4 bytes).
    Removing rt_cmsis.o(i.os_resume), (12 bytes).
    Removing rt_cmsis.o(i.os_suspend), (12 bytes).
    Removing rt_cmsis.o(i.rt_clr_box), (20 bytes).
    Removing rt_cmsis.o(i.rt_timer_remove), (60 bytes).
    Removing rt_cmsis.o(i.svcDelay), (20 bytes).
    Removing rt_cmsis.o(i.svcKernelRunning), (12 bytes).
    Removing rt_cmsis.o(i.svcKernelSysTick), (56 bytes).
    Removing rt_cmsis.o(i.svcMailCreate), (66 bytes).
    Removing rt_cmsis.o(i.svcMessagePut), (54 bytes).
    Removing rt_cmsis.o(i.svcMutexCreate), (28 bytes).
    Removing rt_cmsis.o(i.svcMutexDelete), (26 bytes).
    Removing rt_cmsis.o(i.svcMutexRelease), (34 bytes).
    Removing rt_cmsis.o(i.svcMutexWait), (54 bytes).
    Removing rt_cmsis.o(i.svcPoolCreate), (40 bytes).
    Removing rt_cmsis.o(i.svcSemaphoreCreate), (36 bytes).
    Removing rt_cmsis.o(i.svcSemaphoreDelete), (26 bytes).
    Removing rt_cmsis.o(i.svcSemaphoreRelease), (40 bytes).
    Removing rt_cmsis.o(i.svcSemaphoreWait), (50 bytes).
    Removing rt_cmsis.o(i.svcSignalClear), (36 bytes).
    Removing rt_cmsis.o(i.svcSignalSet), (36 bytes).
    Removing rt_cmsis.o(i.svcSignalWait), (84 bytes).
    Removing rt_cmsis.o(i.svcThreadGetPriority), (18 bytes).
    Removing rt_cmsis.o(i.svcThreadSetPriority), (46 bytes).
    Removing rt_cmsis.o(i.svcThreadYield), (10 bytes).
    Removing rt_cmsis.o(i.svcTimerCreate), (56 bytes).
    Removing rt_cmsis.o(i.svcTimerDelete), (40 bytes).
    Removing rt_cmsis.o(i.svcTimerStart), (100 bytes).
    Removing rt_cmsis.o(i.svcTimerStop), (36 bytes).
    Removing rt_cmsis.o(i.sysMailAlloc), (112 bytes).
    Removing rt_cmsis.o(i.sysMailFree), (96 bytes).
    Removing rt_cmsis.o(i.sysPoolAlloc), (32 bytes).
    Removing rt_cmsis.o(i.sysPoolFree), (20 bytes).
    Removing rt_cmsis.o(i.sysUserTimerUpdate), (48 bytes).
    Removing rt_cmsis.o(i.sysUserTimerWakeupTime), (20 bytes).
    Removing rt_task.o(i.rt_tsk_pass), (48 bytes).
    Removing rt_system.o(.emb_text), (0 bytes).
    Removing rt_system.o(i.os_tick_ovf), (16 bytes).
    Removing rt_system.o(i.os_tick_val), (20 bytes).
    Removing rt_system.o(i.rt_resume), (136 bytes).
    Removing rt_system.o(i.rt_suspend), (36 bytes).
    Removing rt_system.o(i.rt_tsk_lock), (80 bytes).
    Removing rt_system.o(i.rt_tsk_unlock), (80 bytes).
    Removing rt_event.o(i.isr_evt_set), (40 bytes).
    Removing rt_event.o(i.rt_evt_clr), (28 bytes).
    Removing rt_event.o(i.rt_evt_get), (12 bytes).
    Removing rt_event.o(i.rt_evt_set), (92 bytes).
    Removing rt_event.o(i.rt_evt_wait), (60 bytes).
    Removing rt_list.o(i.rt_get_same_rdy_prio), (36 bytes).
    Removing rt_mailbox.o(i.rt_mbx_send), (152 bytes).
    Removing rt_semaphore.o(i.isr_sem_send), (16 bytes).
    Removing rt_semaphore.o(i.rt_sem_delete), (92 bytes).
    Removing rt_semaphore.o(i.rt_sem_init), (12 bytes).
    Removing rt_semaphore.o(i.rt_sem_send), (42 bytes).
    Removing rt_semaphore.o(i.rt_sem_wait), (64 bytes).
    Removing rt_time.o(i.rt_dly_wait), (6 bytes).
    Removing rt_time.o(i.rt_itv_set), (24 bytes).
    Removing rt_time.o(i.rt_itv_wait), (40 bytes).
    Removing rt_time.o(i.rt_time_get), (12 bytes).
    Removing rt_mutex.o(i.rt_mut_delete), (176 bytes).
    Removing rt_mutex.o(i.rt_mut_init), (16 bytes).
    Removing rt_mutex.o(i.rt_mut_release), (216 bytes).
    Removing rt_mutex.o(i.rt_mut_wait), (104 bytes).
    Removing rt_membox.o(i._calloc_box), (30 bytes).
    Removing dflti.o(.text), (34 bytes).
    Removing d2f.o(.text), (56 bytes).
    Removing fepilogue.o(.text), (110 bytes).
    Removing dneg.o(.text), (6 bytes).
    Removing dsqrt.o(.text), (162 bytes).
    Removing cdcmple.o(.text), (48 bytes).

292 unused section(s) (total 46252 bytes) removed from the image.

==============================================================================

Image Symbol Table

    Local Symbols

    Symbol Name                              Value     Ov Type        Size  Object(Section)

    ../clib/microlib/division.c              0x00000000   Number         0  uidiv.o ABSOLUTE
    ../clib/microlib/division.c              0x00000000   Number         0  uldiv.o ABSOLUTE
    ../clib/microlib/errno.c                 0x00000000   Number         0  errno.o ABSOLUTE
    ../clib/microlib/init/entry.s            0x00000000   Number         0  entry2.o ABSOLUTE
    ../clib/microlib/init/entry.s            0x00000000   Number         0  entry11b.o ABSOLUTE
    ../clib/microlib/init/entry.s            0x00000000   Number         0  entry11a.o ABSOLUTE
    ../clib/microlib/init/entry.s            0x00000000   Number         0  entry10b.o ABSOLUTE
    ../clib/microlib/init/entry.s            0x00000000   Number         0  entry10a.o ABSOLUTE
    ../clib/microlib/init/entry.s            0x00000000   Number         0  entry8a.o ABSOLUTE
    ../clib/microlib/init/entry.s            0x00000000   Number         0  entry7b.o ABSOLUTE
    ../clib/microlib/init/entry.s            0x00000000   Number         0  entry7a.o ABSOLUTE
    ../clib/microlib/init/entry.s            0x00000000   Number         0  entry5.o ABSOLUTE
    ../clib/microlib/init/entry.s            0x00000000   Number         0  entry8b.o ABSOLUTE
    ../clib/microlib/init/entry.s            0x00000000   Number         0  entry.o ABSOLUTE
    ../clib/microlib/longlong.c              0x00000000   Number         0  llsshr.o ABSOLUTE
    ../clib/microlib/longlong.c              0x00000000   Number         0  llushr.o ABSOLUTE
    ../clib/microlib/longlong.c              0x00000000   Number         0  llshl.o ABSOLUTE
    ../clib/microlib/printf/printf.c         0x00000000   Number         0  printf0.o ABSOLUTE
    ../clib/microlib/printf/printf.c         0x00000000   Number         0  printf8.o ABSOLUTE
    ../clib/microlib/printf/printf.c         0x00000000   Number         0  printf1.o ABSOLUTE
    ../clib/microlib/printf/printf.c         0x00000000   Number         0  printf2.o ABSOLUTE
    ../clib/microlib/printf/printf.c         0x00000000   Number         0  printf3.o ABSOLUTE
    ../clib/microlib/printf/printf.c         0x00000000   Number         0  printf7.o ABSOLUTE
    ../clib/microlib/printf/printf.c         0x00000000   Number         0  printf4.o ABSOLUTE
    ../clib/microlib/printf/printf.c         0x00000000   Number         0  printf5.o ABSOLUTE
    ../clib/microlib/printf/printf.c         0x00000000   Number         0  printf6.o ABSOLUTE
    ../clib/microlib/printf/printf.c         0x00000000   Number         0  printfa.o ABSOLUTE
    ../clib/microlib/printf/printf.c         0x00000000   Number         0  printfb.o ABSOLUTE
    ../clib/microlib/printf/stubs.s          0x00000000   Number         0  stubs.o ABSOLUTE
    ../clib/microlib/stdio/streams.c         0x00000000   Number         0  stdout.o ABSOLUTE
    ../clib/microlib/stubs.s                 0x00000000   Number         0  iusefp.o ABSOLUTE
    ../fplib/microlib/d2f.c                  0x00000000   Number         0  d2f.o ABSOLUTE
    ../fplib/microlib/f2d.c                  0x00000000   Number         0  f2d.o ABSOLUTE
    ../fplib/microlib/fpadd.c                0x00000000   Number         0  dadd.o ABSOLUTE
    ../fplib/microlib/fpdiv.c                0x00000000   Number         0  ddiv.o ABSOLUTE
    ../fplib/microlib/fpepilogue.c           0x00000000   Number         0  depilogue.o ABSOLUTE
    ../fplib/microlib/fpepilogue.c           0x00000000   Number         0  fepilogue.o ABSOLUTE
    ../fplib/microlib/fpfix.c                0x00000000   Number         0  dfixul.o ABSOLUTE
    ../fplib/microlib/fpflt.c                0x00000000   Number         0  dflti.o ABSOLUTE
    ../fplib/microlib/fpmul.c                0x00000000   Number         0  dmul.o ABSOLUTE
    ../fplib/microlib/fpneg.c                0x00000000   Number         0  dneg.o ABSOLUTE
    ../fplib/microlib/fpsqrt.c               0x00000000   Number         0  dsqrt.o ABSOLUTE
    ../mathlib/atan.c                        0x00000000   Number         0  atan_x.o ABSOLUTE
    ../mathlib/atan.c                        0x00000000   Number         0  atan.o ABSOLUTE
    ../mathlib/atan2.c                       0x00000000   Number         0  atan2.o ABSOLUTE
    ../mathlib/atan2.c                       0x00000000   Number         0  atan2_x.o ABSOLUTE
    ../mathlib/dunder.c                      0x00000000   Number         0  dunder.o ABSOLUTE
    ../mathlib/fabs.c                        0x00000000   Number         0  fabs.o ABSOLUTE
    ../mathlib/fpclassify.c                  0x00000000   Number         0  fpclassify.o ABSOLUTE
    ../mathlib/poly.c                        0x00000000   Number         0  poly.o ABSOLUTE
    ../mathlib/qnan.c                        0x00000000   Number         0  qnan.o ABSOLUTE
    ../mathlib/sqrt.c                        0x00000000   Number         0  sqrt.o ABSOLUTE
    ../mathlib/sqrt.c                        0x00000000   Number         0  sqrt_x.o ABSOLUTE
    ..\HAL_CM.c                              0x00000000   Number         0  hal_cm.o ABSOLUTE
    ..\\rt_CMSIS.c                           0x00000000   Number         0  rt_cmsis.o ABSOLUTE
    ..\\rt_System.c                          0x00000000   Number         0  rt_system.o ABSOLUTE
    ..\rt_CMSIS.c                            0x00000000   Number         0  rt_cmsis.o ABSOLUTE
    ..\rt_Event.c                            0x00000000   Number         0  rt_event.o ABSOLUTE
    ..\rt_List.c                             0x00000000   Number         0  rt_list.o ABSOLUTE
    ..\rt_Mailbox.c                          0x00000000   Number         0  rt_mailbox.o ABSOLUTE
    ..\rt_MemBox.c                           0x00000000   Number         0  rt_membox.o ABSOLUTE
    ..\rt_Memory.c                           0x00000000   Number         0  rt_memory.o ABSOLUTE
    ..\rt_Mutex.c                            0x00000000   Number         0  rt_mutex.o ABSOLUTE
    ..\rt_Robin.c                            0x00000000   Number         0  rt_robin.o ABSOLUTE
    ..\rt_Semaphore.c                        0x00000000   Number         0  rt_semaphore.o ABSOLUTE
    ..\rt_System.c                           0x00000000   Number         0  rt_system.o ABSOLUTE
    ..\rt_Task.c                             0x00000000   Number         0  rt_task.o ABSOLUTE
    ..\rt_Time.c                             0x00000000   Number         0  rt_time.o ABSOLUTE
    Accelerometer_Drivers\\src\\lis302dl.c   0x00000000   Number         0  lis302dl.o ABSOLUTE
    Accelerometer_Drivers\\src\\lis3dsh.c    0x00000000   Number         0  lis3dsh.o ABSOLUTE
    Accelerometer_Drivers\src\lis302dl.c     0x00000000   Number         0  lis302dl.o ABSOLUTE
    Accelerometer_Drivers\src\lis3dsh.c      0x00000000   Number         0  lis3dsh.o ABSOLUTE
    C:\Keil_v5\ARM\PACK\Keil\STM32F4xx_DFP\1.0.8\Device\StdPeriph_Driver\src\misc.c 0x00000000   Number         0  misc.o ABSOLUTE
    C:\Keil_v5\ARM\PACK\Keil\STM32F4xx_DFP\1.0.8\Device\StdPeriph_Driver\src\stm32f4xx_adc.c 0x00000000   Number         0  stm32f4xx_adc.o ABSOLUTE
    C:\Keil_v5\ARM\PACK\Keil\STM32F4xx_DFP\1.0.8\Device\StdPeriph_Driver\src\stm32f4xx_can.c 0x00000000   Number         0  stm32f4xx_can.o ABSOLUTE
    C:\Keil_v5\ARM\PACK\Keil\STM32F4xx_DFP\1.0.8\Device\StdPeriph_Driver\src\stm32f4xx_crc.c 0x00000000   Number         0  stm32f4xx_crc.o ABSOLUTE
    C:\Keil_v5\ARM\PACK\Keil\STM32F4xx_DFP\1.0.8\Device\StdPeriph_Driver\src\stm32f4xx_cryp.c 0x00000000   Number         0  stm32f4xx_cryp.o ABSOLUTE
    C:\Keil_v5\ARM\PACK\Keil\STM32F4xx_DFP\1.0.8\Device\StdPeriph_Driver\src\stm32f4xx_cryp_aes.c 0x00000000   Number         0  stm32f4xx_cryp_aes.o ABSOLUTE
    C:\Keil_v5\ARM\PACK\Keil\STM32F4xx_DFP\1.0.8\Device\StdPeriph_Driver\src\stm32f4xx_cryp_des.c 0x00000000   Number         0  stm32f4xx_cryp_des.o ABSOLUTE
    C:\Keil_v5\ARM\PACK\Keil\STM32F4xx_DFP\1.0.8\Device\StdPeriph_Driver\src\stm32f4xx_cryp_tdes.c 0x00000000   Number         0  stm32f4xx_cryp_tdes.o ABSOLUTE
    C:\Keil_v5\ARM\PACK\Keil\STM32F4xx_DFP\1.0.8\Device\StdPeriph_Driver\src\stm32f4xx_dac.c 0x00000000   Number         0  stm32f4xx_dac.o ABSOLUTE
    C:\Keil_v5\ARM\PACK\Keil\STM32F4xx_DFP\1.0.8\Device\StdPeriph_Driver\src\stm32f4xx_dbgmcu.c 0x00000000   Number         0  stm32f4xx_dbgmcu.o ABSOLUTE
    C:\Keil_v5\ARM\PACK\Keil\STM32F4xx_DFP\1.0.8\Device\StdPeriph_Driver\src\stm32f4xx_dcmi.c 0x00000000   Number         0  stm32f4xx_dcmi.o ABSOLUTE
    C:\Keil_v5\ARM\PACK\Keil\STM32F4xx_DFP\1.0.8\Device\StdPeriph_Driver\src\stm32f4xx_dma.c 0x00000000   Number         0  stm32f4xx_dma.o ABSOLUTE
    C:\Keil_v5\ARM\PACK\Keil\STM32F4xx_DFP\1.0.8\Device\StdPeriph_Driver\src\stm32f4xx_exti.c 0x00000000   Number         0  stm32f4xx_exti.o ABSOLUTE
    C:\Keil_v5\ARM\PACK\Keil\STM32F4xx_DFP\1.0.8\Device\StdPeriph_Driver\src\stm32f4xx_flash.c 0x00000000   Number         0  stm32f4xx_flash.o ABSOLUTE
    C:\Keil_v5\ARM\PACK\Keil\STM32F4xx_DFP\1.0.8\Device\StdPeriph_Driver\src\stm32f4xx_fsmc.c 0x00000000   Number         0  stm32f4xx_fsmc.o ABSOLUTE
    C:\Keil_v5\ARM\PACK\Keil\STM32F4xx_DFP\1.0.8\Device\StdPeriph_Driver\src\stm32f4xx_gpio.c 0x00000000   Number         0  stm32f4xx_gpio.o ABSOLUTE
    C:\Keil_v5\ARM\PACK\Keil\STM32F4xx_DFP\1.0.8\Device\StdPeriph_Driver\src\stm32f4xx_hash.c 0x00000000   Number         0  stm32f4xx_hash.o ABSOLUTE
    C:\Keil_v5\ARM\PACK\Keil\STM32F4xx_DFP\1.0.8\Device\StdPeriph_Driver\src\stm32f4xx_hash_md5.c 0x00000000   Number         0  stm32f4xx_hash_md5.o ABSOLUTE
    C:\Keil_v5\ARM\PACK\Keil\STM32F4xx_DFP\1.0.8\Device\StdPeriph_Driver\src\stm32f4xx_hash_sha1.c 0x00000000   Number         0  stm32f4xx_hash_sha1.o ABSOLUTE
    C:\Keil_v5\ARM\PACK\Keil\STM32F4xx_DFP\1.0.8\Device\StdPeriph_Driver\src\stm32f4xx_i2c.c 0x00000000   Number         0  stm32f4xx_i2c.o ABSOLUTE
    C:\Keil_v5\ARM\PACK\Keil\STM32F4xx_DFP\1.0.8\Device\StdPeriph_Driver\src\stm32f4xx_iwdg.c 0x00000000   Number         0  stm32f4xx_iwdg.o ABSOLUTE
    C:\Keil_v5\ARM\PACK\Keil\STM32F4xx_DFP\1.0.8\Device\StdPeriph_Driver\src\stm32f4xx_pwr.c 0x00000000   Number         0  stm32f4xx_pwr.o ABSOLUTE
    C:\Keil_v5\ARM\PACK\Keil\STM32F4xx_DFP\1.0.8\Device\StdPeriph_Driver\src\stm32f4xx_rcc.c 0x00000000   Number         0  stm32f4xx_rcc.o ABSOLUTE
    C:\Keil_v5\ARM\PACK\Keil\STM32F4xx_DFP\1.0.8\Device\StdPeriph_Driver\src\stm32f4xx_rng.c 0x00000000   Number         0  stm32f4xx_rng.o ABSOLUTE
    C:\Keil_v5\ARM\PACK\Keil\STM32F4xx_DFP\1.0.8\Device\StdPeriph_Driver\src\stm32f4xx_rtc.c 0x00000000   Number         0  stm32f4xx_rtc.o ABSOLUTE
    C:\Keil_v5\ARM\PACK\Keil\STM32F4xx_DFP\1.0.8\Device\StdPeriph_Driver\src\stm32f4xx_sdio.c 0x00000000   Number         0  stm32f4xx_sdio.o ABSOLUTE
    C:\Keil_v5\ARM\PACK\Keil\STM32F4xx_DFP\1.0.8\Device\StdPeriph_Driver\src\stm32f4xx_spi.c 0x00000000   Number         0  stm32f4xx_spi.o ABSOLUTE
    C:\Keil_v5\ARM\PACK\Keil\STM32F4xx_DFP\1.0.8\Device\StdPeriph_Driver\src\stm32f4xx_syscfg.c 0x00000000   Number         0  stm32f4xx_syscfg.o ABSOLUTE
    C:\Keil_v5\ARM\PACK\Keil\STM32F4xx_DFP\1.0.8\Device\StdPeriph_Driver\src\stm32f4xx_tim.c 0x00000000   Number         0  stm32f4xx_tim.o ABSOLUTE
    C:\Keil_v5\ARM\PACK\Keil\STM32F4xx_DFP\1.0.8\Device\StdPeriph_Driver\src\stm32f4xx_usart.c 0x00000000   Number         0  stm32f4xx_usart.o ABSOLUTE
    C:\Keil_v5\ARM\PACK\Keil\STM32F4xx_DFP\1.0.8\Device\StdPeriph_Driver\src\stm32f4xx_wwdg.c 0x00000000   Number         0  stm32f4xx_wwdg.o ABSOLUTE
    C:\\Keil_v5\\ARM\\PACK\\Keil\\STM32F4xx_DFP\\1.0.8\\Device\\StdPeriph_Driver\\src\\misc.c 0x00000000   Number         0  misc.o ABSOLUTE
    C:\\Keil_v5\\ARM\\PACK\\Keil\\STM32F4xx_DFP\\1.0.8\\Device\\StdPeriph_Driver\\src\\stm32f4xx_adc.c 0x00000000   Number         0  stm32f4xx_adc.o ABSOLUTE
    C:\\Keil_v5\\ARM\\PACK\\Keil\\STM32F4xx_DFP\\1.0.8\\Device\\StdPeriph_Driver\\src\\stm32f4xx_can.c 0x00000000   Number         0  stm32f4xx_can.o ABSOLUTE
    C:\\Keil_v5\\ARM\\PACK\\Keil\\STM32F4xx_DFP\\1.0.8\\Device\\StdPeriph_Driver\\src\\stm32f4xx_crc.c 0x00000000   Number         0  stm32f4xx_crc.o ABSOLUTE
    C:\\Keil_v5\\ARM\\PACK\\Keil\\STM32F4xx_DFP\\1.0.8\\Device\\StdPeriph_Driver\\src\\stm32f4xx_cryp.c 0x00000000   Number         0  stm32f4xx_cryp.o ABSOLUTE
    C:\\Keil_v5\\ARM\\PACK\\Keil\\STM32F4xx_DFP\\1.0.8\\Device\\StdPeriph_Driver\\src\\stm32f4xx_cryp_aes.c 0x00000000   Number         0  stm32f4xx_cryp_aes.o ABSOLUTE
    C:\\Keil_v5\\ARM\\PACK\\Keil\\STM32F4xx_DFP\\1.0.8\\Device\\StdPeriph_Driver\\src\\stm32f4xx_cryp_des.c 0x00000000   Number         0  stm32f4xx_cryp_des.o ABSOLUTE
    C:\\Keil_v5\\ARM\\PACK\\Keil\\STM32F4xx_DFP\\1.0.8\\Device\\StdPeriph_Driver\\src\\stm32f4xx_cryp_tdes.c 0x00000000   Number         0  stm32f4xx_cryp_tdes.o ABSOLUTE
    C:\\Keil_v5\\ARM\\PACK\\Keil\\STM32F4xx_DFP\\1.0.8\\Device\\StdPeriph_Driver\\src\\stm32f4xx_dac.c 0x00000000   Number         0  stm32f4xx_dac.o ABSOLUTE
    C:\\Keil_v5\\ARM\\PACK\\Keil\\STM32F4xx_DFP\\1.0.8\\Device\\StdPeriph_Driver\\src\\stm32f4xx_dbgmcu.c 0x00000000   Number         0  stm32f4xx_dbgmcu.o ABSOLUTE
    C:\\Keil_v5\\ARM\\PACK\\Keil\\STM32F4xx_DFP\\1.0.8\\Device\\StdPeriph_Driver\\src\\stm32f4xx_dcmi.c 0x00000000   Number         0  stm32f4xx_dcmi.o ABSOLUTE
    C:\\Keil_v5\\ARM\\PACK\\Keil\\STM32F4xx_DFP\\1.0.8\\Device\\StdPeriph_Driver\\src\\stm32f4xx_dma.c 0x00000000   Number         0  stm32f4xx_dma.o ABSOLUTE
    C:\\Keil_v5\\ARM\\PACK\\Keil\\STM32F4xx_DFP\\1.0.8\\Device\\StdPeriph_Driver\\src\\stm32f4xx_exti.c 0x00000000   Number         0  stm32f4xx_exti.o ABSOLUTE
    C:\\Keil_v5\\ARM\\PACK\\Keil\\STM32F4xx_DFP\\1.0.8\\Device\\StdPeriph_Driver\\src\\stm32f4xx_flash.c 0x00000000   Number         0  stm32f4xx_flash.o ABSOLUTE
    C:\\Keil_v5\\ARM\\PACK\\Keil\\STM32F4xx_DFP\\1.0.8\\Device\\StdPeriph_Driver\\src\\stm32f4xx_fsmc.c 0x00000000   Number         0  stm32f4xx_fsmc.o ABSOLUTE
    C:\\Keil_v5\\ARM\\PACK\\Keil\\STM32F4xx_DFP\\1.0.8\\Device\\StdPeriph_Driver\\src\\stm32f4xx_gpio.c 0x00000000   Number         0  stm32f4xx_gpio.o ABSOLUTE
    C:\\Keil_v5\\ARM\\PACK\\Keil\\STM32F4xx_DFP\\1.0.8\\Device\\StdPeriph_Driver\\src\\stm32f4xx_hash.c 0x00000000   Number         0  stm32f4xx_hash.o ABSOLUTE
    C:\\Keil_v5\\ARM\\PACK\\Keil\\STM32F4xx_DFP\\1.0.8\\Device\\StdPeriph_Driver\\src\\stm32f4xx_hash_md5.c 0x00000000   Number         0  stm32f4xx_hash_md5.o ABSOLUTE
    C:\\Keil_v5\\ARM\\PACK\\Keil\\STM32F4xx_DFP\\1.0.8\\Device\\StdPeriph_Driver\\src\\stm32f4xx_hash_sha1.c 0x00000000   Number         0  stm32f4xx_hash_sha1.o ABSOLUTE
    C:\\Keil_v5\\ARM\\PACK\\Keil\\STM32F4xx_DFP\\1.0.8\\Device\\StdPeriph_Driver\\src\\stm32f4xx_i2c.c 0x00000000   Number         0  stm32f4xx_i2c.o ABSOLUTE
    C:\\Keil_v5\\ARM\\PACK\\Keil\\STM32F4xx_DFP\\1.0.8\\Device\\StdPeriph_Driver\\src\\stm32f4xx_iwdg.c 0x00000000   Number         0  stm32f4xx_iwdg.o ABSOLUTE
    C:\\Keil_v5\\ARM\\PACK\\Keil\\STM32F4xx_DFP\\1.0.8\\Device\\StdPeriph_Driver\\src\\stm32f4xx_pwr.c 0x00000000   Number         0  stm32f4xx_pwr.o ABSOLUTE
    C:\\Keil_v5\\ARM\\PACK\\Keil\\STM32F4xx_DFP\\1.0.8\\Device\\StdPeriph_Driver\\src\\stm32f4xx_rcc.c 0x00000000   Number         0  stm32f4xx_rcc.o ABSOLUTE
    C:\\Keil_v5\\ARM\\PACK\\Keil\\STM32F4xx_DFP\\1.0.8\\Device\\StdPeriph_Driver\\src\\stm32f4xx_rng.c 0x00000000   Number         0  stm32f4xx_rng.o ABSOLUTE
    C:\\Keil_v5\\ARM\\PACK\\Keil\\STM32F4xx_DFP\\1.0.8\\Device\\StdPeriph_Driver\\src\\stm32f4xx_rtc.c 0x00000000   Number         0  stm32f4xx_rtc.o ABSOLUTE
    C:\\Keil_v5\\ARM\\PACK\\Keil\\STM32F4xx_DFP\\1.0.8\\Device\\StdPeriph_Driver\\src\\stm32f4xx_sdio.c 0x00000000   Number         0  stm32f4xx_sdio.o ABSOLUTE
    C:\\Keil_v5\\ARM\\PACK\\Keil\\STM32F4xx_DFP\\1.0.8\\Device\\StdPeriph_Driver\\src\\stm32f4xx_spi.c 0x00000000   Number         0  stm32f4xx_spi.o ABSOLUTE
    C:\\Keil_v5\\ARM\\PACK\\Keil\\STM32F4xx_DFP\\1.0.8\\Device\\StdPeriph_Driver\\src\\stm32f4xx_syscfg.c 0x00000000   Number         0  stm32f4xx_syscfg.o ABSOLUTE
    C:\\Keil_v5\\ARM\\PACK\\Keil\\STM32F4xx_DFP\\1.0.8\\Device\\StdPeriph_Driver\\src\\stm32f4xx_tim.c 0x00000000   Number         0  stm32f4xx_tim.o ABSOLUTE
    C:\\Keil_v5\\ARM\\PACK\\Keil\\STM32F4xx_DFP\\1.0.8\\Device\\StdPeriph_Driver\\src\\stm32f4xx_usart.c 0x00000000   Number         0  stm32f4xx_usart.o ABSOLUTE
    C:\\Keil_v5\\ARM\\PACK\\Keil\\STM32F4xx_DFP\\1.0.8\\Device\\StdPeriph_Driver\\src\\stm32f4xx_wwdg.c 0x00000000   Number         0  stm32f4xx_wwdg.o ABSOLUTE
    HAL_CM4.c                                0x00000000   Number         0  hal_cm4.o ABSOLUTE
    HAL_CM4.c                                0x00000000   Number         0  hal_cm4.o ABSOLUTE
    RTE\CMSIS\RTX_Conf_CM.c                  0x00000000   Number         0  rtx_conf_cm.o ABSOLUTE
    RTE\Device\STM32F407VG\startup_stm32f40_41xxx.s 0x00000000   Number         0  startup_stm32f40_41xxx.o ABSOLUTE
    RTE\Device\STM32F407VG\system_stm32f4xx.c 0x00000000   Number         0  system_stm32f4xx.o ABSOLUTE
    RTE\\Device\\STM32F407VG\\system_stm32f4xx.c 0x00000000   Number         0  system_stm32f4xx.o ABSOLUTE
    SVC_Table.s                              0x00000000   Number         0  svc_table.o ABSOLUTE
    cdcmple.s                                0x00000000   Number         0  cdcmple.o ABSOLUTE
    cdrcmple.s                               0x00000000   Number         0  cdrcmple.o ABSOLUTE
    dc.s                                     0x00000000   Number         0  dc.o ABSOLUTE
    handlers.s                               0x00000000   Number         0  handlers.o ABSOLUTE
    init.s                                   0x00000000   Number         0  init.o ABSOLUTE
    src\LSM9DS1.c                            0x00000000   Number         0  lsm9ds1.o ABSOLUTE
    src\\LSM9DS1.c                           0x00000000   Number         0  lsm9ds1.o ABSOLUTE
    src\\acc_controller.c                    0x00000000   Number         0  acc_controller.o ABSOLUTE
    src\\display_controller.c                0x00000000   Number         0  display_controller.o ABSOLUTE
    src\\fputc_debug.c                       0x00000000   Number         0  fputc_debug.o ABSOLUTE
    src\\initialization.c                    0x00000000   Number         0  initialization.o ABSOLUTE
    src\\keypad.c                            0x00000000   Number         0  keypad.o ABSOLUTE
    src\\program.c                           0x00000000   Number         0  program.o ABSOLUTE
    src\\segmentDisplay.c                    0x00000000   Number         0  segmentdisplay.o ABSOLUTE
    src\\temp_controller.c                   0x00000000   Number         0  temp_controller.o ABSOLUTE
    src\acc_controller.c                     0x00000000   Number         0  acc_controller.o ABSOLUTE
    src\display_controller.c                 0x00000000   Number         0  display_controller.o ABSOLUTE
    src\fputc_debug.c                        0x00000000   Number         0  fputc_debug.o ABSOLUTE
    src\initialization.c                     0x00000000   Number         0  initialization.o ABSOLUTE
    src\keypad.c                             0x00000000   Number         0  keypad.o ABSOLUTE
    src\main.c                               0x00000000   Number         0  main.o ABSOLUTE
    src\movingAverageFilter.c                0x00000000   Number         0  movingaveragefilter.o ABSOLUTE
    src\program.c                            0x00000000   Number         0  program.o ABSOLUTE
    src\segmentDisplay.c                     0x00000000   Number         0  segmentdisplay.o ABSOLUTE
    src\temp_controller.c                    0x00000000   Number         0  temp_controller.o ABSOLUTE
    RESET                                    0x08000000   Section      392  startup_stm32f40_41xxx.o(RESET)
    .ARM.Collect$$$$00000000                 0x08000188   Section        0  entry.o(.ARM.Collect$$$$00000000)
    .ARM.Collect$$$$00000001                 0x08000188   Section        4  entry2.o(.ARM.Collect$$$$00000001)
    .ARM.Collect$$$$00000004                 0x0800018c   Section        4  entry5.o(.ARM.Collect$$$$00000004)
    .ARM.Collect$$$$00000008                 0x08000190   Section        0  entry7b.o(.ARM.Collect$$$$00000008)
    .ARM.Collect$$$$0000000A                 0x08000190   Section        0  entry8b.o(.ARM.Collect$$$$0000000A)
    .ARM.Collect$$$$0000000D                 0x08000190   Section        0  entry10a.o(.ARM.Collect$$$$0000000D)
    .ARM.Collect$$$$0000000F                 0x08000190   Section        0  entry11a.o(.ARM.Collect$$$$0000000F)
    .ARM.Collect$$$$000000FF                 0x08000190   Section        0  rtx_conf_cm.o(.ARM.Collect$$$$000000FF)
    .ARM.Collect$$$$00002712                 0x080001a8   Section        4  entry2.o(.ARM.Collect$$$$00002712)
    __lit__00000000                          0x080001a8   Data           4  entry2.o(.ARM.Collect$$$$00002712)
    .emb_text                                0x080001ac   Section      384  hal_cm4.o(.emb_text)
    $v0                                      0x080001ac   Number         0  hal_cm4.o(.emb_text)
    .text                                    0x0800032c   Section        0  main.o(.text)
    .text                                    0x08000394   Section        0  fputc_debug.o(.text)
    .text                                    0x080003cc   Section        0  movingaveragefilter.o(.text)
    .text                                    0x08000488   Section        0  rtx_conf_cm.o(.text)
    .text                                    0x080004a8   Section       36  startup_stm32f40_41xxx.o(.text)
    $v0                                      0x080004a8   Number         0  startup_stm32f40_41xxx.o(.text)
    .text                                    0x080004cc   Section        0  system_stm32f4xx.o(.text)
    SetSysClock                              0x080004cd   Thumb Code   220  system_stm32f4xx.o(.text)
    .text                                    0x080006dc   Section        0  uldiv.o(.text)
    .text                                    0x0800073e   Section        0  dadd.o(.text)
    .text                                    0x0800088c   Section        0  dmul.o(.text)
    .text                                    0x08000970   Section        0  ddiv.o(.text)
    .text                                    0x08000a4e   Section        0  f2d.o(.text)
    .text                                    0x08000a74   Section        0  uidiv.o(.text)
    .text                                    0x08000aa0   Section        0  llshl.o(.text)
    .text                                    0x08000abe   Section        0  llushr.o(.text)
    .text                                    0x08000ade   Section        0  llsshr.o(.text)
    .text                                    0x08000b02   Section        0  iusefp.o(.text)
    .text                                    0x08000b02   Section        0  depilogue.o(.text)
    .text                                    0x08000bbc   Section        0  dfixul.o(.text)
    .text                                    0x08000bec   Section       48  cdrcmple.o(.text)
    .text                                    0x08000c1c   Section       36  init.o(.text)
    SVC_TABLE                                0x08000c40   Section        4  svc_table.o(SVC_TABLE)
    i.__0printf                              0x08000c44   Section        0  printfa.o(i.__0printf)
    i.__scatterload_copy                     0x08000c64   Section       14  handlers.o(i.__scatterload_copy)
    i.__scatterload_null                     0x08000c72   Section        2  handlers.o(i.__scatterload_null)
    i.__scatterload_zeroinit                 0x08000c74   Section       14  handlers.o(i.__scatterload_zeroinit)
    i._fp_digits                             0x08000c84   Section        0  printfa.o(i._fp_digits)
    _fp_digits                               0x08000c85   Thumb Code   334  printfa.o(i._fp_digits)
    i._init_box                              0x08000de8   Section        0  rt_membox.o(i._init_box)
    i._printf_core                           0x08000e30   Section        0  printfa.o(i._printf_core)
    _printf_core                             0x08000e31   Thumb Code  1744  printfa.o(i._printf_core)
    i._printf_post_padding                   0x0800150c   Section        0  printfa.o(i._printf_post_padding)
    _printf_post_padding                     0x0800150d   Thumb Code    36  printfa.o(i._printf_post_padding)
    i._printf_pre_padding                    0x08001530   Section        0  printfa.o(i._printf_pre_padding)
    _printf_pre_padding                      0x08001531   Thumb Code    46  printfa.o(i._printf_pre_padding)
    i.dbg_init                               0x08001560   Section        0  hal_cm.o(i.dbg_init)
    i.dbg_task_notify                        0x08001590   Section        0  hal_cm.o(i.dbg_task_notify)
    i.dbg_task_switch                        0x080015b0   Section        0  hal_cm.o(i.dbg_task_switch)
    i.isrMessageGet                          0x080015c0   Section        0  rt_cmsis.o(i.isrMessageGet)
    i.isrMessagePut                          0x080015ea   Section        0  rt_cmsis.o(i.isrMessagePut)
    i.isr_mbx_receive                        0x08001618   Section        0  rt_mailbox.o(i.isr_mbx_receive)
    i.isr_mbx_send                           0x0800166a   Section        0  rt_mailbox.o(i.isr_mbx_send)
    i.osKernelInitialize                     0x08001678   Section        0  rt_cmsis.o(i.osKernelInitialize)
    i.osKernelStart                          0x0800169c   Section        0  rt_cmsis.o(i.osKernelStart)
    i.osMessageGet                           0x08001708   Section        0  rt_cmsis.o(i.osMessageGet)
    i.osThreadCreate                         0x08001720   Section        0  rt_cmsis.o(i.osThreadCreate)
    i.osThreadExit                           0x08001750   Section        0  rt_cmsis.o(i.osThreadExit)
    i.osTimerCall                            0x08001768   Section        0  rt_cmsis.o(i.osTimerCall)
    i.osTimerThread                          0x08001774   Section        0  rt_cmsis.o(i.osTimerThread)
    i.os_tick_init                           0x080017a0   Section        0  rt_system.o(i.os_tick_init)
    i.os_tick_irqack                         0x080017c8   Section        0  rt_system.o(i.os_tick_irqack)
    i.rt_alloc_box                           0x080017ca   Section        0  rt_membox.o(i.rt_alloc_box)
    i.rt_alloc_mem                           0x080017e4   Section        0  rt_memory.o(i.rt_alloc_mem)
    i.rt_block                               0x08001824   Section        0  rt_task.o(i.rt_block)
    i.rt_chk_robin                           0x0800185c   Section        0  rt_robin.o(i.rt_chk_robin)
    i.rt_dec_dly                             0x080018a4   Section        0  rt_list.o(i.rt_dec_dly)
    i.rt_dispatch                            0x08001914   Section        0  rt_task.o(i.rt_dispatch)
    i.rt_evt_psh                             0x08001958   Section        0  rt_event.o(i.rt_evt_psh)
    i.rt_free_box                            0x080019a8   Section        0  rt_membox.o(i.rt_free_box)
    i.rt_free_mem                            0x080019c8   Section        0  rt_memory.o(i.rt_free_mem)
    i.rt_get_first                           0x080019f0   Section        0  rt_list.o(i.rt_get_first)
    i.rt_id2obj                              0x08001a18   Section        0  rt_cmsis.o(i.rt_id2obj)
    rt_id2obj                                0x08001a19   Thumb Code     8  rt_cmsis.o(i.rt_id2obj)
    i.rt_init_context                        0x08001a20   Section        0  rt_task.o(i.rt_init_context)
    rt_init_context                          0x08001a21   Thumb Code    66  rt_task.o(i.rt_init_context)
    i.rt_init_mem                            0x08001a68   Section        0  rt_memory.o(i.rt_init_mem)
    i.rt_init_robin                          0x08001a84   Section        0  rt_robin.o(i.rt_init_robin)
    i.rt_init_stack                          0x08001a9c   Section        0  hal_cm.o(i.rt_init_stack)
    i.rt_mbx_check                           0x08001b1c   Section        0  rt_mailbox.o(i.rt_mbx_check)
    i.rt_mbx_init                            0x08001b24   Section        0  rt_mailbox.o(i.rt_mbx_init)
    i.rt_mbx_psh                             0x08001b40   Section        0  rt_mailbox.o(i.rt_mbx_psh)
    i.rt_mbx_wait                            0x08001c30   Section        0  rt_mailbox.o(i.rt_mbx_wait)
    i.rt_ms2tick                             0x08001ce4   Section        0  rt_cmsis.o(i.rt_ms2tick)
    rt_ms2tick                               0x08001ce5   Thumb Code    50  rt_cmsis.o(i.rt_ms2tick)
    i.rt_pop_req                             0x08001d20   Section        0  rt_system.o(i.rt_pop_req)
    i.rt_psh_req                             0x08001d9c   Section        0  rt_system.o(i.rt_psh_req)
    i.rt_psq_enq                             0x08001dbc   Section        0  rt_list.o(i.rt_psq_enq)
    i.rt_put_dly                             0x08001e18   Section        0  rt_list.o(i.rt_put_dly)
    i.rt_put_prio                            0x08001e60   Section        0  rt_list.o(i.rt_put_prio)
    i.rt_put_rdy_first                       0x08001e98   Section        0  rt_list.o(i.rt_put_rdy_first)
    i.rt_resort_prio                         0x08001eac   Section        0  rt_list.o(i.rt_resort_prio)
    i.rt_ret_regs                            0x08001ee0   Section        0  hal_cm.o(i.rt_ret_regs)
    rt_ret_regs                              0x08001ee1   Thumb Code    16  hal_cm.o(i.rt_ret_regs)
    i.rt_ret_val                             0x08001ef0   Section        0  hal_cm.o(i.rt_ret_val)
    i.rt_ret_val2                            0x08001efc   Section        0  hal_cm.o(i.rt_ret_val2)
    i.rt_rmv_dly                             0x08001f0c   Section        0  rt_list.o(i.rt_rmv_dly)
    i.rt_rmv_list                            0x08001f34   Section        0  rt_list.o(i.rt_rmv_list)
    i.rt_sem_psh                             0x08001f64   Section        0  rt_semaphore.o(i.rt_sem_psh)
    i.rt_stk_check                           0x08001f98   Section        0  rt_system.o(i.rt_stk_check)
    i.rt_switch_req                          0x08001fbc   Section        0  rt_task.o(i.rt_switch_req)
    i.rt_sys_init                            0x08001fe4   Section        0  rt_task.o(i.rt_sys_init)
    i.rt_sys_start                           0x080020b0   Section        0  rt_task.o(i.rt_sys_start)
    i.rt_systick                             0x08002128   Section        0  rt_system.o(i.rt_systick)
    i.rt_tid2ptcb                            0x08002168   Section        0  rt_cmsis.o(i.rt_tid2ptcb)
    rt_tid2ptcb                              0x08002169   Thumb Code    18  rt_cmsis.o(i.rt_tid2ptcb)
    i.rt_timer_insert                        0x0800217c   Section        0  rt_cmsis.o(i.rt_timer_insert)
    rt_timer_insert                          0x0800217d   Thumb Code    48  rt_cmsis.o(i.rt_timer_insert)
    i.rt_tsk_create                          0x080021b0   Section        0  rt_task.o(i.rt_tsk_create)
    i.rt_tsk_delete                          0x08002230   Section        0  rt_task.o(i.rt_tsk_delete)
    i.rt_tsk_prio                            0x080023a4   Section        0  rt_task.o(i.rt_tsk_prio)
    i.rt_tsk_self                            0x08002420   Section        0  rt_task.o(i.rt_tsk_self)
    i.svcKernelInitialize                    0x08002430   Section        0  rt_cmsis.o(i.svcKernelInitialize)
    i.svcKernelStart                         0x080024a0   Section        0  rt_cmsis.o(i.svcKernelStart)
    i.svcMessageCreate                       0x080024e8   Section        0  rt_cmsis.o(i.svcMessageCreate)
    i.svcMessageGet                          0x0800250c   Section        0  rt_cmsis.o(i.svcMessageGet)
    i.svcThreadCreate                        0x08002548   Section        0  rt_cmsis.o(i.svcThreadCreate)
    i.svcThreadGetId                         0x080025b8   Section        0  rt_cmsis.o(i.svcThreadGetId)
    i.svcThreadTerminate                     0x080025d4   Section        0  rt_cmsis.o(i.svcThreadTerminate)
    i.svcTimerCall                           0x0800260c   Section        0  rt_cmsis.o(i.svcTimerCall)
    i.sysTimerTick                           0x08002624   Section        0  rt_cmsis.o(i.sysTimerTick)
    .constdata                               0x08002680   Section       86  rtx_conf_cm.o(.constdata)
    __tagsym$$used                           0x0800269c   Number         0  rtx_conf_cm.o(.constdata)
    __tagsym$$used                           0x080026a0   Number         0  rtx_conf_cm.o(.constdata)
    __tagsym$$used                           0x080026a4   Number         0  rtx_conf_cm.o(.constdata)
    __tagsym$$used                           0x080026a8   Number         0  rtx_conf_cm.o(.constdata)
    .data                                    0x20000000   Section       32  rtx_conf_cm.o(.data)
    .data                                    0x20000020   Section       20  system_stm32f4xx.o(.data)
    .data                                    0x20000034   Section        8  rt_cmsis.o(.data)
    .data                                    0x2000003c   Section        8  rt_task.o(.data)
    .data                                    0x20000044   Section        8  rt_system.o(.data)
    os_lock                                  0x20000044   Data           1  rt_system.o(.data)
    os_psh_flag                              0x20000045   Data           1  rt_system.o(.data)
    pend_flags                               0x20000046   Data           1  rt_system.o(.data)
    .data                                    0x2000004c   Section        4  rt_time.o(.data)
    .data                                    0x20000050   Section        1  hal_cm.o(.data)
    .data                                    0x20000054   Section        8  rt_robin.o(.data)
    .data                                    0x2000005c   Section        4  stdout.o(.data)
    .bss                                     0x20000060   Section    13016  rtx_conf_cm.o(.bss)
    .bss                                     0x20003338   Section       52  rt_task.o(.bss)
    .bss                                     0x2000336c   Section       48  rt_list.o(.bss)
    STACK                                    0x200033a0   Section     1024  startup_stm32f40_41xxx.o(STACK)

    Global Symbols

    Symbol Name                              Value     Ov Type        Size  Object(Section)

    BuildAttributes$$THM_ISAv4$E$P$D$K$B$S$7EM$VFPi3$EXTD16$VFPS$VFMA$PE$A:L22UL41UL21$X:L11$S22US41US21$IEEE1$IW$USESV6$~STKCKD$USESV7$~SHL$OTIME$ROPI$IEEEX$EBA8$MICROLIB$REQ8$PRES8$EABIv2 0x00000000   Number         0  anon$$obj.o ABSOLUTE
    __ARM_use_no_argv                        0x00000000   Number         0  main.o ABSOLUTE
    _printf_a                                0x00000000   Number         0  stubs.o ABSOLUTE
    _printf_c                                0x00000000   Number         0  stubs.o ABSOLUTE
    _printf_charcount                        0x00000000   Number         0  stubs.o ABSOLUTE
    _printf_d                                0x00000000   Number         0  stubs.o ABSOLUTE
    _printf_e                                0x00000000   Number         0  stubs.o ABSOLUTE
    _printf_f                                0x00000000   Number         0  stubs.o ABSOLUTE
    _printf_flags                            0x00000000   Number         0  stubs.o ABSOLUTE
    _printf_fp_dec                           0x00000000   Number         0  stubs.o ABSOLUTE
    _printf_fp_hex                           0x00000000   Number         0  stubs.o ABSOLUTE
    _printf_g                                0x00000000   Number         0  stubs.o ABSOLUTE
    _printf_i                                0x00000000   Number         0  stubs.o ABSOLUTE
    _printf_int_dec                          0x00000000   Number         0  stubs.o ABSOLUTE
    _printf_l                                0x00000000   Number         0  stubs.o ABSOLUTE
    _printf_lc                               0x00000000   Number         0  stubs.o ABSOLUTE
    _printf_ll                               0x00000000   Number         0  stubs.o ABSOLUTE
    _printf_lld                              0x00000000   Number         0  stubs.o ABSOLUTE
    _printf_lli                              0x00000000   Number         0  stubs.o ABSOLUTE
    _printf_llo                              0x00000000   Number         0  stubs.o ABSOLUTE
    _printf_llu                              0x00000000   Number         0  stubs.o ABSOLUTE
    _printf_llx                              0x00000000   Number         0  stubs.o ABSOLUTE
    _printf_longlong_dec                     0x00000000   Number         0  stubs.o ABSOLUTE
    _printf_longlong_hex                     0x00000000   Number         0  stubs.o ABSOLUTE
    _printf_longlong_oct                     0x00000000   Number         0  stubs.o ABSOLUTE
    _printf_ls                               0x00000000   Number         0  stubs.o ABSOLUTE
    _printf_mbtowc                           0x00000000   Number         0  stubs.o ABSOLUTE
    _printf_n                                0x00000000   Number         0  stubs.o ABSOLUTE
    _printf_o                                0x00000000   Number         0  stubs.o ABSOLUTE
    _printf_p                                0x00000000   Number         0  stubs.o ABSOLUTE
    _printf_percent                          0x00000000   Number         0  stubs.o ABSOLUTE
    _printf_pre_padding                      0x00000000   Number         0  stubs.o ABSOLUTE
    _printf_return_value                     0x00000000   Number         0  stubs.o ABSOLUTE
    _printf_s                                0x00000000   Number         0  stubs.o ABSOLUTE
    _printf_sizespec                         0x00000000   Number         0  stubs.o ABSOLUTE
    _printf_str                              0x00000000   Number         0  stubs.o ABSOLUTE
    _printf_truncate_signed                  0x00000000   Number         0  stubs.o ABSOLUTE
    _printf_truncate_unsigned                0x00000000   Number         0  stubs.o ABSOLUTE
    _printf_u                                0x00000000   Number         0  stubs.o ABSOLUTE
    _printf_wc                               0x00000000   Number         0  stubs.o ABSOLUTE
    _printf_wctomb                           0x00000000   Number         0  stubs.o ABSOLUTE
    _printf_widthprec                        0x00000000   Number         0  stubs.o ABSOLUTE
    _printf_x                                0x00000000   Number         0  stubs.o ABSOLUTE
    __cpp_initialize__aeabi_                  - Undefined Weak Reference
    __cxa_finalize                            - Undefined Weak Reference
    __decompress                              - Undefined Weak Reference
    _clock_init                               - Undefined Weak Reference
    _microlib_exit                            - Undefined Weak Reference
    __Vectors_Size                           0x00000188   Number         0  startup_stm32f40_41xxx.o ABSOLUTE
    __RL_RTX_VER                             0x00000478   Number         0  rt_system.o ABSOLUTE
    __Vectors                                0x08000000   Data           4  startup_stm32f40_41xxx.o(RESET)
    __Vectors_End                            0x08000188   Data           0  startup_stm32f40_41xxx.o(RESET)
    __main                                   0x08000189   Thumb Code     0  entry.o(.ARM.Collect$$$$00000000)
    _main_stk                                0x08000189   Thumb Code     0  entry2.o(.ARM.Collect$$$$00000001)
    _main_scatterload                        0x0800018d   Thumb Code     0  entry5.o(.ARM.Collect$$$$00000004)
    __main_after_scatterload                 0x08000191   Thumb Code     0  entry5.o(.ARM.Collect$$$$00000004)
    __rt_final_cpp                           0x08000191   Thumb Code     0  entry10a.o(.ARM.Collect$$$$0000000D)
    __rt_final_exit                          0x08000191   Thumb Code     0  entry11a.o(.ARM.Collect$$$$0000000F)
    _main_clock                              0x08000191   Thumb Code     0  entry7b.o(.ARM.Collect$$$$00000008)
    _main_cpp_init                           0x08000191   Thumb Code     0  entry8b.o(.ARM.Collect$$$$0000000A)
    _main_init                               0x08000191   Thumb Code    18  rtx_conf_cm.o(.ARM.Collect$$$$000000FF)
    rt_set_PSP                               0x080001ad   Thumb Code     6  hal_cm4.o(.emb_text)
    rt_get_PSP                               0x080001b3   Thumb Code     6  hal_cm4.o(.emb_text)
    os_set_env                               0x080001b9   Thumb Code    24  hal_cm4.o(.emb_text)
    _alloc_box                               0x080001d5   Thumb Code    28  hal_cm4.o(.emb_text)
    _free_box                                0x080001f5   Thumb Code    28  hal_cm4.o(.emb_text)
    SVC_Handler                              0x08000215   Thumb Code   148  hal_cm4.o(.emb_text)
    PendSV_Handler                           0x080002b5   Thumb Code    96  hal_cm4.o(.emb_text)
    SysTick_Handler                          0x08000319   Thumb Code     8  hal_cm4.o(.emb_text)
    OS_Tick_Handler                          0x08000321   Thumb Code    12  hal_cm4.o(.emb_text)
    main                                     0x0800032d   Thumb Code    74  main.o(.text)
    fputc                                    0x08000395   Thumb Code    52  fputc_debug.o(.text)
    initializeFilter                         0x080003cd   Thumb Code    86  movingaveragefilter.o(.text)
    modify_filterState                       0x08000423   Thumb Code    94  movingaveragefilter.o(.text)
    os_idle_demon                            0x08000489   Thumb Code     4  rtx_conf_cm.o(.text)
    os_error                                 0x0800048d   Thumb Code    26  rtx_conf_cm.o(.text)
    Reset_Handler                            0x080004a9   Thumb Code     8  startup_stm32f40_41xxx.o(.text)
    NMI_Handler                              0x080004b1   Thumb Code     2  startup_stm32f40_41xxx.o(.text)
    HardFault_Handler                        0x080004b3   Thumb Code     2  startup_stm32f40_41xxx.o(.text)
    MemManage_Handler                        0x080004b5   Thumb Code     2  startup_stm32f40_41xxx.o(.text)
    BusFault_Handler                         0x080004b7   Thumb Code     2  startup_stm32f40_41xxx.o(.text)
    UsageFault_Handler                       0x080004b9   Thumb Code     2  startup_stm32f40_41xxx.o(.text)
    DebugMon_Handler                         0x080004bd   Thumb Code     2  startup_stm32f40_41xxx.o(.text)
    ADC_IRQHandler                           0x080004c3   Thumb Code     0  startup_stm32f40_41xxx.o(.text)
    CAN1_RX0_IRQHandler                      0x080004c3   Thumb Code     0  startup_stm32f40_41xxx.o(.text)
    CAN1_RX1_IRQHandler                      0x080004c3   Thumb Code     0  startup_stm32f40_41xxx.o(.text)
    CAN1_SCE_IRQHandler                      0x080004c3   Thumb Code     0  startup_stm32f40_41xxx.o(.text)
    CAN1_TX_IRQHandler                       0x080004c3   Thumb Code     0  startup_stm32f40_41xxx.o(.text)
    CAN2_RX0_IRQHandler                      0x080004c3   Thumb Code     0  startup_stm32f40_41xxx.o(.text)
    CAN2_RX1_IRQHandler                      0x080004c3   Thumb Code     0  startup_stm32f40_41xxx.o(.text)
    CAN2_SCE_IRQHandler                      0x080004c3   Thumb Code     0  startup_stm32f40_41xxx.o(.text)
    CAN2_TX_IRQHandler                       0x080004c3   Thumb Code     0  startup_stm32f40_41xxx.o(.text)
    CRYP_IRQHandler                          0x080004c3   Thumb Code     0  startup_stm32f40_41xxx.o(.text)
    DCMI_IRQHandler                          0x080004c3   Thumb Code     0  startup_stm32f40_41xxx.o(.text)
    DMA1_Stream0_IRQHandler                  0x080004c3   Thumb Code     0  startup_stm32f40_41xxx.o(.text)
    DMA1_Stream1_IRQHandler                  0x080004c3   Thumb Code     0  startup_stm32f40_41xxx.o(.text)
    DMA1_Stream2_IRQHandler                  0x080004c3   Thumb Code     0  startup_stm32f40_41xxx.o(.text)
    DMA1_Stream3_IRQHandler                  0x080004c3   Thumb Code     0  startup_stm32f40_41xxx.o(.text)
    DMA1_Stream4_IRQHandler                  0x080004c3   Thumb Code     0  startup_stm32f40_41xxx.o(.text)
    DMA1_Stream5_IRQHandler                  0x080004c3   Thumb Code     0  startup_stm32f40_41xxx.o(.text)
    DMA1_Stream6_IRQHandler                  0x080004c3   Thumb Code     0  startup_stm32f40_41xxx.o(.text)
    DMA1_Stream7_IRQHandler                  0x080004c3   Thumb Code     0  startup_stm32f40_41xxx.o(.text)
    DMA2_Stream0_IRQHandler                  0x080004c3   Thumb Code     0  startup_stm32f40_41xxx.o(.text)
    DMA2_Stream1_IRQHandler                  0x080004c3   Thumb Code     0  startup_stm32f40_41xxx.o(.text)
    DMA2_Stream2_IRQHandler                  0x080004c3   Thumb Code     0  startup_stm32f40_41xxx.o(.text)
    DMA2_Stream3_IRQHandler                  0x080004c3   Thumb Code     0  startup_stm32f40_41xxx.o(.text)
    DMA2_Stream4_IRQHandler                  0x080004c3   Thumb Code     0  startup_stm32f40_41xxx.o(.text)
    DMA2_Stream5_IRQHandler                  0x080004c3   Thumb Code     0  startup_stm32f40_41xxx.o(.text)
    DMA2_Stream6_IRQHandler                  0x080004c3   Thumb Code     0  startup_stm32f40_41xxx.o(.text)
    DMA2_Stream7_IRQHandler                  0x080004c3   Thumb Code     0  startup_stm32f40_41xxx.o(.text)
    ETH_IRQHandler                           0x080004c3   Thumb Code     0  startup_stm32f40_41xxx.o(.text)
    ETH_WKUP_IRQHandler                      0x080004c3   Thumb Code     0  startup_stm32f40_41xxx.o(.text)
    EXTI0_IRQHandler                         0x080004c3   Thumb Code     0  startup_stm32f40_41xxx.o(.text)
    EXTI15_10_IRQHandler                     0x080004c3   Thumb Code     0  startup_stm32f40_41xxx.o(.text)
    EXTI1_IRQHandler                         0x080004c3   Thumb Code     0  startup_stm32f40_41xxx.o(.text)
    EXTI2_IRQHandler                         0x080004c3   Thumb Code     0  startup_stm32f40_41xxx.o(.text)
    EXTI3_IRQHandler                         0x080004c3   Thumb Code     0  startup_stm32f40_41xxx.o(.text)
    EXTI4_IRQHandler                         0x080004c3   Thumb Code     0  startup_stm32f40_41xxx.o(.text)
    EXTI9_5_IRQHandler                       0x080004c3   Thumb Code     0  startup_stm32f40_41xxx.o(.text)
    FLASH_IRQHandler                         0x080004c3   Thumb Code     0  startup_stm32f40_41xxx.o(.text)
    FPU_IRQHandler                           0x080004c3   Thumb Code     0  startup_stm32f40_41xxx.o(.text)
    FSMC_IRQHandler                          0x080004c3   Thumb Code     0  startup_stm32f40_41xxx.o(.text)
    HASH_RNG_IRQHandler                      0x080004c3   Thumb Code     0  startup_stm32f40_41xxx.o(.text)
    I2C1_ER_IRQHandler                       0x080004c3   Thumb Code     0  startup_stm32f40_41xxx.o(.text)
    I2C1_EV_IRQHandler                       0x080004c3   Thumb Code     0  startup_stm32f40_41xxx.o(.text)
    I2C2_ER_IRQHandler                       0x080004c3   Thumb Code     0  startup_stm32f40_41xxx.o(.text)
    I2C2_EV_IRQHandler                       0x080004c3   Thumb Code     0  startup_stm32f40_41xxx.o(.text)
    I2C3_ER_IRQHandler                       0x080004c3   Thumb Code     0  startup_stm32f40_41xxx.o(.text)
    I2C3_EV_IRQHandler                       0x080004c3   Thumb Code     0  startup_stm32f40_41xxx.o(.text)
    OTG_FS_IRQHandler                        0x080004c3   Thumb Code     0  startup_stm32f40_41xxx.o(.text)
    OTG_FS_WKUP_IRQHandler                   0x080004c3   Thumb Code     0  startup_stm32f40_41xxx.o(.text)
    OTG_HS_EP1_IN_IRQHandler                 0x080004c3   Thumb Code     0  startup_stm32f40_41xxx.o(.text)
    OTG_HS_EP1_OUT_IRQHandler                0x080004c3   Thumb Code     0  startup_stm32f40_41xxx.o(.text)
    OTG_HS_IRQHandler                        0x080004c3   Thumb Code     0  startup_stm32f40_41xxx.o(.text)
    OTG_HS_WKUP_IRQHandler                   0x080004c3   Thumb Code     0  startup_stm32f40_41xxx.o(.text)
    PVD_IRQHandler                           0x080004c3   Thumb Code     0  startup_stm32f40_41xxx.o(.text)
    RCC_IRQHandler                           0x080004c3   Thumb Code     0  startup_stm32f40_41xxx.o(.text)
    RTC_Alarm_IRQHandler                     0x080004c3   Thumb Code     0  startup_stm32f40_41xxx.o(.text)
    RTC_WKUP_IRQHandler                      0x080004c3   Thumb Code     0  startup_stm32f40_41xxx.o(.text)
    SDIO_IRQHandler                          0x080004c3   Thumb Code     0  startup_stm32f40_41xxx.o(.text)
    SPI1_IRQHandler                          0x080004c3   Thumb Code     0  startup_stm32f40_41xxx.o(.text)
    SPI2_IRQHandler                          0x080004c3   Thumb Code     0  startup_stm32f40_41xxx.o(.text)
    SPI3_IRQHandler                          0x080004c3   Thumb Code     0  startup_stm32f40_41xxx.o(.text)
    TAMP_STAMP_IRQHandler                    0x080004c3   Thumb Code     0  startup_stm32f40_41xxx.o(.text)
    TIM1_BRK_TIM9_IRQHandler                 0x080004c3   Thumb Code     0  startup_stm32f40_41xxx.o(.text)
    TIM1_CC_IRQHandler                       0x080004c3   Thumb Code     0  startup_stm32f40_41xxx.o(.text)
    TIM1_TRG_COM_TIM11_IRQHandler            0x080004c3   Thumb Code     0  startup_stm32f40_41xxx.o(.text)
    TIM1_UP_TIM10_IRQHandler                 0x080004c3   Thumb Code     0  startup_stm32f40_41xxx.o(.text)
    TIM2_IRQHandler                          0x080004c3   Thumb Code     0  startup_stm32f40_41xxx.o(.text)
    TIM3_IRQHandler                          0x080004c3   Thumb Code     0  startup_stm32f40_41xxx.o(.text)
    TIM4_IRQHandler                          0x080004c3   Thumb Code     0  startup_stm32f40_41xxx.o(.text)
    TIM5_IRQHandler                          0x080004c3   Thumb Code     0  startup_stm32f40_41xxx.o(.text)
    TIM6_DAC_IRQHandler                      0x080004c3   Thumb Code     0  startup_stm32f40_41xxx.o(.text)
    TIM7_IRQHandler                          0x080004c3   Thumb Code     0  startup_stm32f40_41xxx.o(.text)
    TIM8_BRK_TIM12_IRQHandler                0x080004c3   Thumb Code     0  startup_stm32f40_41xxx.o(.text)
    TIM8_CC_IRQHandler                       0x080004c3   Thumb Code     0  startup_stm32f40_41xxx.o(.text)
    TIM8_TRG_COM_TIM14_IRQHandler            0x080004c3   Thumb Code     0  startup_stm32f40_41xxx.o(.text)
    TIM8_UP_TIM13_IRQHandler                 0x080004c3   Thumb Code     0  startup_stm32f40_41xxx.o(.text)
    UART4_IRQHandler                         0x080004c3   Thumb Code     0  startup_stm32f40_41xxx.o(.text)
    UART5_IRQHandler                         0x080004c3   Thumb Code     0  startup_stm32f40_41xxx.o(.text)
    USART1_IRQHandler                        0x080004c3   Thumb Code     0  startup_stm32f40_41xxx.o(.text)
    USART2_IRQHandler                        0x080004c3   Thumb Code     0  startup_stm32f40_41xxx.o(.text)
    USART3_IRQHandler                        0x080004c3   Thumb Code     0  startup_stm32f40_41xxx.o(.text)
    USART6_IRQHandler                        0x080004c3   Thumb Code     0  startup_stm32f40_41xxx.o(.text)
    WWDG_IRQHandler                          0x080004c3   Thumb Code     0  startup_stm32f40_41xxx.o(.text)
    SystemInit                               0x080005a9   Thumb Code    88  system_stm32f4xx.o(.text)
    SystemCoreClockUpdate                    0x08000601   Thumb Code   174  system_stm32f4xx.o(.text)
    __aeabi_uldivmod                         0x080006dd   Thumb Code    98  uldiv.o(.text)
    __aeabi_dadd                             0x0800073f   Thumb Code   322  dadd.o(.text)
    __aeabi_dsub                             0x08000881   Thumb Code     6  dadd.o(.text)
    __aeabi_drsub                            0x08000887   Thumb Code     6  dadd.o(.text)
    __aeabi_dmul                             0x0800088d   Thumb Code   228  dmul.o(.text)
    __aeabi_ddiv                             0x08000971   Thumb Code   222  ddiv.o(.text)
    __aeabi_f2d                              0x08000a4f   Thumb Code    38  f2d.o(.text)
    __aeabi_uidiv                            0x08000a75   Thumb Code     0  uidiv.o(.text)
    __aeabi_uidivmod                         0x08000a75   Thumb Code    44  uidiv.o(.text)
    __aeabi_llsl                             0x08000aa1   Thumb Code    30  llshl.o(.text)
    _ll_shift_l                              0x08000aa1   Thumb Code     0  llshl.o(.text)
    __aeabi_llsr                             0x08000abf   Thumb Code    32  llushr.o(.text)
    _ll_ushift_r                             0x08000abf   Thumb Code     0  llushr.o(.text)
    __aeabi_lasr                             0x08000adf   Thumb Code    36  llsshr.o(.text)
    _ll_sshift_r                             0x08000adf   Thumb Code     0  llsshr.o(.text)
    __I$use$fp                               0x08000b03   Thumb Code     0  iusefp.o(.text)
    _double_round                            0x08000b03   Thumb Code    30  depilogue.o(.text)
    _double_epilogue                         0x08000b21   Thumb Code   156  depilogue.o(.text)
    __aeabi_d2ulz                            0x08000bbd   Thumb Code    48  dfixul.o(.text)
    __aeabi_cdrcmple                         0x08000bed   Thumb Code    48  cdrcmple.o(.text)
    __scatterload                            0x08000c1d   Thumb Code    28  init.o(.text)
    __scatterload_rt2                        0x08000c1d   Thumb Code     0  init.o(.text)
    SVC_Count                                0x08000c40   Data           4  svc_table.o(SVC_TABLE)
    SVC_Table                                0x08000c44   Data           0  svc_table.o(SVC_TABLE)
    __0printf                                0x08000c45   Thumb Code    22  printfa.o(i.__0printf)
    __1printf                                0x08000c45   Thumb Code     0  printfa.o(i.__0printf)
    __2printf                                0x08000c45   Thumb Code     0  printfa.o(i.__0printf)
    __c89printf                              0x08000c45   Thumb Code     0  printfa.o(i.__0printf)
    printf                                   0x08000c45   Thumb Code     0  printfa.o(i.__0printf)
    __scatterload_copy                       0x08000c65   Thumb Code    14  handlers.o(i.__scatterload_copy)
    __scatterload_null                       0x08000c73   Thumb Code     2  handlers.o(i.__scatterload_null)
    __scatterload_zeroinit                   0x08000c75   Thumb Code    14  handlers.o(i.__scatterload_zeroinit)
    _init_box                                0x08000de9   Thumb Code    70  rt_membox.o(i._init_box)
    dbg_init                                 0x08001561   Thumb Code    34  hal_cm.o(i.dbg_init)
    dbg_task_notify                          0x08001591   Thumb Code    32  hal_cm.o(i.dbg_task_notify)
    dbg_task_switch                          0x080015b1   Thumb Code    16  hal_cm.o(i.dbg_task_switch)
    isrMessageGet                            0x080015c1   Thumb Code    42  rt_cmsis.o(i.isrMessageGet)
    isrMessagePut                            0x080015eb   Thumb Code    44  rt_cmsis.o(i.isrMessagePut)
    isr_mbx_receive                          0x08001619   Thumb Code    82  rt_mailbox.o(i.isr_mbx_receive)
    isr_mbx_send                             0x0800166b   Thumb Code    14  rt_mailbox.o(i.isr_mbx_send)
    osKernelInitialize                       0x08001679   Thumb Code    30  rt_cmsis.o(i.osKernelInitialize)
    osKernelStart                            0x0800169d   Thumb Code    98  rt_cmsis.o(i.osKernelStart)
    osMessageGet                             0x08001709   Thumb Code    18  rt_cmsis.o(i.osMessageGet)
    osThreadCreate                           0x08001721   Thumb Code    38  rt_cmsis.o(i.osThreadCreate)
    osThreadExit                             0x08001751   Thumb Code    14  rt_cmsis.o(i.osThreadExit)
    osTimerCall                              0x08001769   Thumb Code     8  rt_cmsis.o(i.osTimerCall)
    osTimerThread                            0x08001775   Thumb Code    38  rt_cmsis.o(i.osTimerThread)
    os_tick_init                             0x080017a1   Thumb Code    32  rt_system.o(i.os_tick_init)
    os_tick_irqack                           0x080017c9   Thumb Code     2  rt_system.o(i.os_tick_irqack)
    rt_alloc_box                             0x080017cb   Thumb Code    26  rt_membox.o(i.rt_alloc_box)
    rt_alloc_mem                             0x080017e5   Thumb Code    62  rt_memory.o(i.rt_alloc_mem)
    rt_block                                 0x08001825   Thumb Code    48  rt_task.o(i.rt_block)
    rt_chk_robin                             0x0800185d   Thumb Code    60  rt_robin.o(i.rt_chk_robin)
    rt_dec_dly                               0x080018a5   Thumb Code   102  rt_list.o(i.rt_dec_dly)
    rt_dispatch                              0x08001915   Thumb Code    60  rt_task.o(i.rt_dispatch)
    rt_evt_psh                               0x08001959   Thumb Code    76  rt_event.o(i.rt_evt_psh)
    rt_free_box                              0x080019a9   Thumb Code    32  rt_membox.o(i.rt_free_box)
    rt_free_mem                              0x080019c9   Thumb Code    40  rt_memory.o(i.rt_free_mem)
    rt_get_first                             0x080019f1   Thumb Code    40  rt_list.o(i.rt_get_first)
    rt_init_mem                              0x08001a69   Thumb Code    26  rt_memory.o(i.rt_init_mem)
    rt_init_robin                            0x08001a85   Thumb Code    14  rt_robin.o(i.rt_init_robin)
    rt_init_stack                            0x08001a9d   Thumb Code   118  hal_cm.o(i.rt_init_stack)
    rt_mbx_check                             0x08001b1d   Thumb Code     8  rt_mailbox.o(i.rt_mbx_check)
    rt_mbx_init                              0x08001b25   Thumb Code    26  rt_mailbox.o(i.rt_mbx_init)
    rt_mbx_psh                               0x08001b41   Thumb Code   236  rt_mailbox.o(i.rt_mbx_psh)
    rt_mbx_wait                              0x08001c31   Thumb Code   174  rt_mailbox.o(i.rt_mbx_wait)
    rt_pop_req                               0x08001d21   Thumb Code   112  rt_system.o(i.rt_pop_req)
    rt_psh_req                               0x08001d9d   Thumb Code    22  rt_system.o(i.rt_psh_req)
    rt_psq_enq                               0x08001dbd   Thumb Code    88  rt_list.o(i.rt_psq_enq)
    rt_put_dly                               0x08001e19   Thumb Code    68  rt_list.o(i.rt_put_dly)
    rt_put_prio                              0x08001e61   Thumb Code    54  rt_list.o(i.rt_put_prio)
    rt_put_rdy_first                         0x08001e99   Thumb Code    14  rt_list.o(i.rt_put_rdy_first)
    rt_resort_prio                           0x08001ead   Thumb Code    46  rt_list.o(i.rt_resort_prio)
    rt_ret_val                               0x08001ef1   Thumb Code    12  hal_cm.o(i.rt_ret_val)
    rt_ret_val2                              0x08001efd   Thumb Code    16  hal_cm.o(i.rt_ret_val2)
    rt_rmv_dly                               0x08001f0d   Thumb Code    40  rt_list.o(i.rt_rmv_dly)
    rt_rmv_list                              0x08001f35   Thumb Code    44  rt_list.o(i.rt_rmv_list)
    rt_sem_psh                               0x08001f65   Thumb Code    48  rt_semaphore.o(i.rt_sem_psh)
    rt_stk_check                             0x08001f99   Thumb Code    28  rt_system.o(i.rt_stk_check)
    rt_switch_req                            0x08001fbd   Thumb Code    30  rt_task.o(i.rt_switch_req)
    rt_sys_init                              0x08001fe5   Thumb Code   138  rt_task.o(i.rt_sys_init)
    rt_sys_start                             0x080020b1   Thumb Code   110  rt_task.o(i.rt_sys_start)
    rt_systick                               0x08002129   Thumb Code    50  rt_system.o(i.rt_systick)
    rt_tsk_create                            0x080021b1   Thumb Code   112  rt_task.o(i.rt_tsk_create)
    rt_tsk_delete                            0x08002231   Thumb Code   342  rt_task.o(i.rt_tsk_delete)
    rt_tsk_prio                              0x080023a5   Thumb Code   108  rt_task.o(i.rt_tsk_prio)
    rt_tsk_self                              0x08002421   Thumb Code    12  rt_task.o(i.rt_tsk_self)
    svcKernelInitialize                      0x08002431   Thumb Code    80  rt_cmsis.o(i.svcKernelInitialize)
    svcKernelStart                           0x080024a1   Thumb Code    62  rt_cmsis.o(i.svcKernelStart)
    svcMessageCreate                         0x080024e9   Thumb Code    36  rt_cmsis.o(i.svcMessageCreate)
    svcMessageGet                            0x0800250d   Thumb Code    58  rt_cmsis.o(i.svcMessageGet)
    svcThreadCreate                          0x08002549   Thumb Code   100  rt_cmsis.o(i.svcThreadCreate)
    svcThreadGetId                           0x080025b9   Thumb Code    22  rt_cmsis.o(i.svcThreadGetId)
    svcThreadTerminate                       0x080025d5   Thumb Code    50  rt_cmsis.o(i.svcThreadTerminate)
    svcTimerCall                             0x0800260d   Thumb Code    24  rt_cmsis.o(i.svcTimerCall)
    sysTimerTick                             0x08002625   Thumb Code    84  rt_cmsis.o(i.sysTimerTick)
    os_maxtaskrun                            0x08002680   Data           2  rtx_conf_cm.o(.constdata)
    os_stackinfo                             0x08002684   Data           4  rtx_conf_cm.o(.constdata)
    os_rrobin                                0x08002688   Data           4  rtx_conf_cm.o(.constdata)
    os_tickfreq                              0x0800268c   Data           4  rtx_conf_cm.o(.constdata)
    os_tickus_i                              0x08002690   Data           2  rtx_conf_cm.o(.constdata)
    os_tickus_f                              0x08002692   Data           2  rtx_conf_cm.o(.constdata)
    os_trv                                   0x08002694   Data           4  rtx_conf_cm.o(.constdata)
    os_flags                                 0x08002698   Data           1  rtx_conf_cm.o(.constdata)
    CMSIS_RTOS_API_Version                   0x0800269c   Data           4  rtx_conf_cm.o(.constdata)
    CMSIS_RTOS_RTX_Version                   0x080026a0   Data           4  rtx_conf_cm.o(.constdata)
    os_clockrate                             0x080026a4   Data           4  rtx_conf_cm.o(.constdata)
    os_timernum                              0x080026a8   Data           4  rtx_conf_cm.o(.constdata)
    mp_tcb_size                              0x080026ac   Data           2  rtx_conf_cm.o(.constdata)
    mp_stk_size                              0x080026b0   Data           4  rtx_conf_cm.o(.constdata)
    os_stack_sz                              0x080026b4   Data           4  rtx_conf_cm.o(.constdata)
    os_fifo_size                             0x080026b8   Data           1  rtx_conf_cm.o(.constdata)
    os_thread_def_osTimerThread              0x080026bc   Data          16  rtx_conf_cm.o(.constdata)
    os_messageQ_def_osTimerMessageQ          0x080026cc   Data           8  rtx_conf_cm.o(.constdata)
    mp_tmr_size                              0x080026d4   Data           2  rtx_conf_cm.o(.constdata)
    Region$$Table$$Base                      0x080026d8   Number         0  anon$$obj.o(Region$$Table)
    Region$$Table$$Limit                     0x080026f8   Number         0  anon$$obj.o(Region$$Table)
    osThreadId_osTimerThread                 0x20000000   Data           4  rtx_conf_cm.o(.data)
    osMessageQId_osTimerMessageQ             0x20000004   Data           4  rtx_conf_cm.o(.data)
    os_tmr                                   0x20000008   Data           4  rtx_conf_cm.o(.data)
    m_tmr                                    0x2000000c   Data           4  rtx_conf_cm.o(.data)
    os_thread_def_main                       0x20000010   Data          16  rtx_conf_cm.o(.data)
    SystemCoreClock                          0x20000020   Data           4  system_stm32f4xx.o(.data)
    AHBPrescTable                            0x20000024   Data          16  system_stm32f4xx.o(.data)
    os_initialized                           0x20000034   Data           1  rt_cmsis.o(.data)
    os_running                               0x20000035   Data           1  rt_cmsis.o(.data)
    os_timer_head                            0x20000038   Data           4  rt_cmsis.o(.data)
    os_tsk                                   0x2000003c   Data           8  rt_task.o(.data)
    os_tick_irqn                             0x20000048   Data           4  rt_system.o(.data)
    os_time                                  0x2000004c   Data           4  rt_time.o(.data)
    dbg_msg                                  0x20000050   Data           1  hal_cm.o(.data)
    os_robin                                 0x20000054   Data           8  rt_robin.o(.data)
    __stdout                                 0x2000005c   Data           4  stdout.o(.data)
    mp_tcb                                   0x20000060   Data         376  rtx_conf_cm.o(.bss)
    mp_stk                                   0x200001d8   Data       12016  rtx_conf_cm.o(.bss)
    os_stack_mem                             0x200030c8   Data         432  rtx_conf_cm.o(.bss)
    os_fifo                                  0x20003278   Data         132  rtx_conf_cm.o(.bss)
    os_active_TCB                            0x200032fc   Data          28  rtx_conf_cm.o(.bss)
    os_messageQ_q_osTimerMessageQ            0x20003318   Data          32  rtx_conf_cm.o(.bss)
    os_idle_TCB                              0x20003338   Data          52  rt_task.o(.bss)
    os_rdy                                   0x2000336c   Data          24  rt_list.o(.bss)
    os_dly                                   0x20003384   Data          24  rt_list.o(.bss)
    __initial_sp                             0x200037a0   Data           0  startup_stm32f40_41xxx.o(STACK)



==============================================================================

Memory Map of the image

  Image Entry point : 0x08000189

  Load Region LR_IROM1 (Base: 0x08000000, Size: 0x00002758, Max: 0x00100000, ABSOLUTE)

    Execution Region ER_IROM1 (Base: 0x08000000, Size: 0x000026f8, Max: 0x00100000, ABSOLUTE)

    Base Addr    Size         Type   Attr      Idx    E Section Name        Object

    0x08000000   0x00000188   Data   RO         1257    RESET               startup_stm32f40_41xxx.o
    0x08000188   0x00000000   Code   RO         2528  * .ARM.Collect$$$$00000000  mc_w.l(entry.o)
    0x08000188   0x00000004   Code   RO         2841    .ARM.Collect$$$$00000001  mc_w.l(entry2.o)
    0x0800018c   0x00000004   Code   RO         2844    .ARM.Collect$$$$00000004  mc_w.l(entry5.o)
    0x08000190   0x00000000   Code   RO         2846    .ARM.Collect$$$$00000008  mc_w.l(entry7b.o)
    0x08000190   0x00000000   Code   RO         2848    .ARM.Collect$$$$0000000A  mc_w.l(entry8b.o)
    0x08000190   0x00000000   Code   RO         2849    .ARM.Collect$$$$0000000D  mc_w.l(entry10a.o)
    0x08000190   0x00000000   Code   RO         2851    .ARM.Collect$$$$0000000F  mc_w.l(entry11a.o)
    0x08000190   0x00000018   Code   RO          477    .ARM.Collect$$$$000000FF  rtx_conf_cm.o
    0x080001a8   0x00000004   Code   RO         2842    .ARM.Collect$$$$00002712  mc_w.l(entry2.o)
    0x080001ac   0x00000180   Code   RO         2491    .emb_text           RTX_CM4.lib(hal_cm4.o)
    0x0800032c   0x00000068   Code   RO            1    .text               main.o
    0x08000394   0x00000038   Code   RO           25    .text               fputc_debug.o
    0x080003cc   0x000000bc   Code   RO          322    .text               movingaveragefilter.o
    0x08000488   0x0000001e   Code   RO          478    .text               rtx_conf_cm.o
    0x080004a6   0x00000002   PAD
    0x080004a8   0x00000024   Code   RO         1258    .text               startup_stm32f40_41xxx.o
    0x080004cc   0x00000210   Code   RO         1265    .text               system_stm32f4xx.o
    0x080006dc   0x00000062   Code   RO         2531    .text               mc_w.l(uldiv.o)
    0x0800073e   0x0000014e   Code   RO         2794    .text               mf_w.l(dadd.o)
    0x0800088c   0x000000e4   Code   RO         2796    .text               mf_w.l(dmul.o)
    0x08000970   0x000000de   Code   RO         2798    .text               mf_w.l(ddiv.o)
    0x08000a4e   0x00000026   Code   RO         2802    .text               mf_w.l(f2d.o)
    0x08000a74   0x0000002c   Code   RO         2854    .text               mc_w.l(uidiv.o)
    0x08000aa0   0x0000001e   Code   RO         2856    .text               mc_w.l(llshl.o)
    0x08000abe   0x00000020   Code   RO         2858    .text               mc_w.l(llushr.o)
    0x08000ade   0x00000024   Code   RO         2860    .text               mc_w.l(llsshr.o)
    0x08000b02   0x00000000   Code   RO         2869    .text               mc_w.l(iusefp.o)
    0x08000b02   0x000000ba   Code   RO         2872    .text               mf_w.l(depilogue.o)
    0x08000bbc   0x00000030   Code   RO         2878    .text               mf_w.l(dfixul.o)
    0x08000bec   0x00000030   Code   RO         2882    .text               mf_w.l(cdrcmple.o)
    0x08000c1c   0x00000024   Code   RO         2888    .text               mc_w.l(init.o)
    0x08000c40   0x00000004   Code   RO         2501    SVC_TABLE           RTX_CM4.lib(svc_table.o)
    0x08000c44   0x00000020   Code   RO         2766    i.__0printf         mc_w.l(printfa.o)
    0x08000c64   0x0000000e   Code   RO         2892    i.__scatterload_copy  mc_w.l(handlers.o)
    0x08000c72   0x00000002   Code   RO         2893    i.__scatterload_null  mc_w.l(handlers.o)
    0x08000c74   0x0000000e   Code   RO         2894    i.__scatterload_zeroinit  mc_w.l(handlers.o)
    0x08000c82   0x00000002   PAD
    0x08000c84   0x00000164   Code   RO         2773    i._fp_digits        mc_w.l(printfa.o)
    0x08000de8   0x00000046   Code   RO         2364    i._init_box         RTX_CM4.lib(rt_membox.o)
    0x08000e2e   0x00000002   PAD
    0x08000e30   0x000006dc   Code   RO         2774    i._printf_core      mc_w.l(printfa.o)
    0x0800150c   0x00000024   Code   RO         2775    i._printf_post_padding  mc_w.l(printfa.o)
    0x08001530   0x0000002e   Code   RO         2776    i._printf_pre_padding  mc_w.l(printfa.o)
    0x0800155e   0x00000002   PAD
    0x08001560   0x00000030   Code   RO         2417    i.dbg_init          RTX_CM4.lib(hal_cm.o)
    0x08001590   0x00000020   Code   RO         2418    i.dbg_task_notify   RTX_CM4.lib(hal_cm.o)
    0x080015b0   0x00000010   Code   RO         2419    i.dbg_task_switch   RTX_CM4.lib(hal_cm.o)
    0x080015c0   0x0000002a   Code   RO         1295    i.isrMessageGet     RTX_CM4.lib(rt_cmsis.o)
    0x080015ea   0x0000002c   Code   RO         1296    i.isrMessagePut     RTX_CM4.lib(rt_cmsis.o)
    0x08001616   0x00000002   PAD
    0x08001618   0x00000052   Code   RO         2210    i.isr_mbx_receive   RTX_CM4.lib(rt_mailbox.o)
    0x0800166a   0x0000000e   Code   RO         2211    i.isr_mbx_send      RTX_CM4.lib(rt_mailbox.o)
    0x08001678   0x00000024   Code   RO         1300    i.osKernelInitialize  RTX_CM4.lib(rt_cmsis.o)
    0x0800169c   0x0000006c   Code   RO         1302    i.osKernelStart     RTX_CM4.lib(rt_cmsis.o)
    0x08001708   0x00000018   Code   RO         1311    i.osMessageGet      RTX_CM4.lib(rt_cmsis.o)
    0x08001720   0x00000030   Code   RO         1328    i.osThreadCreate    RTX_CM4.lib(rt_cmsis.o)
    0x08001750   0x00000018   Code   RO         1329    i.osThreadExit      RTX_CM4.lib(rt_cmsis.o)
    0x08001768   0x0000000c   Code   RO         1335    i.osTimerCall       RTX_CM4.lib(rt_cmsis.o)
    0x08001774   0x0000002c   Code   RO         1340    i.osTimerThread     RTX_CM4.lib(rt_cmsis.o)
    0x080017a0   0x00000028   Code   RO         2002    i.os_tick_init      RTX_CM4.lib(rt_system.o)
    0x080017c8   0x00000002   Code   RO         2003    i.os_tick_irqack    RTX_CM4.lib(rt_system.o)
    0x080017ca   0x0000001a   Code   RO         2365    i.rt_alloc_box      RTX_CM4.lib(rt_membox.o)
    0x080017e4   0x0000003e   Code   RO         2393    i.rt_alloc_mem      RTX_CM4.lib(rt_memory.o)
    0x08001822   0x00000002   PAD
    0x08001824   0x00000038   Code   RO         1917    i.rt_block          RTX_CM4.lib(rt_task.o)
    0x0800185c   0x00000048   Code   RO         2470    i.rt_chk_robin      RTX_CM4.lib(rt_robin.o)
    0x080018a4   0x00000070   Code   RO         2134    i.rt_dec_dly        RTX_CM4.lib(rt_list.o)
    0x08001914   0x00000044   Code   RO         1918    i.rt_dispatch       RTX_CM4.lib(rt_task.o)
    0x08001958   0x00000050   Code   RO         2095    i.rt_evt_psh        RTX_CM4.lib(rt_event.o)
    0x080019a8   0x00000020   Code   RO         2366    i.rt_free_box       RTX_CM4.lib(rt_membox.o)
    0x080019c8   0x00000028   Code   RO         2394    i.rt_free_mem       RTX_CM4.lib(rt_memory.o)
    0x080019f0   0x00000028   Code   RO         2135    i.rt_get_first      RTX_CM4.lib(rt_list.o)
    0x08001a18   0x00000008   Code   RO         1345    i.rt_id2obj         RTX_CM4.lib(rt_cmsis.o)
    0x08001a20   0x00000048   Code   RO         1919    i.rt_init_context   RTX_CM4.lib(rt_task.o)
    0x08001a68   0x0000001a   Code   RO         2395    i.rt_init_mem       RTX_CM4.lib(rt_memory.o)
    0x08001a82   0x00000002   PAD
    0x08001a84   0x00000018   Code   RO         2471    i.rt_init_robin     RTX_CM4.lib(rt_robin.o)
    0x08001a9c   0x00000080   Code   RO         2420    i.rt_init_stack     RTX_CM4.lib(hal_cm.o)
    0x08001b1c   0x00000008   Code   RO         2212    i.rt_mbx_check      RTX_CM4.lib(rt_mailbox.o)
    0x08001b24   0x0000001a   Code   RO         2213    i.rt_mbx_init       RTX_CM4.lib(rt_mailbox.o)
    0x08001b3e   0x00000002   PAD
    0x08001b40   0x000000f0   Code   RO         2214    i.rt_mbx_psh        RTX_CM4.lib(rt_mailbox.o)
    0x08001c30   0x000000b4   Code   RO         2216    i.rt_mbx_wait       RTX_CM4.lib(rt_mailbox.o)
    0x08001ce4   0x0000003c   Code   RO         1346    i.rt_ms2tick        RTX_CM4.lib(rt_cmsis.o)
    0x08001d20   0x0000007c   Code   RO         2006    i.rt_pop_req        RTX_CM4.lib(rt_system.o)
    0x08001d9c   0x00000020   Code   RO         2007    i.rt_psh_req        RTX_CM4.lib(rt_system.o)
    0x08001dbc   0x0000005c   Code   RO         2137    i.rt_psq_enq        RTX_CM4.lib(rt_list.o)
    0x08001e18   0x00000048   Code   RO         2138    i.rt_put_dly        RTX_CM4.lib(rt_list.o)
    0x08001e60   0x00000036   Code   RO         2139    i.rt_put_prio       RTX_CM4.lib(rt_list.o)
    0x08001e96   0x00000002   PAD
    0x08001e98   0x00000014   Code   RO         2140    i.rt_put_rdy_first  RTX_CM4.lib(rt_list.o)
    0x08001eac   0x00000034   Code   RO         2141    i.rt_resort_prio    RTX_CM4.lib(rt_list.o)
    0x08001ee0   0x00000010   Code   RO         2421    i.rt_ret_regs       RTX_CM4.lib(hal_cm.o)
    0x08001ef0   0x0000000c   Code   RO         2422    i.rt_ret_val        RTX_CM4.lib(hal_cm.o)
    0x08001efc   0x00000010   Code   RO         2423    i.rt_ret_val2       RTX_CM4.lib(hal_cm.o)
    0x08001f0c   0x00000028   Code   RO         2142    i.rt_rmv_dly        RTX_CM4.lib(rt_list.o)
    0x08001f34   0x00000030   Code   RO         2143    i.rt_rmv_list       RTX_CM4.lib(rt_list.o)
    0x08001f64   0x00000034   Code   RO         2261    i.rt_sem_psh        RTX_CM4.lib(rt_semaphore.o)
    0x08001f98   0x00000024   Code   RO         2009    i.rt_stk_check      RTX_CM4.lib(rt_system.o)
    0x08001fbc   0x00000028   Code   RO         1920    i.rt_switch_req     RTX_CM4.lib(rt_task.o)
    0x08001fe4   0x000000cc   Code   RO         1921    i.rt_sys_init       RTX_CM4.lib(rt_task.o)
    0x080020b0   0x00000078   Code   RO         1922    i.rt_sys_start      RTX_CM4.lib(rt_task.o)
    0x08002128   0x00000040   Code   RO         2011    i.rt_systick        RTX_CM4.lib(rt_system.o)
    0x08002168   0x00000012   Code   RO         1347    i.rt_tid2ptcb       RTX_CM4.lib(rt_cmsis.o)
    0x0800217a   0x00000002   PAD
    0x0800217c   0x00000034   Code   RO         1348    i.rt_timer_insert   RTX_CM4.lib(rt_cmsis.o)
    0x080021b0   0x00000080   Code   RO         1923    i.rt_tsk_create     RTX_CM4.lib(rt_task.o)
    0x08002230   0x00000174   Code   RO         1924    i.rt_tsk_delete     RTX_CM4.lib(rt_task.o)
    0x080023a4   0x0000007c   Code   RO         1926    i.rt_tsk_prio       RTX_CM4.lib(rt_task.o)
    0x08002420   0x00000010   Code   RO         1927    i.rt_tsk_self       RTX_CM4.lib(rt_task.o)
    0x08002430   0x00000070   Code   RO         1351    i.svcKernelInitialize  RTX_CM4.lib(rt_cmsis.o)
    0x080024a0   0x00000048   Code   RO         1353    i.svcKernelStart    RTX_CM4.lib(rt_cmsis.o)
    0x080024e8   0x00000024   Code   RO         1356    i.svcMessageCreate  RTX_CM4.lib(rt_cmsis.o)
    0x0800250c   0x0000003a   Code   RO         1357    i.svcMessageGet     RTX_CM4.lib(rt_cmsis.o)
    0x08002546   0x00000002   PAD
    0x08002548   0x00000070   Code   RO         1371    i.svcThreadCreate   RTX_CM4.lib(rt_cmsis.o)
    0x080025b8   0x0000001c   Code   RO         1372    i.svcThreadGetId    RTX_CM4.lib(rt_cmsis.o)
    0x080025d4   0x00000038   Code   RO         1375    i.svcThreadTerminate  RTX_CM4.lib(rt_cmsis.o)
    0x0800260c   0x00000018   Code   RO         1377    i.svcTimerCall      RTX_CM4.lib(rt_cmsis.o)
    0x08002624   0x0000005c   Code   RO         1386    i.sysTimerTick      RTX_CM4.lib(rt_cmsis.o)
    0x08002680   0x00000056   Data   RO          480    .constdata          rtx_conf_cm.o
    0x080026d6   0x00000002   PAD
    0x080026d8   0x00000020   Data   RO         2890    Region$$Table       anon$$obj.o


    Execution Region RW_IRAM1 (Base: 0x20000000, Size: 0x000037a0, Max: 0x00020000, ABSOLUTE)

    Base Addr    Size         Type   Attr      Idx    E Section Name        Object

    0x20000000   0x00000020   Data   RW          481    .data               rtx_conf_cm.o
    0x20000020   0x00000014   Data   RW         1266    .data               system_stm32f4xx.o
    0x20000034   0x00000008   Data   RW         1389    .data               RTX_CM4.lib(rt_cmsis.o)
    0x2000003c   0x00000008   Data   RW         1929    .data               RTX_CM4.lib(rt_task.o)
    0x20000044   0x00000008   Data   RW         2014    .data               RTX_CM4.lib(rt_system.o)
    0x2000004c   0x00000004   Data   RW         2304    .data               RTX_CM4.lib(rt_time.o)
    0x20000050   0x00000001   Data   RW         2424    .data               RTX_CM4.lib(hal_cm.o)
    0x20000051   0x00000003   PAD
    0x20000054   0x00000008   Data   RW         2472    .data               RTX_CM4.lib(rt_robin.o)
    0x2000005c   0x00000004   Data   RW         2853    .data               mc_w.l(stdout.o)
    0x20000060   0x000032d8   Zero   RW          479    .bss                rtx_conf_cm.o
    0x20003338   0x00000034   Zero   RW         1928    .bss                RTX_CM4.lib(rt_task.o)
    0x2000336c   0x00000030   Zero   RW         2144    .bss                RTX_CM4.lib(rt_list.o)
    0x2000339c   0x00000004   PAD
    0x200033a0   0x00000400   Zero   RW         1255    STACK               startup_stm32f40_41xxx.o


==============================================================================

Image component sizes


      Code (inc. data)   RO Data    RW Data    ZI Data      Debug   Object Name

        56          4          0          0          0     274907   fputc_debug.o
       104         30          0          0          0       3707   main.o
       188          8          0          0          0       1638   movingaveragefilter.o
        54          6         86         32      13016       7358   rtx_conf_cm.o
        36          8        392          0       1024        848   startup_stm32f40_41xxx.o
       528         46          0         20          0       1923   system_stm32f4xx.o

    ----------------------------------------------------------------------
       968        102        512         52      14040     290381   Object Totals
         0          0         32          0          0          0   (incl. Generated)
         2          0          2          0          0          0   (incl. Padding)

    ----------------------------------------------------------------------

      Code (inc. data)   RO Data    RW Data    ZI Data      Debug   Library Member Name

       268         24          0          1          0       4128   hal_cm.o
       384         28          0          0          0        796   hal_cm4.o
      1110        140          0          8          0      29905   rt_cmsis.o
        80          4          0          0          0        613   rt_event.o
       530         34          0          0         48       7765   rt_list.o
       550         10          0          0          0       3661   rt_mailbox.o
       128          0          0          0          0       1821   rt_membox.o
       128          0          0          0          0       2203   rt_memory.o
        96         22          0          8          0       1230   rt_robin.o
        52          4          0          0          0        557   rt_semaphore.o
       298         52          0          8          0       6239   rt_system.o
      1200        174          0          8         52       9253   rt_task.o
         0          0          0          4          0        210   rt_time.o
         4          4          0          0          0        200   svc_table.o
         0          0          0          0          0          0   entry.o
         0          0          0          0          0          0   entry10a.o
         0          0          0          0          0          0   entry11a.o
         8          4          0          0          0          0   entry2.o
         4          0          0          0          0          0   entry5.o
         0          0          0          0          0          0   entry7b.o
         0          0          0          0          0          0   entry8b.o
        30          0          0          0          0          0   handlers.o
        36          8          0          0          0         68   init.o
         0          0          0          0          0          0   iusefp.o
        30          0          0          0          0         68   llshl.o
        36          0          0          0          0         68   llsshr.o
        32          0          0          0          0         68   llushr.o
      2226         90          0          0          0        444   printfa.o
         0          0          0          4          0          0   stdout.o
        44          0          0          0          0         80   uidiv.o
        98          0          0          0          0         92   uldiv.o
        48          0          0          0          0         68   cdrcmple.o
       334          0          0          0          0        148   dadd.o
       222          0          0          0          0        100   ddiv.o
       186          0          0          0          0        176   depilogue.o
        48          0          0          0          0         68   dfixul.o
       228          0          0          0          0         96   dmul.o
        38          0          0          0          0         68   f2d.o

    ----------------------------------------------------------------------
      8496        598          0         44        104      70193   Library Totals
        20          0          0          3          4          0   (incl. Padding)

    ----------------------------------------------------------------------

      Code (inc. data)   RO Data    RW Data    ZI Data      Debug   Library Name

      4828        496          0         37        100      68581   RTX_CM4.lib
      2544        102          0          4          0        888   mc_w.l
      1104          0          0          0          0        724   mf_w.l

    ----------------------------------------------------------------------
      8496        598          0         44        104      70193   Library Totals

    ----------------------------------------------------------------------

==============================================================================


      Code (inc. data)   RO Data    RW Data    ZI Data      Debug   

      9464        700        512         96      14144     352998   Grand Totals
      9464        700        512         96      14144     352998   ELF Image Totals
      9464        700        512         96          0          0   ROM Totals

==============================================================================

    Total RO  Size (Code + RO Data)                 9976 (   9.74kB)
    Total RW  Size (RW Data + ZI Data)             14240 (  13.91kB)
    Total ROM Size (Code + RO Data + RW Data)      10072 (   9.84kB)

==============================================================================

