Component: ARM Compiler 5.06 (build 20) Tool: armlink [4d35a3]

==============================================================================

Section Cross References

    main.o(.text) refers to stm32f4xx_rcc.o(.text) for RCC_AHB1PeriphClockCmd
    main.o(.text) refers to stm32f4xx_gpio.o(.text) for GPIO_Init
    main.o(.text) refers to printfa.o(i.__0printf) for __2printf
    main.o(.text) refers to rt_cmsis.o(i.osDelay) for osDelay
    main.o(.text) refers to initialization.o(.text) for acc_init
    main.o(.text) refers to lsm9ds1.o(.text) for LSM9DS1_ReadACC
    main.o(.text) refers to f2d.o(.text) for __aeabi_f2d
    main.o(.text) refers to stm32f4xx_exti.o(.text) for EXTI_ClearITPendingBit
    main.o(.text) refers to stm32f4xx_tim.o(.text) for TIM_ClearITPendingBit
    main.o(.text) refers to rt_cmsis.o(i.osSignalSet) for osSignalSet
    main.o(.text) refers to main.o(.data) for int1
    main.o(.constdata) refers to main.o(.text) for Blinky
    main.o(.constdata) refers to temp_controller.o(.text) for temp_thread
    main.o(.constdata) refers to acc_controller.o(.text) for acc_thread
    main.o(.constdata) refers to display_controller.o(.text) for display_controller_thread
    main.o(.constdata) refers to keypad.o(.text) for keypad_thread
    acc_controller.o(.text) refers to initialization.o(.text) for acc_init
    acc_controller.o(.text) refers to movingaveragefilter.o(.text) for initializeFilter
    acc_controller.o(.text) refers to program.o(.text) for delay
    acc_controller.o(.text) refers to rt_cmsis.o(i.osSignalWait) for osSignalWait
    acc_controller.o(.text) refers to lsm9ds1.o(.text) for LSM9DS1_ReadACC
    acc_controller.o(.text) refers to rt_cmsis.o(i.osPoolAlloc) for osPoolAlloc
    acc_controller.o(.text) refers to rt_cmsis.o(i.osMessagePut) for osMessagePut
    acc_controller.o(.text) refers to f2d.o(.text) for __aeabi_f2d
    acc_controller.o(.text) refers to printfa.o(i.__0printf) for __2printf
    acc_controller.o(.text) refers to acc_controller.o(.data) for interrupt_EXTI0
    acc_controller.o(.text) refers to display_controller.o(.data) for acc_mpool
    temp_controller.o(.text) refers to initialization.o(.text) for temp_init
    temp_controller.o(.text) refers to movingaveragefilter.o(.text) for initializeFilter
    temp_controller.o(.text) refers to rt_cmsis.o(i.osSignalWait) for osSignalWait
    temp_controller.o(.text) refers to stm32f4xx_adc.o(.text) for ADC_RegularChannelConfig
    temp_controller.o(.text) refers to f2d.o(.text) for __aeabi_f2d
    temp_controller.o(.text) refers to ddiv.o(.text) for __aeabi_ddiv
    temp_controller.o(.text) refers to d2f.o(.text) for __aeabi_d2f
    temp_controller.o(.text) refers to dflti.o(.text) for __aeabi_i2d
    temp_controller.o(.text) refers to rt_cmsis.o(i.osMessagePut) for osMessagePut
    temp_controller.o(.text) refers to display_controller.o(.data) for temp_mqueue
    temp_controller.o(.text) refers to temp_controller.o(.data) for interrupt_TIM2
    program.o(.text) refers to f2d.o(.text) for __aeabi_f2d
    program.o(.text) refers to sqrt.o(i.__hardfp_sqrt) for __hardfp_sqrt
    program.o(.text) refers to atan2.o(i.__hardfp_atan2) for __hardfp_atan2
    program.o(.text) refers to d2f.o(.text) for __aeabi_d2f
    program.o(.text) refers to ddiv.o(.text) for __aeabi_ddiv
    initialization.o(.text) refers to lsm9ds1.o(.text) for LSM9DS1_Acc_Init
    initialization.o(.text) refers to stm32f4xx_rcc.o(.text) for RCC_APB2PeriphClockCmd
    initialization.o(.text) refers to stm32f4xx_gpio.o(.text) for GPIO_Init
    initialization.o(.text) refers to stm32f4xx_exti.o(.text) for EXTI_Init
    initialization.o(.text) refers to stm32f4xx_syscfg.o(.text) for SYSCFG_EXTILineConfig
    initialization.o(.text) refers to misc.o(.text) for NVIC_Init
    initialization.o(.text) refers to stm32f4xx_adc.o(.text) for ADC_DeInit
    initialization.o(.text) refers to stm32f4xx_tim.o(.text) for TIM_TimeBaseInit
    initialization.o(.text) refers to f2d.o(.text) for __aeabi_f2d
    initialization.o(.text) refers to dadd.o(.text) for __aeabi_dadd
    initialization.o(.text) refers to d2f.o(.text) for __aeabi_d2f
    keypad.o(.text) refers to stm32f4xx_gpio.o(.text) for GPIO_ReadInputDataBit
    keypad.o(.text) refers to initialization.o(.text) for alpha_num_kp_init
    keypad.o(.text) refers to rt_cmsis.o(i.osMessagePut) for osMessagePut
    keypad.o(.text) refers to program.o(.text) for delay
    keypad.o(.text) refers to keypad.o(.data) for keypadArray
    keypad.o(.text) refers to display_controller.o(.data) for kp_mqueue
    segmentdisplay.o(.text) refers to stm32f4xx_gpio.o(.text) for GPIO_ResetBits
    segmentdisplay.o(.text) refers to segmentdisplay.o(.data) for tick
    display_controller.o(.text) refers to rt_cmsis.o(i.osPoolCreate) for osPoolCreate
    display_controller.o(.text) refers to rt_cmsis.o(i.osMessageCreate) for osMessageCreate
    display_controller.o(.text) refers to initialization.o(.text) for seg_7_display_init
[...]
    .text                                    0x08002fc0   Section        0  system_stm32f4xx.o(.text)
    SetSysClock                              0x08002fc1   Thumb Code   220  system_stm32f4xx.o(.text)
    .text                                    0x080031d0   Section        0  uldiv.o(.text)
    .text                                    0x08003232   Section        0  dadd.o(.text)
    .text                                    0x08003380   Section        0  dmul.o(.text)
    .text                                    0x08003464   Section        0  ddiv.o(.text)
    .text                                    0x08003542   Section        0  f2d.o(.text)
    .text                                    0x08003568   Section        0  d2f.o(.text)
    .text                                    0x080035a0   Section        0  uidiv.o(.text)
    .text                                    0x080035cc   Section        0  llshl.o(.text)
    .text                                    0x080035ea   Section        0  llushr.o(.text)
    .text                                    0x0800360a   Section        0  llsshr.o(.text)
    .text                                    0x0800362e   Section        0  fepilogue.o(.text)
    .text                                    0x0800362e   Section        0  iusefp.o(.text)
    .text                                    0x0800369c   Section        0  depilogue.o(.text)
    .text                                    0x08003756   Section        0  dfixul.o(.text)
    .text                                    0x08003788   Section       48  cdrcmple.o(.text)
    .text                                    0x080037b8   Section       36  init.o(.text)
    SVC_TABLE                                0x080037dc   Section        4  svc_table.o(SVC_TABLE)
    i.__0printf                              0x080037e0   Section        0  printfa.o(i.__0printf)
    i.__scatterload_copy                     0x08003800   Section       14  handlers.o(i.__scatterload_copy)
    i.__scatterload_null                     0x0800380e   Section        2  handlers.o(i.__scatterload_null)
    i.__scatterload_zeroinit                 0x08003810   Section       14  handlers.o(i.__scatterload_zeroinit)
    i._fp_digits                             0x08003820   Section        0  printfa.o(i._fp_digits)
    _fp_digits                               0x08003821   Thumb Code   334  printfa.o(i._fp_digits)
    i._init_box                              0x08003984   Section        0  rt_membox.o(i._init_box)
    i._printf_core                           0x080039cc   Section        0  printfa.o(i._printf_core)
    _printf_core                             0x080039cd   Thumb Code  1744  printfa.o(i._printf_core)
    i._printf_post_padding                   0x080040a8   Section        0  printfa.o(i._printf_post_padding)
    _printf_post_padding                     0x080040a9   Thumb Code    36  printfa.o(i._printf_post_padding)
    i._printf_pre_padding                    0x080040cc   Section        0  printfa.o(i._printf_pre_padding)
    _printf_pre_padding                      0x080040cd   Thumb Code    46  printfa.o(i._printf_pre_padding)
    i.dbg_init                               0x080040fc   Section        0  hal_cm.o(i.dbg_init)
    i.dbg_task_notify                        0x0800412c   Section        0  hal_cm.o(i.dbg_task_notify)
    i.dbg_task_switch                        0x0800414c   Section        0  hal_cm.o(i.dbg_task_switch)
    i.isrMessageGet                          0x0800415c   Section        0  rt_cmsis.o(i.isrMessageGet)
    i.isrMessagePut                          0x08004186   Section        0  rt_cmsis.o(i.isrMessagePut)
    i.isrSignalSet                           0x080041b2   Section        0  rt_cmsis.o(i.isrSignalSet)
    i.isr_evt_set                            0x080041d8   Section        0  rt_event.o(i.isr_evt_set)
    i.isr_mbx_receive                        0x08004200   Section        0  rt_mailbox.o(i.isr_mbx_receive)
    i.isr_mbx_send                           0x08004252   Section        0  rt_mailbox.o(i.isr_mbx_send)
    i.osDelay                                0x08004260   Section        0  rt_cmsis.o(i.osDelay)
    i.osKernelInitialize                     0x08004278   Section        0  rt_cmsis.o(i.osKernelInitialize)
    i.osKernelStart                          0x0800429c   Section        0  rt_cmsis.o(i.osKernelStart)
    i.osMessageGet                           0x08004308   Section        0  rt_cmsis.o(i.osMessageGet)
    i.osSignalSet                            0x08004320   Section        0  rt_cmsis.o(i.osSignalSet)
    i.osThreadCreate                         0x08004338   Section        0  rt_cmsis.o(i.osThreadCreate)
    i.osThreadExit                           0x08004368   Section        0  rt_cmsis.o(i.osThreadExit)
    i.osTimerCall                            0x08004380   Section        0  rt_cmsis.o(i.osTimerCall)
    i.osTimerThread                          0x0800438c   Section        0  rt_cmsis.o(i.osTimerThread)
    i.os_tick_init                           0x080043b8   Section        0  rt_system.o(i.os_tick_init)
    i.os_tick_irqack                         0x080043e0   Section        0  rt_system.o(i.os_tick_irqack)
    i.rt_alloc_box                           0x080043e2   Section        0  rt_membox.o(i.rt_alloc_box)
    i.rt_alloc_mem                           0x080043fc   Section        0  rt_memory.o(i.rt_alloc_mem)
    i.rt_block                               0x0800443c   Section        0  rt_task.o(i.rt_block)
    i.rt_chk_robin                           0x08004474   Section        0  rt_robin.o(i.rt_chk_robin)
    i.rt_dec_dly                             0x080044bc   Section        0  rt_list.o(i.rt_dec_dly)
    i.rt_dispatch                            0x0800452c   Section        0  rt_task.o(i.rt_dispatch)
    i.rt_dly_wait                            0x08004570   Section        0  rt_time.o(i.rt_dly_wait)
    i.rt_evt_psh                             0x08004578   Section        0  rt_event.o(i.rt_evt_psh)
    i.rt_evt_set                             0x080045c8   Section        0  rt_event.o(i.rt_evt_set)
    i.rt_free_box                            0x08004624   Section        0  rt_membox.o(i.rt_free_box)
    i.rt_free_mem                            0x08004650   Section        0  rt_memory.o(i.rt_free_mem)
    i.rt_get_first                           0x08004678   Section        0  rt_list.o(i.rt_get_first)
    i.rt_id2obj                              0x080046a0   Section        0  rt_cmsis.o(i.rt_id2obj)
    rt_id2obj                                0x080046a1   Thumb Code     8  rt_cmsis.o(i.rt_id2obj)
    i.rt_init_context                        0x080046a8   Section        0  rt_task.o(i.rt_init_context)
    rt_init_context                          0x080046a9   Thumb Code    66  rt_task.o(i.rt_init_context)
    i.rt_init_mem                            0x080046f0   Section        0  rt_memory.o(i.rt_init_mem)
    i.rt_init_robin                          0x0800470c   Section        0  rt_robin.o(i.rt_init_robin)
    i.rt_init_stack                          0x08004724   Section        0  hal_cm.o(i.rt_init_stack)
    i.rt_mbx_check                           0x080047a4   Section        0  rt_mailbox.o(i.rt_mbx_check)
    i.rt_mbx_init                            0x080047ac   Section        0  rt_mailbox.o(i.rt_mbx_init)
    i.rt_mbx_psh                             0x080047c8   Section        0  rt_mailbox.o(i.rt_mbx_psh)
    i.rt_mbx_wait                            0x080048b8   Section        0  rt_mailbox.o(i.rt_mbx_wait)
    i.rt_ms2tick                             0x0800496c   Section        0  rt_cmsis.o(i.rt_ms2tick)
    rt_ms2tick                               0x0800496d   Thumb Code    60  rt_cmsis.o(i.rt_ms2tick)
    i.rt_pop_req                             0x080049b0   Section        0  rt_system.o(i.rt_pop_req)
    i.rt_psh_req                             0x08004a2c   Section        0  rt_system.o(i.rt_psh_req)
    i.rt_psq_enq                             0x08004a4c   Section        0  rt_list.o(i.rt_psq_enq)
    i.rt_put_dly                             0x08004aa8   Section        0  rt_list.o(i.rt_put_dly)
    i.rt_put_prio                            0x08004af0   Section        0  rt_list.o(i.rt_put_prio)
    i.rt_put_rdy_first                       0x08004b28   Section        0  rt_list.o(i.rt_put_rdy_first)
    i.rt_resort_prio                         0x08004b3c   Section        0  rt_list.o(i.rt_resort_prio)
    i.rt_ret_regs                            0x08004b70   Section        0  hal_cm.o(i.rt_ret_regs)
    rt_ret_regs                              0x08004b71   Thumb Code    16  hal_cm.o(i.rt_ret_regs)
    i.rt_ret_val                             0x08004b80   Section        0  hal_cm.o(i.rt_ret_val)
    i.rt_ret_val2                            0x08004b8c   Section        0  hal_cm.o(i.rt_ret_val2)
    i.rt_rmv_dly                             0x08004b9c   Section        0  rt_list.o(i.rt_rmv_dly)
    i.rt_rmv_list                            0x08004bc4   Section        0  rt_list.o(i.rt_rmv_list)
    i.rt_sem_psh                             0x08004bf4   Section        0  rt_semaphore.o(i.rt_sem_psh)
    i.rt_stk_check                           0x08004c28   Section        0  rt_system.o(i.rt_stk_check)
    i.rt_switch_req                          0x08004c4c   Section        0  rt_task.o(i.rt_switch_req)
    i.rt_sys_init                            0x08004c74   Section        0  rt_task.o(i.rt_sys_init)
    i.rt_sys_start                           0x08004d40   Section        0  rt_task.o(i.rt_sys_start)
    i.rt_systick                             0x08004db8   Section        0  rt_system.o(i.rt_systick)
    i.rt_tid2ptcb                            0x08004df8   Section        0  rt_cmsis.o(i.rt_tid2ptcb)
    rt_tid2ptcb                              0x08004df9   Thumb Code    18  rt_cmsis.o(i.rt_tid2ptcb)
    i.rt_timer_insert                        0x08004e0c   Section        0  rt_cmsis.o(i.rt_timer_insert)
    rt_timer_insert                          0x08004e0d   Thumb Code    48  rt_cmsis.o(i.rt_timer_insert)
    i.rt_tsk_create                          0x08004e40   Section        0  rt_task.o(i.rt_tsk_create)
    i.rt_tsk_delete                          0x08004ec8   Section        0  rt_task.o(i.rt_tsk_delete)
    i.rt_tsk_prio                            0x08005040   Section        0  rt_task.o(i.rt_tsk_prio)
    i.rt_tsk_self                            0x080050bc   Section        0  rt_task.o(i.rt_tsk_self)
    i.svcDelay                               0x080050cc   Section        0  rt_cmsis.o(i.svcDelay)
    i.svcKernelInitialize                    0x080050e0   Section        0  rt_cmsis.o(i.svcKernelInitialize)
    i.svcKernelStart                         0x08005150   Section        0  rt_cmsis.o(i.svcKernelStart)
    i.svcMessageCreate                       0x08005198   Section        0  rt_cmsis.o(i.svcMessageCreate)
    i.svcMessageGet                          0x080051bc   Section        0  rt_cmsis.o(i.svcMessageGet)
    i.svcSignalSet                           0x080051f6   Section        0  rt_cmsis.o(i.svcSignalSet)
    i.svcThreadCreate                        0x0800521c   Section        0  rt_cmsis.o(i.svcThreadCreate)
    i.svcThreadGetId                         0x0800528c   Section        0  rt_cmsis.o(i.svcThreadGetId)
    i.svcThreadTerminate                     0x080052a8   Section        0  rt_cmsis.o(i.svcThreadTerminate)
    i.svcTimerCall                           0x080052e0   Section        0  rt_cmsis.o(i.svcTimerCall)
    i.sysTimerTick                           0x080052f8   Section        0  rt_cmsis.o(i.sysTimerTick)
    .constdata                               0x08005354   Section       86  rtx_conf_cm.o(.constdata)
    __tagsym$$used                           0x08005370   Number         0  rtx_conf_cm.o(.constdata)
    __tagsym$$used                           0x08005374   Number         0  rtx_conf_cm.o(.constdata)
    __tagsym$$used                           0x08005378   Number         0  rtx_conf_cm.o(.constdata)
    __tagsym$$used                           0x0800537c   Number         0  rtx_conf_cm.o(.constdata)
    .data                                    0x20000000   Section       32  main.o(.data)
    .data                                    0x20000020   Section        4  lsm9ds1.o(.data)
    .data                                    0x20000024   Section       32  rtx_conf_cm.o(.data)
    .data                                    0x20000044   Section       16  stm32f4xx_rcc.o(.data)
    APBAHBPrescTable                         0x20000044   Data          16  stm32f4xx_rcc.o(.data)
    .data                                    0x20000054   Section       20  system_stm32f4xx.o(.data)
    .data                                    0x20000068   Section        8  rt_cmsis.o(.data)
    .data                                    0x20000070   Section        8  rt_task.o(.data)
    .data                                    0x20000078   Section        8  rt_system.o(.data)
    os_lock                                  0x20000078   Data           1  rt_system.o(.data)
    os_psh_flag                              0x20000079   Data           1  rt_system.o(.data)
    pend_flags                               0x2000007a   Data           1  rt_system.o(.data)
    .data                                    0x20000080   Section        4  rt_time.o(.data)
    .data                                    0x20000084   Section        1  hal_cm.o(.data)
    .data                                    0x20000088   Section        8  rt_robin.o(.data)
    .data                                    0x20000090   Section        4  stdout.o(.data)
    .bss                                     0x20000098   Section    13016  rtx_conf_cm.o(.bss)
    .bss                                     0x20003370   Section       52  rt_task.o(.bss)
    .bss                                     0x200033a4   Section       48  rt_list.o(.bss)
    STACK                                    0x200033d8   Section     1024  startup_stm32f40_41xxx.o(STACK)

    Global Symbols

    Symbol Name                              Value     Ov Type        Size  Object(Section)

    BuildAttributes$$THM_ISAv4$E$P$D$K$B$S$7EM$VFPi3$EXTD16$VFPS$VFMA$PE$A:L22UL41UL21$X:L11$S22US41US21$IEEE1$IW$USESV6$~STKCKD$USESV7$~SHL$OTIME$ROPI$IEEEX$EBA8$MICROLIB$REQ8$PRES8$EABIv2 0x00000000   Number         0  anon$$obj.o ABSOLUTE
    __ARM_use_no_argv                        0x00000000   Number         0  main.o ABSOLUTE
    _printf_a                                0x00000000   Number         0  stubs.o ABSOLUTE
    _printf_c                                0x00000000   Number         0  stubs.o ABSOLUTE
    _printf_charcount                        0x00000000   Number         0  stubs.o ABSOLUTE
    _printf_d                                0x00000000   Number         0  stubs.o ABSOLUTE
    _printf_e                                0x00000000   Number         0  stubs.o ABSOLUTE
    _printf_f                                0x00000000   Number         0  stubs.o ABSOLUTE
    _printf_flags                            0x00000000   Number         0  stubs.o ABSOLUTE
    _printf_fp_dec                           0x00000000   Number         0  stubs.o ABSOLUTE
    _printf_fp_hex                           0x00000000   Number         0  stubs.o ABSOLUTE
    _printf_g                                0x00000000   Number         0  stubs.o ABSOLUTE
    _printf_i                                0x00000000   Number         0  stubs.o ABSOLUTE
    _printf_int_dec                          0x00000000   Number         0  stubs.o ABSOLUTE
    _printf_l                                0x00000000   Number         0  stubs.o ABSOLUTE
    _printf_lc                               0x00000000   Number         0  stubs.o ABSOLUTE
    _printf_ll                               0x00000000   Number         0  stubs.o ABSOLUTE
    _printf_lld                              0x00000000   Number         0  stubs.o ABSOLUTE
    _printf_lli                              0x00000000   Number         0  stubs.o ABSOLUTE
    _printf_llo                              0x00000000   Number         0  stubs.o ABSOLUTE
    _printf_llu                              0x00000000   Number         0  stubs.o ABSOLUTE
    _printf_llx                              0x00000000   Number         0  stubs.o ABSOLUTE
    _printf_longlong_dec                     0x00000000   Number         0  stubs.o ABSOLUTE
    _printf_longlong_hex                     0x00000000   Number         0  stubs.o ABSOLUTE
    _printf_longlong_oct                     0x00000000   Number         0  stubs.o ABSOLUTE
    _printf_ls                               0x00000000   Number         0  stubs.o ABSOLUTE
    _printf_mbtowc                           0x00000000   Number         0  stubs.o ABSOLUTE
    _printf_n                                0x00000000   Number         0  stubs.o ABSOLUTE
    _printf_o                                0x00000000   Number         0  stubs.o ABSOLUTE
    _printf_p                                0x00000000   Number         0  stubs.o ABSOLUTE
    _printf_percent                          0x00000000   Number         0  stubs.o ABSOLUTE
    _printf_pre_padding                      0x00000000   Number         0  stubs.o ABSOLUTE
    _printf_return_value                     0x00000000   Number         0  stubs.o ABSOLUTE
    _printf_s                                0x00000000   Number         0  stubs.o ABSOLUTE
    _printf_sizespec                         0x00000000   Number         0  stubs.o ABSOLUTE
    _printf_str                              0x00000000   Number         0  stubs.o ABSOLUTE
    _printf_truncate_signed                  0x00000000   Number         0  stubs.o ABSOLUTE
    _printf_truncate_unsigned                0x00000000   Number         0  stubs.o ABSOLUTE
    _printf_u                                0x00000000   Number         0  stubs.o ABSOLUTE
    _printf_wc                               0x00000000   Number         0  stubs.o ABSOLUTE
    _printf_wctomb                           0x00000000   Number         0  stubs.o ABSOLUTE
    _printf_widthprec                        0x00000000   Number         0  stubs.o ABSOLUTE
    _printf_x                                0x00000000   Number         0  stubs.o ABSOLUTE
    __cpp_initialize__aeabi_                  - Undefined Weak Reference
    __cxa_finalize                            - Undefined Weak Reference
    __decompress                              - Undefined Weak Reference
    _clock_init                               - Undefined Weak Reference
    _microlib_exit                            - Undefined Weak Reference
    __Vectors_Size                           0x00000188   Number         0  startup_stm32f40_41xxx.o ABSOLUTE
    __RL_RTX_VER                             0x00000479   Number         0  rt_system.o ABSOLUTE
    __Vectors                                0x08000000   Data           4  startup_stm32f40_41xxx.o(RESET)
    __Vectors_End                            0x08000188   Data           0  startup_stm32f40_41xxx.o(RESET)
    __main                                   0x08000189   Thumb Code     0  entry.o(.ARM.Collect$$$$00000000)
    _main_stk                                0x08000189   Thumb Code     0  entry2.o(.ARM.Collect$$$$00000001)
    _main_scatterload                        0x0800018d   Thumb Code     0  entry5.o(.ARM.Collect$$$$00000004)
    __main_after_scatterload                 0x08000191   Thumb Code     0  entry5.o(.ARM.Collect$$$$00000004)
    __rt_final_cpp                           0x08000191   Thumb Code     0  entry10a.o(.ARM.Collect$$$$0000000D)
    __rt_final_exit                          0x08000191   Thumb Code     0  entry11a.o(.ARM.Collect$$$$0000000F)
    _main_clock                              0x08000191   Thumb Code     0  entry7b.o(.ARM.Collect$$$$00000008)
    _main_cpp_init                           0x08000191   Thumb Code     0  entry8b.o(.ARM.Collect$$$$0000000A)
    _main_init                               0x08000191   Thumb Code    18  rtx_conf_cm.o(.ARM.Collect$$$$000000FF)
    rt_set_PSP                               0x080001ad   Thumb Code     6  hal_cm4.o(.emb_text)
    rt_get_PSP                               0x080001b3   Thumb Code     6  hal_cm4.o(.emb_text)
    os_set_env                               0x080001b9   Thumb Code    24  hal_cm4.o(.emb_text)
    _alloc_box                               0x080001d5   Thumb Code    28  hal_cm4.o(.emb_text)
    _free_box                                0x080001f5   Thumb Code    28  hal_cm4.o(.emb_text)
    SVC_Handler                              0x08000215   Thumb Code   168  hal_cm4.o(.emb_text)
    PendSV_Handler                           0x080002cd   Thumb Code    96  hal_cm4.o(.emb_text)
    SysTick_Handler                          0x08000331   Thumb Code     8  hal_cm4.o(.emb_text)
    OS_Tick_Handler                          0x08000339   Thumb Code    12  hal_cm4.o(.emb_text)
    Blinky_GPIO_Init                         0x08000345   Thumb Code    50  main.o(.text)
    Blinky                                   0x08000377   Thumb Code    26  main.o(.text)
    main                                     0x08000391   Thumb Code   130  main.o(.text)
    EXTI0_IRQHandler                         0x08000413   Thumb Code    14  main.o(.text)
    EXTI1_IRQHandler                         0x08000421   Thumb Code    16  main.o(.text)
    TIM2_IRQHandler                          0x08000431   Thumb Code    22  main.o(.text)
    TIM3_IRQHandler                          0x08000447   Thumb Code    22  main.o(.text)
    fputc                                    0x08000491   Thumb Code    52  fputc_debug.o(.text)
    acc_init                                 0x080004c9   Thumb Code   178  initialization.o(.text)
    gyro_init                                0x0800057b   Thumb Code   166  initialization.o(.text)
    temp_init                                0x08000621   Thumb Code   224  initialization.o(.text)
    seg_7_display_init                       0x08000701   Thumb Code   148  initialization.o(.text)
    alpha_num_kp_init                        0x08000795   Thumb Code    96  initialization.o(.text)
    offsetAccData                            0x080007f5   Thumb Code   134  initialization.o(.text)
    board_led_init                           0x0800087b   Thumb Code    54  initialization.o(.text)
    LSM9DS1_TIMEOUT_UserCallback             0x080008e1   Thumb Code     4  lsm9ds1.o(.text)
    LSM9DS1_Write                            0x0800094f   Thumb Code    62  lsm9ds1.o(.text)
    LSM9DS1_Acc_Init                         0x08000ab7   Thumb Code    62  lsm9ds1.o(.text)
    LSM9DS1_Gyro_Init                        0x08000af5   Thumb Code    50  lsm9ds1.o(.text)
    LSM9DS1_Read                             0x08000b27   Thumb Code    70  lsm9ds1.o(.text)
    LSM9DS1_INT_Config                       0x08000b6d   Thumb Code    66  lsm9ds1.o(.text)
    LSM9DS1_LowpowerCmd                      0x08000baf   Thumb Code    76  lsm9ds1.o(.text)
    LSM9DS1_DataRateCmd                      0x08000bfb   Thumb Code    44  lsm9ds1.o(.text)
    LSM9DS1_FullScaleCmd                     0x08000c27   Thumb Code    44  lsm9ds1.o(.text)
    LSM9DS1_ReadACC                          0x08000c53   Thumb Code   458  lsm9ds1.o(.text)
    LSM9DS1_ReadGYRO                         0x08000e1d   Thumb Code   156  lsm9ds1.o(.text)
    os_idle_demon                            0x08000ed9   Thumb Code     4  rtx_conf_cm.o(.text)
    os_error                                 0x08000edd   Thumb Code    26  rtx_conf_cm.o(.text)
    NVIC_PriorityGroupConfig                 0x08000ef9   Thumb Code    10  misc.o(.text)
    NVIC_Init                                0x08000f03   Thumb Code   106  misc.o(.text)
    NVIC_SetVectorTable                      0x08000f6d   Thumb Code    14  misc.o(.text)
    NVIC_SystemLPConfig                      0x08000f7b   Thumb Code    34  misc.o(.text)
    SysTick_CLKSourceConfig                  0x08000f9d   Thumb Code    40  misc.o(.text)
    ADC_DeInit                               0x08000fd9   Thumb Code    22  stm32f4xx_adc.o(.text)
    ADC_Init                                 0x08000fef   Thumb Code    74  stm32f4xx_adc.o(.text)
    ADC_StructInit                           0x08001039   Thumb Code    20  stm32f4xx_adc.o(.text)
    ADC_CommonInit                           0x0800104d   Thumb Code    34  stm32f4xx_adc.o(.text)
    ADC_CommonStructInit                     0x0800106f   Thumb Code    12  stm32f4xx_adc.o(.text)
    ADC_Cmd                                  0x0800107b   Thumb Code    22  stm32f4xx_adc.o(.text)
    ADC_AnalogWatchdogCmd                    0x08001091   Thumb Code    16  stm32f4xx_adc.o(.text)
    ADC_AnalogWatchdogThresholdsConfig       0x080010a1   Thumb Code     6  stm32f4xx_adc.o(.text)
    ADC_AnalogWatchdogSingleChannelConfig    0x080010a7   Thumb Code    16  stm32f4xx_adc.o(.text)
    ADC_TempSensorVrefintCmd                 0x080010b7   Thumb Code    34  stm32f4xx_adc.o(.text)
    ADC_VBATCmd                              0x080010d9   Thumb Code    34  stm32f4xx_adc.o(.text)
    ADC_RegularChannelConfig                 0x080010fb   Thumb Code   184  stm32f4xx_adc.o(.text)
    ADC_SoftwareStartConv                    0x080011b3   Thumb Code    10  stm32f4xx_adc.o(.text)
    ADC_GetSoftwareStartConvStatus           0x080011bd   Thumb Code    20  stm32f4xx_adc.o(.text)
    ADC_EOCOnEachRegularChannelCmd           0x080011d1   Thumb Code    22  stm32f4xx_adc.o(.text)
    ADC_ContinuousModeCmd                    0x080011e7   Thumb Code    22  stm32f4xx_adc.o(.text)
    ADC_DiscModeChannelCountConfig           0x080011fd   Thumb Code    24  stm32f4xx_adc.o(.text)
    ADC_DiscModeCmd                          0x08001215   Thumb Code    22  stm32f4xx_adc.o(.text)
    ADC_GetConversionValue                   0x0800122b   Thumb Code     8  stm32f4xx_adc.o(.text)
    ADC_GetMultiModeConversionValue          0x08001233   Thumb Code     8  stm32f4xx_adc.o(.text)
    ADC_DMACmd                               0x0800123b   Thumb Code    22  stm32f4xx_adc.o(.text)
    ADC_DMARequestAfterLastTransferCmd       0x08001251   Thumb Code    22  stm32f4xx_adc.o(.text)
    ADC_MultiModeDMARequestAfterLastTransferCmd 0x08001267   Thumb Code    34  stm32f4xx_adc.o(.text)
    ADC_InjectedChannelConfig                0x08001289   Thumb Code   130  stm32f4xx_adc.o(.text)
    ADC_InjectedSequencerLengthConfig        0x0800130b   Thumb Code    24  stm32f4xx_adc.o(.text)
    ADC_SetInjectedOffset                    0x08001323   Thumb Code    20  stm32f4xx_adc.o(.text)
    ADC_ExternalTrigInjectedConvConfig       0x08001337   Thumb Code    16  stm32f4xx_adc.o(.text)
    ADC_ExternalTrigInjectedConvEdgeConfig   0x08001347   Thumb Code    16  stm32f4xx_adc.o(.text)
    ADC_SoftwareStartInjectedConv            0x08001357   Thumb Code    10  stm32f4xx_adc.o(.text)
    ADC_GetSoftwareStartInjectedConvCmdStatus 0x08001361   Thumb Code    20  stm32f4xx_adc.o(.text)
    ADC_AutoInjectedConvCmd                  0x08001375   Thumb Code    22  stm32f4xx_adc.o(.text)
    ADC_InjectedDiscModeCmd                  0x0800138b   Thumb Code    22  stm32f4xx_adc.o(.text)
    ADC_GetInjectedConversionValue           0x080013a1   Thumb Code    28  stm32f4xx_adc.o(.text)
    ADC_ITConfig                             0x080013bd   Thumb Code    56  stm32f4xx_adc.o(.text)
    ADC_GetFlagStatus                        0x080013f5   Thumb Code    18  stm32f4xx_adc.o(.text)
    ADC_ClearFlag                            0x08001407   Thumb Code     6  stm32f4xx_adc.o(.text)
    ADC_GetITStatus                          0x0800140d   Thumb Code    38  stm32f4xx_adc.o(.text)
    ADC_ClearITPendingBit                    0x08001433   Thumb Code    10  stm32f4xx_adc.o(.text)
    EXTI_DeInit                              0x0800143d   Thumb Code    28  stm32f4xx_exti.o(.text)
    EXTI_Init                                0x08001459   Thumb Code   142  stm32f4xx_exti.o(.text)
    EXTI_StructInit                          0x080014e7   Thumb Code    16  stm32f4xx_exti.o(.text)
    EXTI_GenerateSWInterrupt                 0x080014f7   Thumb Code    16  stm32f4xx_exti.o(.text)
    EXTI_GetFlagStatus                       0x08001507   Thumb Code    22  stm32f4xx_exti.o(.text)
    EXTI_ClearFlag                           0x0800151d   Thumb Code     8  stm32f4xx_exti.o(.text)
    EXTI_GetITStatus                         0x08001525   Thumb Code    22  stm32f4xx_exti.o(.text)
    EXTI_ClearITPendingBit                   0x0800153b   Thumb Code     8  stm32f4xx_exti.o(.text)
    GPIO_DeInit                              0x0800154d   Thumb Code   268  stm32f4xx_gpio.o(.text)
    GPIO_Init                                0x08001659   Thumb Code   144  stm32f4xx_gpio.o(.text)
    GPIO_StructInit                          0x080016e9   Thumb Code    18  stm32f4xx_gpio.o(.text)
    GPIO_PinLockConfig                       0x080016fb   Thumb Code    34  stm32f4xx_gpio.o(.text)
    GPIO_ReadInputDataBit                    0x0800171d   Thumb Code    18  stm32f4xx_gpio.o(.text)
    GPIO_ReadInputData                       0x0800172f   Thumb Code     8  stm32f4xx_gpio.o(.text)
    GPIO_ReadOutputDataBit                   0x08001737   Thumb Code    18  stm32f4xx_gpio.o(.text)
    GPIO_ReadOutputData                      0x08001749   Thumb Code     8  stm32f4xx_gpio.o(.text)
    GPIO_SetBits                             0x08001751   Thumb Code     4  stm32f4xx_gpio.o(.text)
    GPIO_ResetBits                           0x08001755   Thumb Code     4  stm32f4xx_gpio.o(.text)
    GPIO_WriteBit                            0x08001759   Thumb Code    10  stm32f4xx_gpio.o(.text)
    GPIO_Write                               0x08001763   Thumb Code     4  stm32f4xx_gpio.o(.text)
    GPIO_ToggleBits                          0x08001767   Thumb Code     8  stm32f4xx_gpio.o(.text)
    GPIO_PinAFConfig                         0x0800176f   Thumb Code    70  stm32f4xx_gpio.o(.text)
    RCC_DeInit                               0x080017e1   Thumb Code    82  stm32f4xx_rcc.o(.text)
    RCC_HSEConfig                            0x08001833   Thumb Code    14  stm32f4xx_rcc.o(.text)
    RCC_GetFlagStatus                        0x08001841   Thumb Code    60  stm32f4xx_rcc.o(.text)
    RCC_WaitForHSEStartUp                    0x0800187d   Thumb Code    56  stm32f4xx_rcc.o(.text)
    RCC_AdjustHSICalibrationValue            0x080018b5   Thumb Code    20  stm32f4xx_rcc.o(.text)
    RCC_HSICmd                               0x080018c9   Thumb Code     6  stm32f4xx_rcc.o(.text)
    RCC_LSEConfig                            0x080018cf   Thumb Code    46  stm32f4xx_rcc.o(.text)
    RCC_LSICmd                               0x080018fd   Thumb Code     6  stm32f4xx_rcc.o(.text)
    RCC_PLLConfig                            0x08001903   Thumb Code    32  stm32f4xx_rcc.o(.text)
    RCC_PLLCmd                               0x08001923   Thumb Code     6  stm32f4xx_rcc.o(.text)
    RCC_PLLI2SConfig                         0x08001929   Thumb Code    14  stm32f4xx_rcc.o(.text)
    RCC_PLLI2SCmd                            0x08001937   Thumb Code     6  stm32f4xx_rcc.o(.text)
    RCC_PLLSAIConfig                         0x0800193d   Thumb Code    20  stm32f4xx_rcc.o(.text)
    RCC_PLLSAICmd                            0x08001951   Thumb Code     6  stm32f4xx_rcc.o(.text)
    RCC_ClockSecuritySystemCmd               0x08001957   Thumb Code     6  stm32f4xx_rcc.o(.text)
    RCC_MCO1Config                           0x0800195d   Thumb Code    28  stm32f4xx_rcc.o(.text)
    RCC_MCO2Config                           0x08001979   Thumb Code    28  stm32f4xx_rcc.o(.text)
    RCC_SYSCLKConfig                         0x08001995   Thumb Code    20  stm32f4xx_rcc.o(.text)
    RCC_GetSYSCLKSource                      0x080019a9   Thumb Code    12  stm32f4xx_rcc.o(.text)
    RCC_HCLKConfig                           0x080019b5   Thumb Code    20  stm32f4xx_rcc.o(.text)
    RCC_PCLK1Config                          0x080019c9   Thumb Code    20  stm32f4xx_rcc.o(.text)
    RCC_PCLK2Config                          0x080019dd   Thumb Code    22  stm32f4xx_rcc.o(.text)
    RCC_GetClocksFreq                        0x080019f3   Thumb Code   222  stm32f4xx_rcc.o(.text)
    RCC_RTCCLKConfig                         0x08001ad1   Thumb Code    54  stm32f4xx_rcc.o(.text)
    RCC_RTCCLKCmd                            0x08001b07   Thumb Code     8  stm32f4xx_rcc.o(.text)
    RCC_BackupResetCmd                       0x08001b0f   Thumb Code     8  stm32f4xx_rcc.o(.text)
    RCC_I2SCLKConfig                         0x08001b17   Thumb Code     6  stm32f4xx_rcc.o(.text)
    RCC_SAIPLLI2SClkDivConfig                0x08001b1d   Thumb Code    26  stm32f4xx_rcc.o(.text)
    RCC_SAIPLLSAIClkDivConfig                0x08001b37   Thumb Code    28  stm32f4xx_rcc.o(.text)
    RCC_SAIBlockACLKConfig                   0x08001b53   Thumb Code    20  stm32f4xx_rcc.o(.text)
    RCC_SAIBlockBCLKConfig                   0x08001b67   Thumb Code    20  stm32f4xx_rcc.o(.text)
    RCC_LTDCCLKDivConfig                     0x08001b7b   Thumb Code    20  stm32f4xx_rcc.o(.text)
    RCC_TIMCLKPresConfig                     0x08001b8f   Thumb Code     6  stm32f4xx_rcc.o(.text)
    RCC_AHB1PeriphClockCmd                   0x08001b95   Thumb Code    34  stm32f4xx_rcc.o(.text)
    RCC_AHB2PeriphClockCmd                   0x08001bb7   Thumb Code    78  stm32f4xx_rcc.o(.text)
    RCC_AHB3PeriphClockCmd                   0x08001c05   Thumb Code    34  stm32f4xx_rcc.o(.text)
    RCC_APB1PeriphClockCmd                   0x08001c27   Thumb Code    34  stm32f4xx_rcc.o(.text)
    RCC_APB2PeriphClockCmd                   0x08001c49   Thumb Code    34  stm32f4xx_rcc.o(.text)
    RCC_AHB1PeriphResetCmd                   0x08001c6b   Thumb Code    34  stm32f4xx_rcc.o(.text)
    RCC_AHB2PeriphResetCmd                   0x08001c8d   Thumb Code    34  stm32f4xx_rcc.o(.text)
    RCC_AHB3PeriphResetCmd                   0x08001caf   Thumb Code    34  stm32f4xx_rcc.o(.text)
    RCC_APB1PeriphResetCmd                   0x08001cd1   Thumb Code    34  stm32f4xx_rcc.o(.text)
    RCC_APB2PeriphResetCmd                   0x08001cf3   Thumb Code    34  stm32f4xx_rcc.o(.text)
    RCC_AHB1PeriphClockLPModeCmd             0x08001d15   Thumb Code    34  stm32f4xx_rcc.o(.text)
    RCC_AHB2PeriphClockLPModeCmd             0x08001d37   Thumb Code    34  stm32f4xx_rcc.o(.text)
    RCC_AHB3PeriphClockLPModeCmd             0x08001d59   Thumb Code    34  stm32f4xx_rcc.o(.text)
    RCC_APB1PeriphClockLPModeCmd             0x08001d7b   Thumb Code    34  stm32f4xx_rcc.o(.text)
    RCC_APB2PeriphClockLPModeCmd             0x08001d9d   Thumb Code    34  stm32f4xx_rcc.o(.text)
    RCC_ITConfig                             0x08001dbf   Thumb Code    34  stm32f4xx_rcc.o(.text)
    RCC_ClearFlag                            0x08001de1   Thumb Code    18  stm32f4xx_rcc.o(.text)
    RCC_GetITStatus                          0x08001df3   Thumb Code    22  stm32f4xx_rcc.o(.text)
    RCC_ClearITPendingBit                    0x08001e09   Thumb Code     8  stm32f4xx_rcc.o(.text)
    SPI_I2S_DeInit                           0x08001e15   Thumb Code   152  stm32f4xx_spi.o(.text)
    SPI_Init                                 0x08001ead   Thumb Code    60  stm32f4xx_spi.o(.text)
    I2S_Init                                 0x08001ee9   Thumb Code   350  stm32f4xx_spi.o(.text)
    SPI_StructInit                           0x08002047   Thumb Code    24  stm32f4xx_spi.o(.text)
    I2S_StructInit                           0x0800205f   Thumb Code    20  stm32f4xx_spi.o(.text)
    SPI_Cmd                                  0x08002073   Thumb Code    24  stm32f4xx_spi.o(.text)
    I2S_Cmd                                  0x0800208b   Thumb Code    24  stm32f4xx_spi.o(.text)
    SPI_DataSizeConfig                       0x080020a3   Thumb Code    18  stm32f4xx_spi.o(.text)
    SPI_BiDirectionalLineConfig              0x080020b5   Thumb Code    28  stm32f4xx_spi.o(.text)
    SPI_NSSInternalSoftwareConfig            0x080020d1   Thumb Code    30  stm32f4xx_spi.o(.text)
    SPI_SSOutputCmd                          0x080020ef   Thumb Code    24  stm32f4xx_spi.o(.text)
    SPI_TIModeCmd                            0x08002107   Thumb Code    24  stm32f4xx_spi.o(.text)
    I2S_FullDuplexConfig                     0x0800211f   Thumb Code    80  stm32f4xx_spi.o(.text)
    SPI_I2S_ReceiveData                      0x0800216f   Thumb Code     6  stm32f4xx_spi.o(.text)
    SPI_I2S_SendData                         0x08002175   Thumb Code     4  stm32f4xx_spi.o(.text)
    SPI_CalculateCRC                         0x08002179   Thumb Code    24  stm32f4xx_spi.o(.text)
    SPI_TransmitCRC                          0x08002191   Thumb Code    10  stm32f4xx_spi.o(.text)
    SPI_GetCRC                               0x0800219b   Thumb Code    16  stm32f4xx_spi.o(.text)
    SPI_GetCRCPolynomial                     0x080021ab   Thumb Code     6  stm32f4xx_spi.o(.text)
    SPI_I2S_DMACmd                           0x080021b1   Thumb Code    18  stm32f4xx_spi.o(.text)
    SPI_I2S_ITConfig                         0x080021c3   Thumb Code    32  stm32f4xx_spi.o(.text)
    SPI_I2S_GetFlagStatus                    0x080021e3   Thumb Code    50  stm32f4xx_spi.o(.text)
    SPI_I2S_ClearFlag                        0x08002215   Thumb Code     6  stm32f4xx_spi.o(.text)
    SPI_I2S_GetITStatus                      0x0800221b   Thumb Code    52  stm32f4xx_spi.o(.text)
    SPI_I2S_ClearITPendingBit                0x0800224f   Thumb Code    20  stm32f4xx_spi.o(.text)
    SYSCFG_DeInit                            0x08002265   Thumb Code    22  stm32f4xx_syscfg.o(.text)
    SYSCFG_MemoryRemapConfig                 0x0800227b   Thumb Code     6  stm32f4xx_syscfg.o(.text)
    SYSCFG_MemorySwappingBank                0x08002281   Thumb Code     6  stm32f4xx_syscfg.o(.text)
    SYSCFG_EXTILineConfig                    0x08002287   Thumb Code    66  stm32f4xx_syscfg.o(.text)
    SYSCFG_ETH_MediaInterfaceConfig          0x080022c9   Thumb Code     8  stm32f4xx_syscfg.o(.text)
    SYSCFG_CompensationCellCmd               0x080022d1   Thumb Code     6  stm32f4xx_syscfg.o(.text)
    SYSCFG_GetCompensationCellStatus         0x080022d7   Thumb Code    22  stm32f4xx_syscfg.o(.text)
    TIM_DeInit                               0x080022f9   Thumb Code   346  stm32f4xx_tim.o(.text)
    TIM_TimeBaseInit                         0x08002453   Thumb Code   104  stm32f4xx_tim.o(.text)
    TIM_TimeBaseStructInit                   0x080024bb   Thumb Code    18  stm32f4xx_tim.o(.text)
    TIM_PrescalerConfig                      0x080024cd   Thumb Code     6  stm32f4xx_tim.o(.text)
    TIM_CounterModeConfig                    0x080024d3   Thumb Code    18  stm32f4xx_tim.o(.text)
    TIM_SetCounter                           0x080024e5   Thumb Code     4  stm32f4xx_tim.o(.text)
    TIM_SetAutoreload                        0x080024e9   Thumb Code     4  stm32f4xx_tim.o(.text)
    TIM_GetCounter                           0x080024ed   Thumb Code     6  stm32f4xx_tim.o(.text)
    TIM_GetPrescaler                         0x080024f3   Thumb Code     6  stm32f4xx_tim.o(.text)
    TIM_UpdateDisableConfig                  0x080024f9   Thumb Code    24  stm32f4xx_tim.o(.text)
    TIM_UpdateRequestConfig                  0x08002511   Thumb Code    24  stm32f4xx_tim.o(.text)
    TIM_ARRPreloadConfig                     0x08002529   Thumb Code    24  stm32f4xx_tim.o(.text)
    TIM_SelectOnePulseMode                   0x08002541   Thumb Code    18  stm32f4xx_tim.o(.text)
    TIM_SetClockDivision                     0x08002553   Thumb Code    18  stm32f4xx_tim.o(.text)
    TIM_Cmd                                  0x08002565   Thumb Code    24  stm32f4xx_tim.o(.text)
    TIM_OC1Init                              0x0800257d   Thumb Code   114  stm32f4xx_tim.o(.text)
    TIM_OC2Init                              0x080025ef   Thumb Code   154  stm32f4xx_tim.o(.text)
    TIM_OC3Init                              0x08002689   Thumb Code   204  stm32f4xx_tim.o(.text)
    TIM_OC4Init                              0x08002755   Thumb Code   112  stm32f4xx_tim.o(.text)
    TIM_OCStructInit                         0x080027c5   Thumb Code    20  stm32f4xx_tim.o(.text)
    TIM_SelectOCxM                           0x080027d9   Thumb Code    86  stm32f4xx_tim.o(.text)
    TIM_SetCompare1                          0x0800282f   Thumb Code     4  stm32f4xx_tim.o(.text)
    TIM_SetCompare2                          0x08002833   Thumb Code     4  stm32f4xx_tim.o(.text)
    TIM_SetCompare3                          0x08002837   Thumb Code     4  stm32f4xx_tim.o(.text)
    TIM_SetCompare4                          0x0800283b   Thumb Code     4  stm32f4xx_tim.o(.text)
    TIM_ForcedOC1Config                      0x0800283f   Thumb Code    18  stm32f4xx_tim.o(.text)
    TIM_ForcedOC2Config                      0x08002851   Thumb Code    26  stm32f4xx_tim.o(.text)
    TIM_ForcedOC3Config                      0x0800286b   Thumb Code    18  stm32f4xx_tim.o(.text)
    TIM_ForcedOC4Config                      0x0800287d   Thumb Code    26  stm32f4xx_tim.o(.text)
    TIM_OC1PreloadConfig                     0x08002897   Thumb Code    18  stm32f4xx_tim.o(.text)
    TIM_OC2PreloadConfig                     0x080028a9   Thumb Code    26  stm32f4xx_tim.o(.text)
    TIM_OC3PreloadConfig                     0x080028c3   Thumb Code    18  stm32f4xx_tim.o(.text)
    TIM_OC4PreloadConfig                     0x080028d5   Thumb Code    26  stm32f4xx_tim.o(.text)
    TIM_OC1FastConfig                        0x080028ef   Thumb Code    18  stm32f4xx_tim.o(.text)
    TIM_OC2FastConfig                        0x08002901   Thumb Code    26  stm32f4xx_tim.o(.text)
    TIM_OC3FastConfig                        0x0800291b   Thumb Code    18  stm32f4xx_tim.o(.text)
    TIM_OC4FastConfig                        0x0800292d   Thumb Code    26  stm32f4xx_tim.o(.text)
    TIM_ClearOC1Ref                          0x08002947   Thumb Code    18  stm32f4xx_tim.o(.text)
    TIM_ClearOC2Ref                          0x08002959   Thumb Code    24  stm32f4xx_tim.o(.text)
    TIM_ClearOC3Ref                          0x08002971   Thumb Code    18  stm32f4xx_tim.o(.text)
    TIM_ClearOC4Ref                          0x08002983   Thumb Code    24  stm32f4xx_tim.o(.text)
    TIM_OC1PolarityConfig                    0x0800299b   Thumb Code    18  stm32f4xx_tim.o(.text)
    TIM_OC1NPolarityConfig                   0x080029ad   Thumb Code    18  stm32f4xx_tim.o(.text)
    TIM_OC2PolarityConfig                    0x080029bf   Thumb Code    26  stm32f4xx_tim.o(.text)
    TIM_OC2NPolarityConfig                   0x080029d9   Thumb Code    26  stm32f4xx_tim.o(.text)
    TIM_OC3PolarityConfig                    0x080029f3   Thumb Code    26  stm32f4xx_tim.o(.text)
    TIM_OC3NPolarityConfig                   0x08002a0d   Thumb Code    26  stm32f4xx_tim.o(.text)
    TIM_OC4PolarityConfig                    0x08002a27   Thumb Code    26  stm32f4xx_tim.o(.text)
    TIM_CCxCmd                               0x08002a41   Thumb Code    30  stm32f4xx_tim.o(.text)
    TIM_CCxNCmd                              0x08002a5f   Thumb Code    30  stm32f4xx_tim.o(.text)
    TIM_SetIC4Prescaler                      0x08002a7d   Thumb Code    26  stm32f4xx_tim.o(.text)
    TIM_SetIC3Prescaler                      0x08002ae7   Thumb Code    18  stm32f4xx_tim.o(.text)
    TIM_SetIC2Prescaler                      0x08002b41   Thumb Code    26  stm32f4xx_tim.o(.text)
    TIM_SetIC1Prescaler                      0x08002bb5   Thumb Code    18  stm32f4xx_tim.o(.text)
    TIM_ICInit                               0x08002c01   Thumb Code   110  stm32f4xx_tim.o(.text)
    TIM_ICStructInit                         0x08002c6f   Thumb Code    18  stm32f4xx_tim.o(.text)
    TIM_PWMIConfig                           0x08002c81   Thumb Code   124  stm32f4xx_tim.o(.text)
    TIM_GetCapture1                          0x08002cfd   Thumb Code     6  stm32f4xx_tim.o(.text)
    TIM_GetCapture2                          0x08002d03   Thumb Code     6  stm32f4xx_tim.o(.text)
    TIM_GetCapture3                          0x08002d09   Thumb Code     6  stm32f4xx_tim.o(.text)
    TIM_GetCapture4                          0x08002d0f   Thumb Code     6  stm32f4xx_tim.o(.text)
    TIM_BDTRConfig                           0x08002d15   Thumb Code    32  stm32f4xx_tim.o(.text)
    TIM_BDTRStructInit                       0x08002d35   Thumb Code    18  stm32f4xx_tim.o(.text)
    TIM_CtrlPWMOutputs                       0x08002d47   Thumb Code    30  stm32f4xx_tim.o(.text)
    TIM_SelectCOM                            0x08002d65   Thumb Code    24  stm32f4xx_tim.o(.text)
    TIM_CCPreloadControl                     0x08002d7d   Thumb Code    24  stm32f4xx_tim.o(.text)
    TIM_ITConfig                             0x08002d95   Thumb Code    18  stm32f4xx_tim.o(.text)
    TIM_GenerateEvent                        0x08002da7   Thumb Code     4  stm32f4xx_tim.o(.text)
    TIM_GetFlagStatus                        0x08002dab   Thumb Code    18  stm32f4xx_tim.o(.text)
    TIM_ClearFlag                            0x08002dbd   Thumb Code     6  stm32f4xx_tim.o(.text)
    TIM_GetITStatus                          0x08002dc3   Thumb Code    34  stm32f4xx_tim.o(.text)
    TIM_ClearITPendingBit                    0x08002de5   Thumb Code     6  stm32f4xx_tim.o(.text)
    TIM_DMAConfig                            0x08002deb   Thumb Code    10  stm32f4xx_tim.o(.text)
    TIM_DMACmd                               0x08002df5   Thumb Code    18  stm32f4xx_tim.o(.text)
    TIM_SelectCCDMA                          0x08002e07   Thumb Code    24  stm32f4xx_tim.o(.text)
    TIM_InternalClockConfig                  0x08002e1f   Thumb Code    12  stm32f4xx_tim.o(.text)
    TIM_SelectInputTrigger                   0x08002e2b   Thumb Code    18  stm32f4xx_tim.o(.text)
    TIM_ITRxExternalClockConfig              0x08002e3d   Thumb Code    24  stm32f4xx_tim.o(.text)
    TIM_TIxExternalClockConfig               0x08002e55   Thumb Code    62  stm32f4xx_tim.o(.text)
    TIM_ETRConfig                            0x08002e93   Thumb Code    28  stm32f4xx_tim.o(.text)
    TIM_ETRClockMode1Config                  0x08002eaf   Thumb Code    54  stm32f4xx_tim.o(.text)
    TIM_ETRClockMode2Config                  0x08002ee5   Thumb Code    32  stm32f4xx_tim.o(.text)
    TIM_SelectOutputTrigger                  0x08002f05   Thumb Code    18  stm32f4xx_tim.o(.text)
    TIM_SelectSlaveMode                      0x08002f17   Thumb Code    18  stm32f4xx_tim.o(.text)
    TIM_SelectMasterSlaveMode                0x08002f29   Thumb Code    18  stm32f4xx_tim.o(.text)
    TIM_EncoderInterfaceConfig               0x08002f3b   Thumb Code    66  stm32f4xx_tim.o(.text)
    TIM_SelectHallSensor                     0x08002f7d   Thumb Code    24  stm32f4xx_tim.o(.text)
    TIM_RemapConfig                          0x08002f95   Thumb Code     6  stm32f4xx_tim.o(.text)
    Reset_Handler                            0x08002f9d   Thumb Code     8  startup_stm32f40_41xxx.o(.text)
    NMI_Handler                              0x08002fa5   Thumb Code     2  startup_stm32f40_41xxx.o(.text)
    HardFault_Handler                        0x08002fa7   Thumb Code     2  startup_stm32f40_41xxx.o(.text)
    MemManage_Handler                        0x08002fa9   Thumb Code     2  startup_stm32f40_41xxx.o(.text)
    BusFault_Handler                         0x08002fab   Thumb Code     2  startup_stm32f40_41xxx.o(.text)
    UsageFault_Handler                       0x08002fad   Thumb Code     2  startup_stm32f40_41xxx.o(.text)
    DebugMon_Handler                         0x08002fb1   Thumb Code     2  startup_stm32f40_41xxx.o(.text)
    ADC_IRQHandler                           0x08002fb7   Thumb Code     0  startup_stm32f40_41xxx.o(.text)
    CAN1_RX0_IRQHandler                      0x08002fb7   Thumb Code     0  startup_stm32f40_41xxx.o(.text)
    CAN1_RX1_IRQHandler                      0x08002fb7   Thumb Code     0  startup_stm32f40_41xxx.o(.text)
    CAN1_SCE_IRQHandler                      0x08002fb7   Thumb Code     0  startup_stm32f40_41xxx.o(.text)
    CAN1_TX_IRQHandler                       0x08002fb7   Thumb Code     0  startup_stm32f40_41xxx.o(.text)
    CAN2_RX0_IRQHandler                      0x08002fb7   Thumb Code     0  startup_stm32f40_41xxx.o(.text)
    CAN2_RX1_IRQHandler                      0x08002fb7   Thumb Code     0  startup_stm32f40_41xxx.o(.text)
    CAN2_SCE_IRQHandler                      0x08002fb7   Thumb Code     0  startup_stm32f40_41xxx.o(.text)
    CAN2_TX_IRQHandler                       0x08002fb7   Thumb Code     0  startup_stm32f40_41xxx.o(.text)
    CRYP_IRQHandler                          0x08002fb7   Thumb Code     0  startup_stm32f40_41xxx.o(.text)
    DCMI_IRQHandler                          0x08002fb7   Thumb Code     0  startup_stm32f40_41xxx.o(.text)
    DMA1_Stream0_IRQHandler                  0x08002fb7   Thumb Code     0  startup_stm32f40_41xxx.o(.text)
    DMA1_Stream1_IRQHandler                  0x08002fb7   Thumb Code     0  startup_stm32f40_41xxx.o(.text)
    DMA1_Stream2_IRQHandler                  0x08002fb7   Thumb Code     0  startup_stm32f40_41xxx.o(.text)
    DMA1_Stream3_IRQHandler                  0x08002fb7   Thumb Code     0  startup_stm32f40_41xxx.o(.text)
    DMA1_Stream4_IRQHandler                  0x08002fb7   Thumb Code     0  startup_stm32f40_41xxx.o(.text)
    DMA1_Stream5_IRQHandler                  0x08002fb7   Thumb Code     0  startup_stm32f40_41xxx.o(.text)
    DMA1_Stream6_IRQHandler                  0x08002fb7   Thumb Code     0  startup_stm32f40_41xxx.o(.text)
    DMA1_Stream7_IRQHandler                  0x08002fb7   Thumb Code     0  startup_stm32f40_41xxx.o(.text)
    DMA2_Stream0_IRQHandler                  0x08002fb7   Thumb Code     0  startup_stm32f40_41xxx.o(.text)
    DMA2_Stream1_IRQHandler                  0x08002fb7   Thumb Code     0  startup_stm32f40_41xxx.o(.text)
    DMA2_Stream2_IRQHandler                  0x08002fb7   Thumb Code     0  startup_stm32f40_41xxx.o(.text)
    DMA2_Stream3_IRQHandler                  0x08002fb7   Thumb Code     0  startup_stm32f40_41xxx.o(.text)
    DMA2_Stream4_IRQHandler                  0x08002fb7   Thumb Code     0  startup_stm32f40_41xxx.o(.text)
    DMA2_Stream5_IRQHandler                  0x08002fb7   Thumb Code     0  startup_stm32f40_41xxx.o(.text)
    DMA2_Stream6_IRQHandler                  0x08002fb7   Thumb Code     0  startup_stm32f40_41xxx.o(.text)
    DMA2_Stream7_IRQHandler                  0x08002fb7   Thumb Code     0  startup_stm32f40_41xxx.o(.text)
    ETH_IRQHandler                           0x08002fb7   Thumb Code     0  startup_stm32f40_41xxx.o(.text)
    ETH_WKUP_IRQHandler                      0x08002fb7   Thumb Code     0  startup_stm32f40_41xxx.o(.text)
    EXTI15_10_IRQHandler                     0x08002fb7   Thumb Code     0  startup_stm32f40_41xxx.o(.text)
    EXTI2_IRQHandler                         0x08002fb7   Thumb Code     0  startup_stm32f40_41xxx.o(.text)
    EXTI3_IRQHandler                         0x08002fb7   Thumb Code     0  startup_stm32f40_41xxx.o(.text)
    EXTI4_IRQHandler                         0x08002fb7   Thumb Code     0  startup_stm32f40_41xxx.o(.text)
    EXTI9_5_IRQHandler                       0x08002fb7   Thumb Code     0  startup_stm32f40_41xxx.o(.text)
    FLASH_IRQHandler                         0x08002fb7   Thumb Code     0  startup_stm32f40_41xxx.o(.text)
    FPU_IRQHandler                           0x08002fb7   Thumb Code     0  startup_stm32f40_41xxx.o(.text)
    FSMC_IRQHandler                          0x08002fb7   Thumb Code     0  startup_stm32f40_41xxx.o(.text)
    HASH_RNG_IRQHandler                      0x08002fb7   Thumb Code     0  startup_stm32f40_41xxx.o(.text)
    I2C1_ER_IRQHandler                       0x08002fb7   Thumb Code     0  startup_stm32f40_41xxx.o(.text)
    I2C1_EV_IRQHandler                       0x08002fb7   Thumb Code     0  startup_stm32f40_41xxx.o(.text)
    I2C2_ER_IRQHandler                       0x08002fb7   Thumb Code     0  startup_stm32f40_41xxx.o(.text)
    I2C2_EV_IRQHandler                       0x08002fb7   Thumb Code     0  startup_stm32f40_41xxx.o(.text)
    I2C3_ER_IRQHandler                       0x08002fb7   Thumb Code     0  startup_stm32f40_41xxx.o(.text)
    I2C3_EV_IRQHandler                       0x08002fb7   Thumb Code     0  startup_stm32f40_41xxx.o(.text)
    OTG_FS_IRQHandler                        0x08002fb7   Thumb Code     0  startup_stm32f40_41xxx.o(.text)
    OTG_FS_WKUP_IRQHandler                   0x08002fb7   Thumb Code     0  startup_stm32f40_41xxx.o(.text)
    OTG_HS_EP1_IN_IRQHandler                 0x08002fb7   Thumb Code     0  startup_stm32f40_41xxx.o(.text)
    OTG_HS_EP1_OUT_IRQHandler                0x08002fb7   Thumb Code     0  startup_stm32f40_41xxx.o(.text)
    OTG_HS_IRQHandler                        0x08002fb7   Thumb Code     0  startup_stm32f40_41xxx.o(.text)
    OTG_HS_WKUP_IRQHandler                   0x08002fb7   Thumb Code     0  startup_stm32f40_41xxx.o(.text)
    PVD_IRQHandler                           0x08002fb7   Thumb Code     0  startup_stm32f40_41xxx.o(.text)
    RCC_IRQHandler                           0x08002fb7   Thumb Code     0  startup_stm32f40_41xxx.o(.text)
    RTC_Alarm_IRQHandler                     0x08002fb7   Thumb Code     0  startup_stm32f40_41xxx.o(.text)
    RTC_WKUP_IRQHandler                      0x08002fb7   Thumb Code     0  startup_stm32f40_41xxx.o(.text)
    SDIO_IRQHandler                          0x08002fb7   Thumb Code     0  startup_stm32f40_41xxx.o(.text)
    SPI1_IRQHandler                          0x08002fb7   Thumb Code     0  startup_stm32f40_41xxx.o(.text)
    SPI2_IRQHandler                          0x08002fb7   Thumb Code     0  startup_stm32f40_41xxx.o(.text)
    SPI3_IRQHandler                          0x08002fb7   Thumb Code     0  startup_stm32f40_41xxx.o(.text)
    TAMP_STAMP_IRQHandler                    0x08002fb7   Thumb Code     0  startup_stm32f40_41xxx.o(.text)
    TIM1_BRK_TIM9_IRQHandler                 0x08002fb7   Thumb Code     0  startup_stm32f40_41xxx.o(.text)
    TIM1_CC_IRQHandler                       0x08002fb7   Thumb Code     0  startup_stm32f40_41xxx.o(.text)
    TIM1_TRG_COM_TIM11_IRQHandler            0x08002fb7   Thumb Code     0  startup_stm32f40_41xxx.o(.text)
    TIM1_UP_TIM10_IRQHandler                 0x08002fb7   Thumb Code     0  startup_stm32f40_41xxx.o(.text)
    TIM4_IRQHandler                          0x08002fb7   Thumb Code     0  startup_stm32f40_41xxx.o(.text)
    TIM5_IRQHandler                          0x08002fb7   Thumb Code     0  startup_stm32f40_41xxx.o(.text)
    TIM6_DAC_IRQHandler                      0x08002fb7   Thumb Code     0  startup_stm32f40_41xxx.o(.text)
    TIM7_IRQHandler                          0x08002fb7   Thumb Code     0  startup_stm32f40_41xxx.o(.text)
    TIM8_BRK_TIM12_IRQHandler                0x08002fb7   Thumb Code     0  startup_stm32f40_41xxx.o(.text)
    TIM8_CC_IRQHandler                       0x08002fb7   Thumb Code     0  startup_stm32f40_41xxx.o(.text)
    TIM8_TRG_COM_TIM14_IRQHandler            0x08002fb7   Thumb Code     0  startup_stm32f40_41xxx.o(.text)
    TIM8_UP_TIM13_IRQHandler                 0x08002fb7   Thumb Code     0  startup_stm32f40_41xxx.o(.text)
    UART4_IRQHandler                         0x08002fb7   Thumb Code     0  startup_stm32f40_41xxx.o(.text)
    UART5_IRQHandler                         0x08002fb7   Thumb Code     0  startup_stm32f40_41xxx.o(.text)
    USART1_IRQHandler                        0x08002fb7   Thumb Code     0  startup_stm32f40_41xxx.o(.text)
    USART2_IRQHandler                        0x08002fb7   Thumb Code     0  startup_stm32f40_41xxx.o(.text)
    USART3_IRQHandler                        0x08002fb7   Thumb Code     0  startup_stm32f40_41xxx.o(.text)
    USART6_IRQHandler                        0x08002fb7   Thumb Code     0  startup_stm32f40_41xxx.o(.text)
    WWDG_IRQHandler                          0x08002fb7   Thumb Code     0  startup_stm32f40_41xxx.o(.text)
    SystemInit                               0x0800309d   Thumb Code    88  system_stm32f4xx.o(.text)
    SystemCoreClockUpdate                    0x080030f5   Thumb Code   174  system_stm32f4xx.o(.text)
    __aeabi_uldivmod                         0x080031d1   Thumb Code    98  uldiv.o(.text)
    __aeabi_dadd                             0x08003233   Thumb Code   322  dadd.o(.text)
    __aeabi_dsub                             0x08003375   Thumb Code     6  dadd.o(.text)
    __aeabi_drsub                            0x0800337b   Thumb Code     6  dadd.o(.text)
    __aeabi_dmul                             0x08003381   Thumb Code   228  dmul.o(.text)
    __aeabi_ddiv                             0x08003465   Thumb Code   222  ddiv.o(.text)
    __aeabi_f2d                              0x08003543   Thumb Code    38  f2d.o(.text)
    __aeabi_d2f                              0x08003569   Thumb Code    56  d2f.o(.text)
    __aeabi_uidiv                            0x080035a1   Thumb Code     0  uidiv.o(.text)
    __aeabi_uidivmod                         0x080035a1   Thumb Code    44  uidiv.o(.text)
    __aeabi_llsl                             0x080035cd   Thumb Code    30  llshl.o(.text)
    _ll_shift_l                              0x080035cd   Thumb Code     0  llshl.o(.text)
    __aeabi_llsr                             0x080035eb   Thumb Code    32  llushr.o(.text)
    _ll_ushift_r                             0x080035eb   Thumb Code     0  llushr.o(.text)
    __aeabi_lasr                             0x0800360b   Thumb Code    36  llsshr.o(.text)
    _ll_sshift_r                             0x0800360b   Thumb Code     0  llsshr.o(.text)
    __I$use$fp                               0x0800362f   Thumb Code     0  iusefp.o(.text)
    _float_round                             0x0800362f   Thumb Code    18  fepilogue.o(.text)
    _float_epilogue                          0x08003641   Thumb Code    92  fepilogue.o(.text)
    _double_round                            0x0800369d   Thumb Code    30  depilogue.o(.text)
    _double_epilogue                         0x080036bb   Thumb Code   156  depilogue.o(.text)
    __aeabi_d2ulz                            0x08003757   Thumb Code    48  dfixul.o(.text)
    __aeabi_cdrcmple                         0x08003789   Thumb Code    48  cdrcmple.o(.text)
    __scatterload                            0x080037b9   Thumb Code    28  init.o(.text)
    __scatterload_rt2                        0x080037b9   Thumb Code     0  init.o(.text)
    SVC_Count                                0x080037dc   Data           4  svc_table.o(SVC_TABLE)
    SVC_Table                                0x080037e0   Data           0  svc_table.o(SVC_TABLE)
    __0printf                                0x080037e1   Thumb Code    22  printfa.o(i.__0printf)
    __1printf                                0x080037e1   Thumb Code     0  printfa.o(i.__0printf)
    __2printf                                0x080037e1   Thumb Code     0  printfa.o(i.__0printf)
    __c89printf                              0x080037e1   Thumb Code     0  printfa.o(i.__0printf)
    printf                                   0x080037e1   Thumb Code     0  printfa.o(i.__0printf)
    __scatterload_copy                       0x08003801   Thumb Code    14  handlers.o(i.__scatterload_copy)
    __scatterload_null                       0x0800380f   Thumb Code     2  handlers.o(i.__scatterload_null)
    __scatterload_zeroinit                   0x08003811   Thumb Code    14  handlers.o(i.__scatterload_zeroinit)
    _init_box                                0x08003985   Thumb Code    70  rt_membox.o(i._init_box)
    dbg_init                                 0x080040fd   Thumb Code    34  hal_cm.o(i.dbg_init)
    dbg_task_notify                          0x0800412d   Thumb Code    32  hal_cm.o(i.dbg_task_notify)
    dbg_task_switch                          0x0800414d   Thumb Code    16  hal_cm.o(i.dbg_task_switch)
    isrMessageGet                            0x0800415d   Thumb Code    42  rt_cmsis.o(i.isrMessageGet)
    isrMessagePut                            0x08004187   Thumb Code    44  rt_cmsis.o(i.isrMessagePut)
    isrSignalSet                             0x080041b3   Thumb Code    36  rt_cmsis.o(i.isrSignalSet)
    isr_evt_set                              0x080041d9   Thumb Code    34  rt_event.o(i.isr_evt_set)
    isr_mbx_receive                          0x08004201   Thumb Code    82  rt_mailbox.o(i.isr_mbx_receive)
    isr_mbx_send                             0x08004253   Thumb Code    14  rt_mailbox.o(i.isr_mbx_send)
    osDelay                                  0x08004261   Thumb Code    18  rt_cmsis.o(i.osDelay)
    osKernelInitialize                       0x08004279   Thumb Code    30  rt_cmsis.o(i.osKernelInitialize)
    osKernelStart                            0x0800429d   Thumb Code    98  rt_cmsis.o(i.osKernelStart)
    osMessageGet                             0x08004309   Thumb Code    18  rt_cmsis.o(i.osMessageGet)
    osSignalSet                              0x08004321   Thumb Code    18  rt_cmsis.o(i.osSignalSet)
    osThreadCreate                           0x08004339   Thumb Code    38  rt_cmsis.o(i.osThreadCreate)
    osThreadExit                             0x08004369   Thumb Code    14  rt_cmsis.o(i.osThreadExit)
    osTimerCall                              0x08004381   Thumb Code     8  rt_cmsis.o(i.osTimerCall)
    osTimerThread                            0x0800438d   Thumb Code    38  rt_cmsis.o(i.osTimerThread)
    os_tick_init                             0x080043b9   Thumb Code    32  rt_system.o(i.os_tick_init)
    os_tick_irqack                           0x080043e1   Thumb Code     2  rt_system.o(i.os_tick_irqack)
    rt_alloc_box                             0x080043e3   Thumb Code    26  rt_membox.o(i.rt_alloc_box)
    rt_alloc_mem                             0x080043fd   Thumb Code    62  rt_memory.o(i.rt_alloc_mem)
    rt_block                                 0x0800443d   Thumb Code    48  rt_task.o(i.rt_block)
    rt_chk_robin                             0x08004475   Thumb Code    60  rt_robin.o(i.rt_chk_robin)
    rt_dec_dly                               0x080044bd   Thumb Code   102  rt_list.o(i.rt_dec_dly)
    rt_dispatch                              0x0800452d   Thumb Code    60  rt_task.o(i.rt_dispatch)
    rt_dly_wait                              0x08004571   Thumb Code     6  rt_time.o(i.rt_dly_wait)
    rt_evt_psh                               0x08004579   Thumb Code    76  rt_event.o(i.rt_evt_psh)
    rt_evt_set                               0x080045c9   Thumb Code    88  rt_event.o(i.rt_evt_set)
    rt_free_box                              0x08004625   Thumb Code    44  rt_membox.o(i.rt_free_box)
    rt_free_mem                              0x08004651   Thumb Code    40  rt_memory.o(i.rt_free_mem)
    rt_get_first                             0x08004679   Thumb Code    40  rt_list.o(i.rt_get_first)
    rt_init_mem                              0x080046f1   Thumb Code    26  rt_memory.o(i.rt_init_mem)
    rt_init_robin                            0x0800470d   Thumb Code    14  rt_robin.o(i.rt_init_robin)
    rt_init_stack                            0x08004725   Thumb Code   118  hal_cm.o(i.rt_init_stack)
    rt_mbx_check                             0x080047a5   Thumb Code     8  rt_mailbox.o(i.rt_mbx_check)
    rt_mbx_init                              0x080047ad   Thumb Code    26  rt_mailbox.o(i.rt_mbx_init)
    rt_mbx_psh                               0x080047c9   Thumb Code   236  rt_mailbox.o(i.rt_mbx_psh)
    rt_mbx_wait                              0x080048b9   Thumb Code   174  rt_mailbox.o(i.rt_mbx_wait)
    rt_pop_req                               0x080049b1   Thumb Code   112  rt_system.o(i.rt_pop_req)
    rt_psh_req                               0x08004a2d   Thumb Code    22  rt_system.o(i.rt_psh_req)
    rt_psq_enq                               0x08004a4d   Thumb Code    88  rt_list.o(i.rt_psq_enq)
    rt_put_dly                               0x08004aa9   Thumb Code    68  rt_list.o(i.rt_put_dly)
    rt_put_prio                              0x08004af1   Thumb Code    54  rt_list.o(i.rt_put_prio)
    rt_put_rdy_first                         0x08004b29   Thumb Code    14  rt_list.o(i.rt_put_rdy_first)
    rt_resort_prio                           0x08004b3d   Thumb Code    46  rt_list.o(i.rt_resort_prio)
    rt_ret_val                               0x08004b81   Thumb Code    12  hal_cm.o(i.rt_ret_val)
    rt_ret_val2                              0x08004b8d   Thumb Code    16  hal_cm.o(i.rt_ret_val2)
    rt_rmv_dly                               0x08004b9d   Thumb Code    40  rt_list.o(i.rt_rmv_dly)
    rt_rmv_list                              0x08004bc5   Thumb Code    44  rt_list.o(i.rt_rmv_list)
    rt_sem_psh                               0x08004bf5   Thumb Code    48  rt_semaphore.o(i.rt_sem_psh)
    rt_stk_check                             0x08004c29   Thumb Code    28  rt_system.o(i.rt_stk_check)
    rt_switch_req                            0x08004c4d   Thumb Code    30  rt_task.o(i.rt_switch_req)
    rt_sys_init                              0x08004c75   Thumb Code   138  rt_task.o(i.rt_sys_init)
    rt_sys_start                             0x08004d41   Thumb Code   110  rt_task.o(i.rt_sys_start)
    rt_systick                               0x08004db9   Thumb Code    50  rt_system.o(i.rt_systick)
    rt_tsk_create                            0x08004e41   Thumb Code   120  rt_task.o(i.rt_tsk_create)
    rt_tsk_delete                            0x08004ec9   Thumb Code   346  rt_task.o(i.rt_tsk_delete)
    rt_tsk_prio                              0x08005041   Thumb Code   108  rt_task.o(i.rt_tsk_prio)
    rt_tsk_self                              0x080050bd   Thumb Code    12  rt_task.o(i.rt_tsk_self)
    svcDelay                                 0x080050cd   Thumb Code    18  rt_cmsis.o(i.svcDelay)
    svcKernelInitialize                      0x080050e1   Thumb Code    80  rt_cmsis.o(i.svcKernelInitialize)
    svcKernelStart                           0x08005151   Thumb Code    62  rt_cmsis.o(i.svcKernelStart)
    svcMessageCreate                         0x08005199   Thumb Code    36  rt_cmsis.o(i.svcMessageCreate)
    svcMessageGet                            0x080051bd   Thumb Code    58  rt_cmsis.o(i.svcMessageGet)
    svcSignalSet                             0x080051f7   Thumb Code    36  rt_cmsis.o(i.svcSignalSet)
    svcThreadCreate                          0x0800521d   Thumb Code   100  rt_cmsis.o(i.svcThreadCreate)
    svcThreadGetId                           0x0800528d   Thumb Code    22  rt_cmsis.o(i.svcThreadGetId)
    svcThreadTerminate                       0x080052a9   Thumb Code    50  rt_cmsis.o(i.svcThreadTerminate)
    svcTimerCall                             0x080052e1   Thumb Code    24  rt_cmsis.o(i.svcTimerCall)
    sysTimerTick                             0x080052f9   Thumb Code    84  rt_cmsis.o(i.sysTimerTick)
    os_maxtaskrun                            0x08005354   Data           2  rtx_conf_cm.o(.constdata)
    os_stackinfo                             0x08005358   Data           4  rtx_conf_cm.o(.constdata)
    os_rrobin                                0x0800535c   Data           4  rtx_conf_cm.o(.constdata)
    os_tickfreq                              0x08005360   Data           4  rtx_conf_cm.o(.constdata)
    os_tickus_i                              0x08005364   Data           2  rtx_conf_cm.o(.constdata)
    os_tickus_f                              0x08005366   Data           2  rtx_conf_cm.o(.constdata)
    os_trv                                   0x08005368   Data           4  rtx_conf_cm.o(.constdata)
    os_flags                                 0x0800536c   Data           1  rtx_conf_cm.o(.constdata)
    CMSIS_RTOS_API_Version                   0x08005370   Data           4  rtx_conf_cm.o(.constdata)
    CMSIS_RTOS_RTX_Version                   0x08005374   Data           4  rtx_conf_cm.o(.constdata)
    os_clockrate                             0x08005378   Data           4  rtx_conf_cm.o(.constdata)
    os_timernum                              0x0800537c   Data           4  rtx_conf_cm.o(.constdata)
    mp_tcb_size                              0x08005380   Data           2  rtx_conf_cm.o(.constdata)
    mp_stk_size                              0x08005384   Data           4  rtx_conf_cm.o(.constdata)
    os_stack_sz                              0x08005388   Data           4  rtx_conf_cm.o(.constdata)
    os_fifo_size                             0x0800538c   Data           1  rtx_conf_cm.o(.constdata)
    os_thread_def_osTimerThread              0x08005390   Data          16  rtx_conf_cm.o(.constdata)
    os_messageQ_def_osTimerMessageQ          0x080053a0   Data           8  rtx_conf_cm.o(.constdata)
    mp_tmr_size                              0x080053a8   Data           2  rtx_conf_cm.o(.constdata)
    Region$$Table$$Base                      0x080053ac   Number         0  anon$$obj.o(Region$$Table)
    Region$$Table$$Limit                     0x080053cc   Number         0  anon$$obj.o(Region$$Table)
    Blinky_thread                            0x20000000   Data           4  main.o(.data)
    Temp_thread                              0x20000004   Data           4  main.o(.data)
    Acc_thread                               0x20000008   Data           4  main.o(.data)
    Gyro_thread                              0x2000000c   Data           4  main.o(.data)
    Display_controller_thread                0x20000010   Data           4  main.o(.data)
    Keypad_thread                            0x20000014   Data           4  main.o(.data)
    int0                                     0x20000018   Data           4  main.o(.data)
    int1                                     0x2000001c   Data           4  main.o(.data)
    LSM9DS1Timeout                           0x20000020   Data           4  lsm9ds1.o(.data)
    osThreadId_osTimerThread                 0x20000024   Data           4  rtx_conf_cm.o(.data)
    osMessageQId_osTimerMessageQ             0x20000028   Data           4  rtx_conf_cm.o(.data)
    os_tmr                                   0x2000002c   Data           4  rtx_conf_cm.o(.data)
    m_tmr                                    0x20000030   Data           4  rtx_conf_cm.o(.data)
    os_thread_def_main                       0x20000034   Data          16  rtx_conf_cm.o(.data)
    SystemCoreClock                          0x20000054   Data           4  system_stm32f4xx.o(.data)
    AHBPrescTable                            0x20000058   Data          16  system_stm32f4xx.o(.data)
    os_initialized                           0x20000068   Data           1  rt_cmsis.o(.data)
    os_running                               0x20000069   Data           1  rt_cmsis.o(.data)
    os_timer_head                            0x2000006c   Data           4  rt_cmsis.o(.data)
    os_tsk                                   0x20000070   Data           8  rt_task.o(.data)
    os_tick_irqn                             0x2000007c   Data           4  rt_system.o(.data)
    os_time                                  0x20000080   Data           4  rt_time.o(.data)
    dbg_msg                                  0x20000084   Data           1  hal_cm.o(.data)
    os_robin                                 0x20000088   Data           8  rt_robin.o(.data)
    __stdout                                 0x20000090   Data           4  stdout.o(.data)
    mp_tcb                                   0x20000098   Data         376  rtx_conf_cm.o(.bss)
    mp_stk                                   0x20000210   Data       12016  rtx_conf_cm.o(.bss)
    os_stack_mem                             0x20003100   Data         432  rtx_conf_cm.o(.bss)
    os_fifo                                  0x200032b0   Data         132  rtx_conf_cm.o(.bss)
    os_active_TCB                            0x20003334   Data          28  rtx_conf_cm.o(.bss)
    os_messageQ_q_osTimerMessageQ            0x20003350   Data          32  rtx_conf_cm.o(.bss)
    os_idle_TCB                              0x20003370   Data          52  rt_task.o(.bss)
    os_rdy                                   0x200033a4   Data          24  rt_list.o(.bss)
    os_dly                                   0x200033bc   Data          24  rt_list.o(.bss)
    __initial_sp                             0x200037d8   Data           0  startup_stm32f40_41xxx.o(STACK)



==============================================================================

Memory Map of the image

  Image Entry point : 0x08000189

  Load Region LR_IROM1 (Base: 0x08000000, Size: 0x00005460, Max: 0x00100000, ABSOLUTE)

    Execution Region ER_IROM1 (Base: 0x08000000, Size: 0x000053cc, Max: 0x00100000, ABSOLUTE)

    Base Addr    Size         Type   Attr      Idx    E Section Name        Object

    0x08000000   0x00000188   Data   RO         1246    RESET               startup_stm32f40_41xxx.o
    0x08000188   0x00000000   Code   RO         2524  * .ARM.Collect$$$$00000000  mc_w.l(entry.o)
    0x08000188   0x00000004   Code   RO         2837    .ARM.Collect$$$$00000001  mc_w.l(entry2.o)
    0x0800018c   0x00000004   Code   RO         2840    .ARM.Collect$$$$00000004  mc_w.l(entry5.o)
    0x08000190   0x00000000   Code   RO         2842    .ARM.Collect$$$$00000008  mc_w.l(entry7b.o)
    0x08000190   0x00000000   Code   RO         2844    .ARM.Collect$$$$0000000A  mc_w.l(entry8b.o)
    0x08000190   0x00000000   Code   RO         2845    .ARM.Collect$$$$0000000D  mc_w.l(entry10a.o)
    0x08000190   0x00000000   Code   RO         2847    .ARM.Collect$$$$0000000F  mc_w.l(entry11a.o)
    0x08000190   0x00000018   Code   RO          466    .ARM.Collect$$$$000000FF  rtx_conf_cm.o
    0x080001a8   0x00000004   Code   RO         2838    .ARM.Collect$$$$00002712  mc_w.l(entry2.o)
    0x080001ac   0x00000198   Code   RO         2487    .emb_text           RTX_CM4.lib(hal_cm4.o)
    0x08000344   0x0000014c   Code   RO            4    .text               main.o
    0x08000490   0x00000038   Code   RO          187    .text               fputc_debug.o
    0x080004c8   0x00000418   Code   RO          293    .text               initialization.o
    0x080008e0   0x000005f8   Code   RO          415    .text               lsm9ds1.o
    0x08000ed8   0x0000001e   Code   RO          467    .text               rtx_conf_cm.o
    0x08000ef6   0x00000002   PAD
    0x08000ef8   0x000000e0   Code   RO          501    .text               misc.o
    0x08000fd8   0x00000464   Code   RO          525    .text               stm32f4xx_adc.o
    0x0800143c   0x00000110   Code   RO          789    .text               stm32f4xx_exti.o
    0x0800154c   0x00000294   Code   RO          861    .text               stm32f4xx_gpio.o
    0x080017e0   0x00000634   Code   RO         1029    .text               stm32f4xx_rcc.o
    0x08001e14   0x0000044e   Code   RO         1127    .text               stm32f4xx_spi.o
    0x08002262   0x00000002   PAD
    0x08002264   0x00000094   Code   RO         1151    .text               stm32f4xx_syscfg.o
    0x080022f8   0x00000ca2   Code   RO         1175    .text               stm32f4xx_tim.o
    0x08002f9a   0x00000002   PAD
    0x08002f9c   0x00000024   Code   RO         1247    .text               startup_stm32f40_41xxx.o
    0x08002fc0   0x00000210   Code   RO         1254    .text               system_stm32f4xx.o
    0x080031d0   0x00000062   Code   RO         2527    .text               mc_w.l(uldiv.o)
    0x08003232   0x0000014e   Code   RO         2790    .text               mf_w.l(dadd.o)
    0x08003380   0x000000e4   Code   RO         2792    .text               mf_w.l(dmul.o)
    0x08003464   0x000000de   Code   RO         2794    .text               mf_w.l(ddiv.o)
    0x08003542   0x00000026   Code   RO         2798    .text               mf_w.l(f2d.o)
    0x08003568   0x00000038   Code   RO         2800    .text               mf_w.l(d2f.o)
    0x080035a0   0x0000002c   Code   RO         2850    .text               mc_w.l(uidiv.o)
    0x080035cc   0x0000001e   Code   RO         2852    .text               mc_w.l(llshl.o)
    0x080035ea   0x00000020   Code   RO         2854    .text               mc_w.l(llushr.o)
    0x0800360a   0x00000024   Code   RO         2856    .text               mc_w.l(llsshr.o)
    0x0800362e   0x00000000   Code   RO         2865    .text               mc_w.l(iusefp.o)
    0x0800362e   0x0000006e   Code   RO         2866    .text               mf_w.l(fepilogue.o)
    0x0800369c   0x000000ba   Code   RO         2868    .text               mf_w.l(depilogue.o)
    0x08003756   0x00000030   Code   RO         2874    .text               mf_w.l(dfixul.o)
    0x08003786   0x00000002   PAD
    0x08003788   0x00000030   Code   RO         2878    .text               mf_w.l(cdrcmple.o)
    0x080037b8   0x00000024   Code   RO         2884    .text               mc_w.l(init.o)
    0x080037dc   0x00000004   Code   RO         2497    SVC_TABLE           RTX_CM4.lib(svc_table.o)
    0x080037e0   0x00000020   Code   RO         2762    i.__0printf         mc_w.l(printfa.o)
    0x08003800   0x0000000e   Code   RO         2888    i.__scatterload_copy  mc_w.l(handlers.o)
    0x0800380e   0x00000002   Code   RO         2889    i.__scatterload_null  mc_w.l(handlers.o)
    0x08003810   0x0000000e   Code   RO         2890    i.__scatterload_zeroinit  mc_w.l(handlers.o)
    0x0800381e   0x00000002   PAD
    0x08003820   0x00000164   Code   RO         2769    i._fp_digits        mc_w.l(printfa.o)
    0x08003984   0x00000046   Code   RO         2360    i._init_box         RTX_CM4.lib(rt_membox.o)
    0x080039ca   0x00000002   PAD
    0x080039cc   0x000006dc   Code   RO         2770    i._printf_core      mc_w.l(printfa.o)
    0x080040a8   0x00000024   Code   RO         2771    i._printf_post_padding  mc_w.l(printfa.o)
    0x080040cc   0x0000002e   Code   RO         2772    i._printf_pre_padding  mc_w.l(printfa.o)
    0x080040fa   0x00000002   PAD
    0x080040fc   0x00000030   Code   RO         2413    i.dbg_init          RTX_CM4.lib(hal_cm.o)
    0x0800412c   0x00000020   Code   RO         2414    i.dbg_task_notify   RTX_CM4.lib(hal_cm.o)
    0x0800414c   0x00000010   Code   RO         2415    i.dbg_task_switch   RTX_CM4.lib(hal_cm.o)
    0x0800415c   0x0000002a   Code   RO         1284    i.isrMessageGet     RTX_CM4.lib(rt_cmsis.o)
    0x08004186   0x0000002c   Code   RO         1285    i.isrMessagePut     RTX_CM4.lib(rt_cmsis.o)
    0x080041b2   0x00000024   Code   RO         1287    i.isrSignalSet      RTX_CM4.lib(rt_cmsis.o)
    0x080041d6   0x00000002   PAD
    0x080041d8   0x00000028   Code   RO         2084    i.isr_evt_set       RTX_CM4.lib(rt_event.o)
    0x08004200   0x00000052   Code   RO         2206    i.isr_mbx_receive   RTX_CM4.lib(rt_mailbox.o)
    0x08004252   0x0000000e   Code   RO         2207    i.isr_mbx_send      RTX_CM4.lib(rt_mailbox.o)
    0x08004260   0x00000018   Code   RO         1288    i.osDelay           RTX_CM4.lib(rt_cmsis.o)
    0x08004278   0x00000024   Code   RO         1289    i.osKernelInitialize  RTX_CM4.lib(rt_cmsis.o)
    0x0800429c   0x0000006c   Code   RO         1291    i.osKernelStart     RTX_CM4.lib(rt_cmsis.o)
    0x08004308   0x00000018   Code   RO         1300    i.osMessageGet      RTX_CM4.lib(rt_cmsis.o)
    0x08004320   0x00000018   Code   RO         1315    i.osSignalSet       RTX_CM4.lib(rt_cmsis.o)
    0x08004338   0x00000030   Code   RO         1317    i.osThreadCreate    RTX_CM4.lib(rt_cmsis.o)
    0x08004368   0x00000018   Code   RO         1318    i.osThreadExit      RTX_CM4.lib(rt_cmsis.o)
    0x08004380   0x0000000c   Code   RO         1324    i.osTimerCall       RTX_CM4.lib(rt_cmsis.o)
    0x0800438c   0x0000002c   Code   RO         1329    i.osTimerThread     RTX_CM4.lib(rt_cmsis.o)
    0x080043b8   0x00000028   Code   RO         1994    i.os_tick_init      RTX_CM4.lib(rt_system.o)
    0x080043e0   0x00000002   Code   RO         1995    i.os_tick_irqack    RTX_CM4.lib(rt_system.o)
    0x080043e2   0x0000001a   Code   RO         2361    i.rt_alloc_box      RTX_CM4.lib(rt_membox.o)
    0x080043fc   0x0000003e   Code   RO         2389    i.rt_alloc_mem      RTX_CM4.lib(rt_memory.o)
    0x0800443a   0x00000002   PAD
    0x0800443c   0x00000038   Code   RO         1909    i.rt_block          RTX_CM4.lib(rt_task.o)
    0x08004474   0x00000048   Code   RO         2466    i.rt_chk_robin      RTX_CM4.lib(rt_robin.o)
    0x080044bc   0x00000070   Code   RO         2130    i.rt_dec_dly        RTX_CM4.lib(rt_list.o)
    0x0800452c   0x00000044   Code   RO         1910    i.rt_dispatch       RTX_CM4.lib(rt_task.o)
    0x08004570   0x00000006   Code   RO         2296    i.rt_dly_wait       RTX_CM4.lib(rt_time.o)
    0x08004576   0x00000002   PAD
    0x08004578   0x00000050   Code   RO         2087    i.rt_evt_psh        RTX_CM4.lib(rt_event.o)
    0x080045c8   0x0000005c   Code   RO         2088    i.rt_evt_set        RTX_CM4.lib(rt_event.o)
    0x08004624   0x0000002c   Code   RO         2362    i.rt_free_box       RTX_CM4.lib(rt_membox.o)
    0x08004650   0x00000028   Code   RO         2390    i.rt_free_mem       RTX_CM4.lib(rt_memory.o)
    0x08004678   0x00000028   Code   RO         2131    i.rt_get_first      RTX_CM4.lib(rt_list.o)
    0x080046a0   0x00000008   Code   RO         1334    i.rt_id2obj         RTX_CM4.lib(rt_cmsis.o)
    0x080046a8   0x00000048   Code   RO         1911    i.rt_init_context   RTX_CM4.lib(rt_task.o)
    0x080046f0   0x0000001a   Code   RO         2391    i.rt_init_mem       RTX_CM4.lib(rt_memory.o)
    0x0800470a   0x00000002   PAD
    0x0800470c   0x00000018   Code   RO         2467    i.rt_init_robin     RTX_CM4.lib(rt_robin.o)
    0x08004724   0x00000080   Code   RO         2416    i.rt_init_stack     RTX_CM4.lib(hal_cm.o)
    0x080047a4   0x00000008   Code   RO         2208    i.rt_mbx_check      RTX_CM4.lib(rt_mailbox.o)
    0x080047ac   0x0000001a   Code   RO         2209    i.rt_mbx_init       RTX_CM4.lib(rt_mailbox.o)
    0x080047c6   0x00000002   PAD
    0x080047c8   0x000000f0   Code   RO         2210    i.rt_mbx_psh        RTX_CM4.lib(rt_mailbox.o)
    0x080048b8   0x000000b4   Code   RO         2212    i.rt_mbx_wait       RTX_CM4.lib(rt_mailbox.o)
    0x0800496c   0x00000044   Code   RO         1335    i.rt_ms2tick        RTX_CM4.lib(rt_cmsis.o)
    0x080049b0   0x0000007c   Code   RO         1998    i.rt_pop_req        RTX_CM4.lib(rt_system.o)
    0x08004a2c   0x00000020   Code   RO         1999    i.rt_psh_req        RTX_CM4.lib(rt_system.o)
    0x08004a4c   0x0000005c   Code   RO         2133    i.rt_psq_enq        RTX_CM4.lib(rt_list.o)
    0x08004aa8   0x00000048   Code   RO         2134    i.rt_put_dly        RTX_CM4.lib(rt_list.o)
    0x08004af0   0x00000036   Code   RO         2135    i.rt_put_prio       RTX_CM4.lib(rt_list.o)
    0x08004b26   0x00000002   PAD
    0x08004b28   0x00000014   Code   RO         2136    i.rt_put_rdy_first  RTX_CM4.lib(rt_list.o)
    0x08004b3c   0x00000034   Code   RO         2137    i.rt_resort_prio    RTX_CM4.lib(rt_list.o)
    0x08004b70   0x00000010   Code   RO         2417    i.rt_ret_regs       RTX_CM4.lib(hal_cm.o)
    0x08004b80   0x0000000c   Code   RO         2418    i.rt_ret_val        RTX_CM4.lib(hal_cm.o)
    0x08004b8c   0x00000010   Code   RO         2419    i.rt_ret_val2       RTX_CM4.lib(hal_cm.o)
    0x08004b9c   0x00000028   Code   RO         2138    i.rt_rmv_dly        RTX_CM4.lib(rt_list.o)
    0x08004bc4   0x00000030   Code   RO         2139    i.rt_rmv_list       RTX_CM4.lib(rt_list.o)
    0x08004bf4   0x00000034   Code   RO         2257    i.rt_sem_psh        RTX_CM4.lib(rt_semaphore.o)
    0x08004c28   0x00000024   Code   RO         2001    i.rt_stk_check      RTX_CM4.lib(rt_system.o)
    0x08004c4c   0x00000028   Code   RO         1912    i.rt_switch_req     RTX_CM4.lib(rt_task.o)
    0x08004c74   0x000000cc   Code   RO         1913    i.rt_sys_init       RTX_CM4.lib(rt_task.o)
    0x08004d40   0x00000078   Code   RO         1914    i.rt_sys_start      RTX_CM4.lib(rt_task.o)
    0x08004db8   0x00000040   Code   RO         2003    i.rt_systick        RTX_CM4.lib(rt_system.o)
    0x08004df8   0x00000012   Code   RO         1336    i.rt_tid2ptcb       RTX_CM4.lib(rt_cmsis.o)
    0x08004e0a   0x00000002   PAD
    0x08004e0c   0x00000034   Code   RO         1337    i.rt_timer_insert   RTX_CM4.lib(rt_cmsis.o)
    0x08004e40   0x00000088   Code   RO         1915    i.rt_tsk_create     RTX_CM4.lib(rt_task.o)
    0x08004ec8   0x00000178   Code   RO         1916    i.rt_tsk_delete     RTX_CM4.lib(rt_task.o)
    0x08005040   0x0000007c   Code   RO         1918    i.rt_tsk_prio       RTX_CM4.lib(rt_task.o)
    0x080050bc   0x00000010   Code   RO         1919    i.rt_tsk_self       RTX_CM4.lib(rt_task.o)
    0x080050cc   0x00000012   Code   RO         1339    i.svcDelay          RTX_CM4.lib(rt_cmsis.o)
    0x080050de   0x00000002   PAD
    0x080050e0   0x00000070   Code   RO         1340    i.svcKernelInitialize  RTX_CM4.lib(rt_cmsis.o)
    0x08005150   0x00000048   Code   RO         1342    i.svcKernelStart    RTX_CM4.lib(rt_cmsis.o)
    0x08005198   0x00000024   Code   RO         1345    i.svcMessageCreate  RTX_CM4.lib(rt_cmsis.o)
    0x080051bc   0x0000003a   Code   RO         1346    i.svcMessageGet     RTX_CM4.lib(rt_cmsis.o)
    0x080051f6   0x00000024   Code   RO         1358    i.svcSignalSet      RTX_CM4.lib(rt_cmsis.o)
    0x0800521a   0x00000002   PAD
    0x0800521c   0x00000070   Code   RO         1360    i.svcThreadCreate   RTX_CM4.lib(rt_cmsis.o)
    0x0800528c   0x0000001c   Code   RO         1361    i.svcThreadGetId    RTX_CM4.lib(rt_cmsis.o)
    0x080052a8   0x00000038   Code   RO         1364    i.svcThreadTerminate  RTX_CM4.lib(rt_cmsis.o)
    0x080052e0   0x00000018   Code   RO         1366    i.svcTimerCall      RTX_CM4.lib(rt_cmsis.o)
    0x080052f8   0x0000005c   Code   RO         1375    i.sysTimerTick      RTX_CM4.lib(rt_cmsis.o)
    0x08005354   0x00000056   Data   RO          469    .constdata          rtx_conf_cm.o
    0x080053aa   0x00000002   PAD
    0x080053ac   0x00000020   Data   RO         2886    Region$$Table       anon$$obj.o


    Execution Region RW_IRAM1 (Base: 0x20000000, Size: 0x000037d8, Max: 0x00020000, ABSOLUTE)

    Base Addr    Size         Type   Attr      Idx    E Section Name        Object

    0x20000000   0x00000020   Data   RW            6    .data               main.o
    0x20000020   0x00000004   Data   RW          416    .data               lsm9ds1.o
    0x20000024   0x00000020   Data   RW          470    .data               rtx_conf_cm.o
    0x20000044   0x00000010   Data   RW         1030    .data               stm32f4xx_rcc.o
    0x20000054   0x00000014   Data   RW         1255    .data               system_stm32f4xx.o
    0x20000068   0x00000008   Data   RW         1378    .data               RTX_CM4.lib(rt_cmsis.o)
    0x20000070   0x00000008   Data   RW         1921    .data               RTX_CM4.lib(rt_task.o)
    0x20000078   0x00000008   Data   RW         2006    .data               RTX_CM4.lib(rt_system.o)
    0x20000080   0x00000004   Data   RW         2300    .data               RTX_CM4.lib(rt_time.o)
    0x20000084   0x00000001   Data   RW         2420    .data               RTX_CM4.lib(hal_cm.o)
    0x20000085   0x00000003   PAD
    0x20000088   0x00000008   Data   RW         2468    .data               RTX_CM4.lib(rt_robin.o)
    0x20000090   0x00000004   Data   RW         2849    .data               mc_w.l(stdout.o)
    0x20000094   0x00000004   PAD
    0x20000098   0x000032d8   Zero   RW          468    .bss                rtx_conf_cm.o
    0x20003370   0x00000034   Zero   RW         1920    .bss                RTX_CM4.lib(rt_task.o)
    0x200033a4   0x00000030   Zero   RW         2140    .bss                RTX_CM4.lib(rt_list.o)
    0x200033d4   0x00000004   PAD
    0x200033d8   0x00000400   Zero   RW         1244    STACK               startup_stm32f40_41xxx.o


==============================================================================

Image component sizes


      Code (inc. data)   RO Data    RW Data    ZI Data      Debug   Object Name

        56          4          0          0          0      27319   fputc_debug.o
      1048         48          0          0          0       2485   initialization.o
      1528         52          0          4          0       4899   lsm9ds1.o
       332         52          0         32          0     331744   main.o
       224         20          0          0          0       2005   misc.o
        54          6         86         32      13016       7382   rtx_conf_cm.o
        36          8        392          0       1024        860   startup_stm32f40_41xxx.o
      1124         24          0          0          0      10874   stm32f4xx_adc.o
       272         10          0          0          0       2475   stm32f4xx_exti.o
       660         44          0          0          0       4345   stm32f4xx_gpio.o
      1588         52          0         16          0      13078   stm32f4xx_rcc.o
      1102         32          0          0          0       7113   stm32f4xx_spi.o
       148         12          0          0          0       1909   stm32f4xx_syscfg.o
      3234         60          0          0          0      23200   stm32f4xx_tim.o
       528         46          0         20          0       1955   system_stm32f4xx.o

    ----------------------------------------------------------------------
     11940        470        512        104      14040     441643   Object Totals
         0          0         32          0          0          0   (incl. Generated)
         6          0          2          0          0          0   (incl. Padding)

    ----------------------------------------------------------------------

      Code (inc. data)   RO Data    RW Data    ZI Data      Debug   Library Member Name

       268         24          0          1          0       4372   hal_cm.o
       408         34          0          0          0        804   hal_cm4.o
      1256        150          0          8          0      36699   rt_cmsis.o
       212         14          0          0          0       1996   rt_event.o
       530         34          0          0         48       8525   rt_list.o
       550         10          0          0          0       4125   rt_mailbox.o
       140          0          0          0          0       2009   rt_membox.o
       128          0          0          0          0       2383   rt_memory.o
        96         22          0          8          0       1206   rt_robin.o
        52          4          0          0          0        605   rt_semaphore.o
       298         52          0          8          0       6379   rt_system.o
      1212        174          0          8         52       9933   rt_task.o
         6          0          0          4          0        668   rt_time.o
         4          4          0          0          0        188   svc_table.o
         0          0          0          0          0          0   entry.o
         0          0          0          0          0          0   entry10a.o
         0          0          0          0          0          0   entry11a.o
         8          4          0          0          0          0   entry2.o
         4          0          0          0          0          0   entry5.o
         0          0          0          0          0          0   entry7b.o
         0          0          0          0          0          0   entry8b.o
        30          0          0          0          0          0   handlers.o
        36          8          0          0          0         68   init.o
         0          0          0          0          0          0   iusefp.o
        30          0          0          0          0         68   llshl.o
        36          0          0          0          0         68   llsshr.o
        32          0          0          0          0         68   llushr.o
      2226         90          0          0          0        444   printfa.o
         0          0          0          4          0          0   stdout.o
        44          0          0          0          0         80   uidiv.o
        98          0          0          0          0         92   uldiv.o
        48          0          0          0          0         68   cdrcmple.o
        56          0          0          0          0         88   d2f.o
       334          0          0          0          0        148   dadd.o
       222          0          0          0          0        100   ddiv.o
       186          0          0          0          0        176   depilogue.o
        48          0          0          0          0         68   dfixul.o
       228          0          0          0          0         96   dmul.o
        38          0          0          0          0         68   f2d.o
       110          0          0          0          0        168   fepilogue.o

    ----------------------------------------------------------------------
      9000        624          0         44        108      81760   Library Totals
        26          0          0          3          8          0   (incl. Padding)

    ----------------------------------------------------------------------

      Code (inc. data)   RO Data    RW Data    ZI Data      Debug   Library Name

      5160        522          0         37        100      79892   RTX_CM4.lib
      2544        102          0          4          0        888   mc_w.l
      1270          0          0          0          0        980   mf_w.l

    ----------------------------------------------------------------------
      9000        624          0         44        108      81760   Library Totals

    ----------------------------------------------------------------------

==============================================================================


      Code (inc. data)   RO Data    RW Data    ZI Data      Debug   

     20940       1094        512        148      14148     511923   Grand Totals
     20940       1094        512        148      14148     511923   ELF Image Totals
     20940       1094        512        148          0          0   ROM Totals

==============================================================================

    Total RO  Size (Code + RO Data)                21452 (  20.95kB)
    Total RW  Size (RW Data + ZI Data)             14296 (  13.96kB)
    Total ROM Size (Code + RO Data + RW Data)      21600 (  21.09kB)

==============================================================================

